09-17 16:39:42.033 V/AwesomePlayer(  270): setDefault
09-17 16:39:42.033 V/AwesomePlayer(  270): reset_l()
09-17 16:39:42.033 V/AwesomePlayer(  270): notifyListner_l() msg (8-MEDIA_STOPPED), ext1 (0), ext2 (0)
09-17 16:39:42.033 V/AwesomePlayer(  270): reset_l() while (mFlags & PREPARING) condition check
09-17 16:39:42.033 V/AwesomePlayer(  270): cancelPlayerEvents (keepNotifications=0)
09-17 16:39:42.033 V/AwesomePlayer(  270): mAudioTrackVector clear
09-17 16:39:42.033 V/AwesomePlayer(  270): reset_l() mAudioPlayer successfully deleted
09-17 16:39:42.033 V/AwesomePlayer(  270): mSecMediaClock clear
09-17 16:39:42.033 V/StagefrightPlayer(  270): StagefrightPlayer
09-17 16:39:42.033 V/AwesomePlayer(  270): setListener
09-17 16:39:42.033 V/StagefrightPlayer(  270): initCheck
09-17 16:39:42.033 V/AwesomePlayer(  270): setAudioSink
09-17 16:39:42.033 V/StagefrightPlayer(  270): setDataSource(28, 0, 7287)
09-17 16:39:42.033 V/AwesomePlayer(  270): reset_l()
09-17 16:39:42.033 V/AwesomePlayer(  270): notifyListner_l() msg (8-MEDIA_STOPPED), ext1 (0), ext2 (0)
09-17 16:39:42.033 V/AudioCache(  270): notify(0xb790a778, 8, 0, 0)
09-17 16:39:42.033 V/AudioCache(  270): ignored
09-17 16:39:42.033 V/AwesomePlayer(  270): reset_l() while (mFlags & PREPARING) condition check
09-17 16:39:42.033 V/AwesomePlayer(  270): cancelPlayerEvents (keepNotifications=0)
09-17 16:39:42.033 V/AwesomePlayer(  270): mAudioTrackVector clear
09-17 16:39:42.033 V/AwesomePlayer(  270): reset_l() mAudioPlayer successfully deleted
09-17 16:39:42.033 V/AwesomePlayer(  270): mSecMediaClock clear
09-17 16:39:42.043 V/AwesomePlayer(  270): track of type 'audio/vorbis' does not publish bitrate
09-17 16:39:42.043 V/AwesomePlayer(  270): mBitrate = -1 bits/sec
09-17 16:39:42.043 W/AwesomePlayer(  270): couldn't get userdata - Weather
09-17 16:39:42.043 W/AwesomePlayer(  270): couldn't get userdata - Authorization 
09-17 16:39:42.043 W/AwesomePlayer(  270): couldn't get userdata - SnapShot 
09-17 16:39:42.043 W/AwesomePlayer(  270): couldn't get userdata - SMRD
09-17 16:39:42.043 I/OggExtractor(  270): OggSource::OggSource() mExtractor ref count = 4
09-17 16:39:42.043 V/AwesomePlayer(  270): current audio track index (0) is added to vector
09-17 16:39:42.043 V/AwesomePlayer(  270): setDataSource_l: Audio(1), Video(0)
09-17 16:39:42.043 I/AwesomePlayer(  270): AwesomePlayer::setDataSource_l():: This is not a DRM content
09-17 16:39:42.043 V/MediaPlayerService(  270): prepare
09-17 16:39:42.043 V/AwesomePlayer(  270): prepareAsync
09-17 16:39:42.043 V/MediaPlayerService(  270): wait for prepare
09-17 16:39:42.043 V/AwesomePlayer(  270): onPrepareAsyncEvent
09-17 16:39:42.043 I/SecMediaClock(  270): SecMediaClock constructor
09-17 16:39:42.043 I/SecMediaClock(  270): reset
09-17 16:39:42.043 V/AwesomePlayer(  270): initAudioDecoder
09-17 16:39:42.043 V/AwesomePlayer(  270): checkOffloadExceptions is true
09-17 16:39:42.043 V/AudioPolicyManagerBase(  270): isOffloadSupported: SR=44100, CM=0x3, Format=0x7000000, StreamType=-1, BitRate=4294967295, duration=286190 us, has_video=0
09-17 16:39:42.043 V/AudioPolicyManagerBase(  270): isOffloadSupported: stream_type != MUSIC, returning false
09-17 16:39:42.043 I/OMXCodec(  270): OMXCodec::Create mime (audio/vorbis), flags (0), matchComponentName ((null)), createEncoder (0)
09-17 16:39:42.043 I/OMXCodec(  270): Attempting to allocate OMX node 'OMX.google.vorbis.decoder'
09-17 16:39:42.043 I/OMX     (  270): mDispatchers.add
09-17 16:39:42.043 I/OMXCodec(  270): Successfully allocated OMX node 'OMX.google.vorbis.decoder'
09-17 16:39:42.043 I/OMXCodec(  270): >>>UHQA initOutputFormat 16
09-17 16:39:42.043 I/OMXCodec(  270): [OMX.google.vorbis.decoder] OMXCodec::start mState=1
09-17 16:39:42.043 I/OMXCodec(  270): [OMX.google.vorbis.decoder] allocating 4 buffers of size 8192 on input port
09-17 16:39:42.043 I/OMXCodec(  270): [OMX.google.vorbis.decoder] allocating 4 buffers of size 32768 on output port
09-17 16:39:42.043 I/OMXCodec(  270): [OMX.google.vorbis.decoder] Now Idle. Component sends idle done Event 
09-17 16:39:42.043 V/AwesomePlayer(  270): finishAsyncPrepare_l
09-17 16:39:42.043 V/AwesomePlayer(  270): notifyListner_l() msg (200-MEDIA_INFO), ext1 (973), ext2 (0)
09-17 16:39:42.043 V/AudioCache(  270): notify(0xb790a778, 200, 973, 0)
09-17 16:39:42.043 V/AudioCache(  270): ignored
09-17 16:39:42.043 V/AwesomePlayer(  270): notifyListner_l() msg (5-MEDIA_SET_VIDEO_SIZE), ext1 (0), ext2 (0)
09-17 16:39:42.043 V/AudioCache(  270): notify(0xb790a778, 5, 0, 0)
09-17 16:39:42.043 V/AudioCache(  270): ignored
09-17 16:39:42.043 V/AwesomePlayer(  270): notifyListner_l() msg (1-MEDIA_PREPARED), ext1 (0), ext2 (0)
09-17 16:39:42.043 V/AudioCache(  270): notify(0xb790a778, 1, 0, 0)
09-17 16:39:42.043 V/AudioCache(  270): prepared
09-17 16:39:42.043 V/AudioCache(  270): wait - success
09-17 16:39:42.043 V/MediaPlayerService(  270): start
09-17 16:39:42.043 V/StagefrightPlayer(  270): start
09-17 16:39:42.043 V/AwesomePlayer(  270): play
09-17 16:39:42.043 V/AwesomePlayer(  270): AwesomePlayer::play_l():: This is not a DRM content
09-17 16:39:42.043 V/AwesomePlayer(  270): startAudioPlayer_l, sendErrorNotification (0)
09-17 16:39:42.043 I/OMXCodec(  270): [OMX.google.vorbis.decoder] 0onCmdComplete  mState =  7
09-17 16:39:42.043 I/OMXCodec(  270): [OMX.google.vorbis.decoder] PORT_DISABLED(1)
09-17 16:39:42.043 I/OMXCodec(  270): >>>UHQA initOutputFormat 16
09-17 16:39:42.043 I/OMXCodec(  270): [OMX.google.vorbis.decoder] allocating 4 buffers of size 32768 on output port
09-17 16:39:42.043 I/AudioPlayer(  270): Audio channels(2)
09-17 16:39:42.043 I/AudioPlayer(  270):  Audioplayer kKeyAudioPCMFormat:1, 2, 0
09-17 16:39:42.043 I/AudioPlayer(  270):  Audioplayer kKeyAudioPCMFormat read fail(2, 1)
09-17 16:39:42.043 V/AudioCache(  270): open(44100, 2, 0x0, 1, 4)
09-17 16:39:42.043 V/AwesomePlayer(  270): notifyListner_l() msg (6-MEDIA_STARTED), ext1 (0), ext2 (0)
09-17 16:39:42.043 V/AudioCache(  270): notify(0xb790a778, 6, 0, 0)
09-17 16:39:42.043 V/AudioCache(  270): ignored
09-17 16:39:42.043 V/AwesomePlayer(  270): addBatteryData
09-17 16:39:42.043 V/MediaPlayerService(  270): wait for playback complete
09-17 16:39:42.053 I/OMXCodec(  270): [OMX.google.vorbis.decoder] End Of Stream
09-17 16:39:42.053 V/AwesomePlayer(  270): postAudioEOS delayUs (0)
09-17 16:39:42.053 V/AwesomePlayer(  270): onCheckAudioStatus
09-17 16:39:42.053 V/AwesomePlayer(  270): onCheckAudioStatus() set AUDIO_AT_EOS flag
09-17 16:39:42.053 V/AwesomePlayer(  270): onStreamDone
09-17 16:39:42.053 V/AwesomePlayer(  270): MEDIA_PLAYBACK_COMPLETE
09-17 16:39:42.053 V/AwesomePlayer(  270): notifyListner_l() msg (2-MEDIA_PLAYBACK_COMPLETE), ext1 (0), ext2 (0)
09-17 16:39:42.053 V/AudioCache(  270): notify(0xb790a778, 2, 0, 0)
09-17 16:39:42.053 V/AudioCache(  270): playback complete - thread will wake up later
09-17 16:39:42.053 V/AwesomePlayer(  270): notifyListner_l() msg (7-MEDIA_PAUSED), ext1 (0), ext2 (0)
09-17 16:39:42.053 V/AudioCache(  270): notify(0xb790a778, 7, 0, 0)
09-17 16:39:42.053 V/AudioCache(  270): ignored
09-17 16:39:42.053 V/AwesomePlayer(  270): cancelPlayerEvents (keepNotifications=1)
09-17 16:39:42.053 V/AwesomePlayer(  270): addBatteryData
09-17 16:39:42.053 V/AudioCache(  270): wait - success
09-17 16:39:42.053 V/StagefrightPlayer(  270): reset
09-17 16:39:42.053 V/AwesomePlayer(  270): reset_l()
09-17 16:39:42.053 V/AwesomePlayer(  270): notifyListner_l() msg (8-MEDIA_STOPPED), ext1 (0), ext2 (0)
09-17 16:39:42.053 V/AudioCache(  270): notify(0xb790a778, 8, 0, 0)
09-17 16:39:42.053 V/AudioCache(  270): ignored
09-17 16:39:42.053 V/AwesomePlayer(  270): reset_l() while (mFlags & PREPARING) condition check
09-17 16:39:42.053 V/AwesomePlayer(  270): cancelPlayerEvents (keepNotifications=0)
09-17 16:39:42.053 V/AwesomePlayer(  270): mAudioTrackVector clear
09-17 16:39:42.053 I/OMXCodec(  270): [OMX.google.vorbis.decoder] stop mState=4
09-17 16:39:42.053 I/OMXCodec(  270): [OMX.google.vorbis.decoder] stop() sendCommand(0x7, OMX_CommandStateSet, OMX_StateIdle)
09-17 16:39:42.053 I/OMXCodec(  270): [OMX.google.vorbis.decoder] Now Idle. Component sends idle done Event 
09-17 16:39:42.053 I/OMXCodec(  270): [OMX.google.vorbis.decoder] stopOmxComponent_l() mstate = 1
09-17 16:39:42.053 I/OggExtractor(  270): OggSource::stop() mExtractor ref count = 1
09-17 16:39:42.053 I/OggExtractor(  270): OggSource::~OggSource() mExtractor !mStarted ref count = 1
09-17 16:39:42.053 I/OggExtractor(  270): ~OggSource --
09-17 16:39:42.053 I/OggExtractor(  270): ~OggExtractor ++
09-17 16:39:42.053 I/OggExtractor(  270): ~MyVorbisExtractor ++ 
09-17 16:39:42.053 I/OggExtractor(  270): ~MyVorbisExtractor --
09-17 16:39:42.053 I/OggExtractor(  270): ~OggExtractor --
09-17 16:39:42.053 I/OMX     (  270): instance freeNode
09-17 16:39:42.053 I/AudioPlayer(  270): reset out
09-17 16:39:42.053 V/AwesomePlayer(  270): reset_l() mAudioPlayer successfully deleted
09-17 16:39:42.053 I/SecMediaClock(  270): SecMediaClock destructor
09-17 16:39:42.053 V/AwesomePlayer(  270): mSecMediaClock clear
09-17 16:39:42.053 V/StagefrightPlayer(  270): ~StagefrightPlayer
09-17 16:39:42.053 V/StagefrightPlayer(  270): reset
09-17 16:39:42.053 V/AwesomePlayer(  270): reset_l()
09-17 16:39:42.053 V/AwesomePlayer(  270): notifyListner_l() msg (8-MEDIA_STOPPED), ext1 (0), ext2 (0)
09-17 16:39:42.053 V/AwesomePlayer(  270): reset_l() while (mFlags & PREPARING) condition check
09-17 16:39:42.053 V/AwesomePlayer(  270): cancelPlayerEvents (keepNotifications=0)
09-17 16:39:42.053 V/AwesomePlayer(  270): mAudioTrackVector clear
09-17 16:39:42.053 V/AwesomePlayer(  270): reset_l() mAudioPlayer successfully deleted
09-17 16:39:42.053 V/AwesomePlayer(  270): mSecMediaClock clear
09-17 16:39:42.053 V/AwesomePlayer(  270): destructor
09-17 16:39:42.053 V/AwesomePlayer(  270): reset_l()
09-17 16:39:42.053 V/AwesomePlayer(  270): notifyListner_l() msg (8-MEDIA_STOPPED), ext1 (0), ext2 (0)
09-17 16:39:42.053 V/AwesomePlayer(  270): reset_l() while (mFlags & PREPARING) condition check
09-17 16:39:42.053 V/AwesomePlayer(  270): cancelPlayerEvents (keepNotifications=0)
09-17 16:39:42.053 V/AwesomePlayer(  270): mAudioTrackVector clear
09-17 16:39:42.053 V/AwesomePlayer(  270): reset_l() mAudioPlayer successfully deleted
09-17 16:39:42.053 V/AwesomePlayer(  270): mSecMediaClock clear
09-17 16:39:42.053 V/MediaPlayer( 1042): decode(57, 0, 6907)
09-17 16:39:42.053 V/MediaPlayerService(  270): decode(28, 0, 6907)
09-17 16:39:42.053 V/MediaPlayerService(  270): player type = 3
09-17 16:39:42.053 V/AwesomePlayer(  270): setDefault
09-17 16:39:42.053 V/AwesomePlayer(  270): constructor
09-17 16:39:42.053 V/AwesomePlayer(  270): setDefault
09-17 16:39:42.053 V/AwesomePlayer(  270): reset_l()
09-17 16:39:42.053 V/AwesomePlayer(  270): notifyListner_l() msg (8-MEDIA_STOPPED), ext1 (0), ext2 (0)
09-17 16:39:42.053 V/AwesomePlayer(  270): reset_l() while (mFlags & PREPARING) condition check
09-17 16:39:42.053 V/AwesomePlayer(  270): cancelPlayerEvents (keepNotifications=0)
09-17 16:39:42.053 V/AwesomePlayer(  270): mAudioTrackVector clear
09-17 16:39:42.053 V/AwesomePlayer(  270): reset_l() mAudioPlayer successfully deleted
09-17 16:39:42.053 V/AwesomePlayer(  270): mSecMediaClock clear
09-17 16:39:42.053 V/StagefrightPlayer(  270): StagefrightPlayer
09-17 16:39:42.053 V/AwesomePlayer(  270): setListener
09-17 16:39:42.053 V/StagefrightPlayer(  270): initCheck
09-17 16:39:42.053 V/AwesomePlayer(  270): setAudioSink
09-17 16:39:42.053 V/StagefrightPlayer(  270): setDataSource(28, 0, 6907)
09-17 16:39:42.053 V/AwesomePlayer(  270): reset_l()
09-17 16:39:42.053 V/AwesomePlayer(  270): notifyListner_l() msg (8-MEDIA_STOPPED), ext1 (0), ext2 (0)
09-17 16:39:42.053 V/AudioCache(  270): notify(0xb790dd48, 8, 0, 0)
09-17 16:39:42.053 V/AudioCache(  270): ignored
09-17 16:39:42.053 V/AwesomePlayer(  270): reset_l() while (mFlags & PREPARING) condition check
09-17 16:39:42.053 V/AwesomePlayer(  270): cancelPlayerEvents (keepNotifications=0)
09-17 16:39:42.053 V/AwesomePlayer(  270): mAudioTrackVector clear
09-17 16:39:42.053 V/AwesomePlayer(  270): reset_l() mAudioPlayer successfully deleted
09-17 16:39:42.053 V/AwesomePlayer(  270): mSecMediaClock clear
09-17 16:39:42.053 V/AwesomePlayer(  270): track of type 'audio/vorbis' does not publish bitrate
09-17 16:39:42.053 V/AwesomePlayer(  270): mBitrate = -1 bits/sec
09-17 16:39:42.053 W/AwesomePlayer(  270): couldn't get userdata - Weather
09-17 16:39:42.053 W/AwesomePlayer(  270): couldn't get userdata - Authorization 
09-17 16:39:42.053 W/AwesomePlayer(  270): couldn't get userdata - SnapShot 
09-17 16:39:42.053 W/AwesomePlayer(  270): couldn't get userdata - SMRD
09-17 16:39:42.053 I/OggExtractor(  270): OggSource::OggSource() mExtractor ref count = 4
09-17 16:39:42.053 V/AwesomePlayer(  270): current audio track index (0) is added to vector
09-17 16:39:42.053 V/AwesomePlayer(  270): setDataSource_l: Audio(1), Video(0)
09-17 16:39:42.053 I/AwesomePlayer(  270): AwesomePlayer::setDataSource_l():: This is not a DRM content
09-17 16:39:42.053 V/MediaPlayerService(  270): prepare
09-17 16:39:42.053 V/AwesomePlayer(  270): prepareAsync
09-17 16:39:42.053 V/MediaPlayerService(  270): wait for prepare
09-17 16:39:42.053 V/AwesomePlayer(  270): onPrepareAsyncEvent
09-17 16:39:42.053 I/SecMediaClock(  270): SecMediaClock constructor
09-17 16:39:42.053 I/SecMediaClock(  270): reset
09-17 16:39:42.053 V/AwesomePlayer(  270): initAudioDecoder
09-17 16:39:42.053 V/AwesomePlayer(  270): checkOffloadExceptions is true
09-17 16:39:42.053 V/AudioPolicyManagerBase(  270): isOffloadSupported: SR=44100, CM=0x3, Format=0x7000000, StreamType=-1, BitRate=4294967295, duration=259002 us, has_video=0
09-17 16:39:42.053 V/AudioPolicyManagerBase(  270): isOffloadSupported: stream_type != MUSIC, returning false
09-17 16:39:42.053 I/OMXCodec(  270): OMXCodec::Create mime (audio/vorbis), flags (0), matchComponentName ((null)), createEncoder (0)
09-17 16:39:42.053 I/OMXCodec(  270): Attempting to allocate OMX node 'OMX.google.vorbis.decoder'
09-17 16:39:42.053 I/OMX     (  270): mDispatchers.add
09-17 16:39:42.053 I/OMXCodec(  270): Successfully allocated OMX node 'OMX.google.vorbis.decoder'
09-17 16:39:42.053 I/OMXCodec(  270): >>>UHQA initOutputFormat 16
09-17 16:39:42.053 I/OMXCodec(  270): [OMX.google.vorbis.decoder] OMXCodec::start mState=1
09-17 16:39:42.053 I/OMXCodec(  270): [OMX.google.vorbis.decoder] allocating 4 buffers of size 8192 on input port
09-17 16:39:42.063 I/OMXCodec(  270): [OMX.google.vorbis.decoder] allocating 4 buffers of size 32768 on output port
09-17 16:39:42.063 I/OMXCodec(  270): [OMX.google.vorbis.decoder] Now Idle. Component sends idle done Event 
09-17 16:39:42.063 V/AwesomePlayer(  270): finishAsyncPrepare_l
09-17 16:39:42.063 V/AwesomePlayer(  270): notifyListner_l() msg (200-MEDIA_INFO), ext1 (973), ext2 (0)
09-17 16:39:42.063 V/AudioCache(  270): notify(0xb790dd48, 200, 973, 0)
09-17 16:39:42.063 V/AudioCache(  270): ignored
09-17 16:39:42.063 V/AwesomePlayer(  270): notifyListner_l() msg (5-MEDIA_SET_VIDEO_SIZE), ext1 (0), ext2 (0)
09-17 16:39:42.063 V/AudioCache(  270): notify(0xb790dd48, 5, 0, 0)
09-17 16:39:42.063 V/AudioCache(  270): ignored
09-17 16:39:42.063 V/AwesomePlayer(  270): notifyListner_l() msg (1-MEDIA_PREPARED), ext1 (0), ext2 (0)
09-17 16:39:42.063 V/AudioCache(  270): notify(0xb790dd48, 1, 0, 0)
09-17 16:39:42.063 V/AudioCache(  270): prepared
09-17 16:39:42.063 V/AudioCache(  270): wait - success
09-17 16:39:42.063 V/MediaPlayerService(  270): start
09-17 16:39:42.063 V/StagefrightPlayer(  270): start
09-17 16:39:42.063 V/AwesomePlayer(  270): play
09-17 16:39:42.063 V/AwesomePlayer(  270): AwesomePlayer::play_l():: This is not a DRM content
09-17 16:39:42.063 V/AwesomePlayer(  270): startAudioPlayer_l, sendErrorNotification (0)
09-17 16:39:42.063 I/OMXCodec(  270): [OMX.google.vorbis.decoder] 0onCmdComplete  mState =  7
09-17 16:39:42.063 I/OMXCodec(  270): [OMX.google.vorbis.decoder] PORT_DISABLED(1)
09-17 16:39:42.063 I/OMXCodec(  270): >>>UHQA initOutputFormat 16
09-17 16:39:42.063 I/OMXCodec(  270): [OMX.google.vorbis.decoder] allocating 4 buffers of size 32768 on output port
09-17 16:39:42.063 I/AudioPlayer(  270): Audio channels(2)
09-17 16:39:42.063 I/AudioPlayer(  270):  Audioplayer kKeyAudioPCMFormat:1, 2, 0
09-17 16:39:42.063 I/AudioPlayer(  270):  Audioplayer kKeyAudioPCMFormat read fail(2, 1)
09-17 16:39:42.063 V/AudioCache(  270): open(44100, 2, 0x0, 1, 4)
09-17 16:39:42.063 V/AwesomePlayer(  270): notifyListner_l() msg (6-MEDIA_STARTED), ext1 (0), ext2 (0)
09-17 16:39:42.063 V/AudioCache(  270): notify(0xb790dd48, 6, 0, 0)
09-17 16:39:42.063 V/AudioCache(  270): ignored
09-17 16:39:42.063 V/AwesomePlayer(  270): addBatteryData
09-17 16:39:42.063 V/MediaPlayerService(  270): wait for playback complete
09-17 16:39:42.063 I/OMXCodec(  270): [OMX.google.vorbis.decoder] End Of Stream
09-17 16:39:42.063 V/AwesomePlayer(  270): postAudioEOS delayUs (0)
09-17 16:39:42.063 V/AwesomePlayer(  270): onCheckAudioStatus
09-17 16:39:42.063 V/AwesomePlayer(  270): onCheckAudioStatus() set AUDIO_AT_EOS flag
09-17 16:39:42.063 V/AwesomePlayer(  270): onStreamDone
09-17 16:39:42.063 V/AwesomePlayer(  270): MEDIA_PLAYBACK_COMPLETE
09-17 16:39:42.063 V/AwesomePlayer(  270): notifyListner_l() msg (2-MEDIA_PLAYBACK_COMPLETE), ext1 (0), ext2 (0)
09-17 16:39:42.063 V/AudioCache(  270): notify(0xb790dd48, 2, 0, 0)
09-17 16:39:42.063 V/AudioCache(  270): playback complete - thread will wake up later
09-17 16:39:42.063 V/AwesomePlayer(  270): notifyListner_l() msg (7-MEDIA_PAUSED), ext1 (0), ext2 (0)
09-17 16:39:42.063 V/AudioCache(  270): notify(0xb790dd48, 7, 0, 0)
09-17 16:39:42.063 V/AudioCache(  270): ignored
09-17 16:39:42.063 V/AwesomePlayer(  270): cancelPlayerEvents (keepNotifications=1)
09-17 16:39:42.063 V/AwesomePlayer(  270): addBatteryData
09-17 16:39:42.063 V/AudioCache(  270): wait - success
09-17 16:39:42.063 V/StagefrightPlayer(  270): reset
09-17 16:39:42.063 V/AwesomePlayer(  270): reset_l()
09-17 16:39:42.063 V/AwesomePlayer(  270): notifyListner_l() msg (8-MEDIA_STOPPED), ext1 (0), ext2 (0)
09-17 16:39:42.063 V/AudioCache(  270): notify(0xb790dd48, 8, 0, 0)
09-17 16:39:42.063 V/AudioCache(  270): ignored
09-17 16:39:42.063 V/AwesomePlayer(  270): reset_l() while (mFlags & PREPARING) condition check
09-17 16:39:42.063 V/AwesomePlayer(  270): cancelPlayerEvents (keepNotifications=0)
09-17 16:39:42.063 V/AwesomePlayer(  270): mAudioTrackVector clear
09-17 16:39:42.063 I/OMXCodec(  270): [OMX.google.vorbis.decoder] stop mState=4
09-17 16:39:42.063 I/OMXCodec(  270): [OMX.google.vorbis.decoder] stop() sendCommand(0x8, OMX_CommandStateSet, OMX_StateIdle)
09-17 16:39:42.063 I/OMXCodec(  270): [OMX.google.vorbis.decoder] Now Idle. Component sends idle done Event 
09-17 16:39:42.063 I/OMXCodec(  270): [OMX.google.vorbis.decoder] stopOmxComponent_l() mstate = 1
09-17 16:39:42.063 I/OggExtractor(  270): OggSource::stop() mExtractor ref count = 1
09-17 16:39:42.063 I/OggExtractor(  270): OggSource::~OggSource() mExtractor !mStarted ref count = 1
09-17 16:39:42.063 I/OggExtractor(  270): ~OggSource --
09-17 16:39:42.063 I/OggExtractor(  270): ~OggExtractor ++
09-17 16:39:42.063 I/OggExtractor(  270): ~MyVorbisExtractor ++ 
09-17 16:39:42.063 I/OggExtractor(  270): ~MyVorbisExtractor --
09-17 16:39:42.063 I/OggExtractor(  270): ~OggExtractor --
09-17 16:39:42.063 I/OMX     (  270): instance freeNode
09-17 16:39:42.063 I/AudioPlayer(  270): reset out
09-17 16:39:42.063 V/AwesomePlayer(  270): reset_l() mAudioPlayer successfully deleted
09-17 16:39:42.063 I/SecMediaClock(  270): SecMediaClock destructor
09-17 16:39:42.063 V/AwesomePlayer(  270): mSecMediaClock clear
09-17 16:39:42.063 V/StagefrightPlayer(  270): ~StagefrightPlayer
09-17 16:39:42.063 V/StagefrightPlayer(  270): reset
09-17 16:39:42.063 V/AwesomePlayer(  270): reset_l()
09-17 16:39:42.063 V/AwesomePlayer(  270): notifyListner_l() msg (8-MEDIA_STOPPED), ext1 (0), ext2 (0)
09-17 16:39:42.063 V/AwesomePlayer(  270): reset_l() while (mFlags & PREPARING) condition check
09-17 16:39:42.063 V/AwesomePlayer(  270): cancelPlayerEvents (keepNotifications=0)
09-17 16:39:42.063 V/AwesomePlayer(  270): mAudioTrackVector clear
09-17 16:39:42.063 V/AwesomePlayer(  270): reset_l() mAudioPlayer successfully deleted
09-17 16:39:42.063 V/AwesomePlayer(  270): mSecMediaClock clear
09-17 16:39:42.063 V/AwesomePlayer(  270): destructor
09-17 16:39:42.063 V/AwesomePlayer(  270): reset_l()
09-17 16:39:42.063 V/AwesomePlayer(  270): notifyListner_l() msg (8-MEDIA_STOPPED), ext1 (0), ext2 (0)
09-17 16:39:42.063 V/AwesomePlayer(  270): reset_l() while (mFlags & PREPARING) condition check
09-17 16:39:42.063 V/AwesomePlayer(  270): cancelPlayerEvents (keepNotifications=0)
09-17 16:39:42.063 V/AwesomePlayer(  270): mAudioTrackVector clear
09-17 16:39:42.063 V/AwesomePlayer(  270): reset_l() mAudioPlayer successfully deleted
09-17 16:39:42.063 V/AwesomePlayer(  270): mSecMediaClock clear
09-17 16:39:42.153 D/EnterpriseDeviceManager(  815): ContainerId: 0
09-17 16:39:42.193 D/SViewCoverPager( 1013): [widthMeasureSpec, heightMeasureSpec] = [1073742826, 1073742778]
09-17 16:39:42.193 D/UsbDeviceManager(  815): systemReady
09-17 16:39:42.193 D/UsbDeviceManager(  815): systemReady : mAdbEnabled = true, mUseUsbNotification = true
09-17 16:39:42.193 D/UsbHostManager(  815): systemReady
09-17 16:39:42.193 D/UsbDeviceManager(  815): handleMessage -> MSG_SYSTEM_READY
09-17 16:39:42.193 D/UsbDeviceManager(  815): updateUsbNotification : mConnected = true, mConfigured = true, mCurrentFunctions = mtp,adb
09-17 16:39:42.193 D/UsbDeviceManager(  815): isUsb30Enabled: read '/sys/class/android_usb/android0/bcdUSB', state = 0210
09-17 16:39:42.193 D/UsbDeviceManager(  815): isUsb30Enabled: read '/sys/class/android_usb/android0/bcdUSB', state = 0210
09-17 16:39:42.193 D/UiModeManager(  815): mCoverManager.getCoverState() : true
09-17 16:39:42.193 I/ActivityManager(  815): Config changes=200 {0 1.0 ?mcc?mnc zh_CN ldltr sw360dp w360dp h615dp 480dpi nrml long port finger -keyb/v/h -nav/h s.5}
09-17 16:39:42.193 W/RecognitionManagerService(  815): no available voice recognition services found for user 0
09-17 16:39:42.193 E/SmartFaceService(  815): onReceive: android.intent.action.CONFIGURATION_CHANGED
09-17 16:39:42.193 E/SmartFaceService(  815): mFolderCoverOpened: (true, true) -> true
09-17 16:39:42.193 E/Watchdog(  815): !@Sync 0
09-17 16:39:42.203 W/ApplicationPackageManager(  815): getCSCPackageItemText()
09-17 16:39:42.203 W/ApplicationPackageManager(  815): getCSCPackageItemText()
09-17 16:39:42.203 D/SViewCoverPager( 1013): [widthMeasureSpec, heightMeasureSpec] = [1073742826, 1073742703]
09-17 16:39:42.203 W/ApplicationPackageManager(  815): getCSCPackageItemText()
09-17 16:39:42.203 W/ApplicationPackageManager(  815): getCSCPackageItemText()
09-17 16:39:42.203 W/ApplicationPackageManager(  815): getCSCPackageItemText()
09-17 16:39:42.203 D/UsbDeviceManager(  815): updateUsbNotification : notify id = 17041157, title = 
09-17 16:39:42.203 D/UsbDeviceManager(  815): sending intent : ACTION_USB_CABLE_STATE : connected = false
09-17 16:39:42.203 D/UsbDeviceManager(  815): sending intent : ACTION_USB_STATE : connected = true, configured = true, functions = mtp,adb
09-17 16:39:42.213 W/ApplicationPackageManager(  815): getCSCPackageItemText()
09-17 16:39:42.213 W/ApplicationPackageManager(  815): getCSCPackageItemText()
09-17 16:39:42.213 W/ApplicationPackageManager(  815): getCSCPackageItemText()
09-17 16:39:42.213 W/ApplicationPackageManager(  815): getCSCPackageItemText()
09-17 16:39:42.213 I/SELinux ( 1134): Function: selinux_android_load_priority [0], There is no sepolicy file.
09-17 16:39:42.213 I/SELinux ( 1134):  
09-17 16:39:42.213 I/SELinux ( 1134): Function: selinux_android_load_priority [1], There is no sepolicy version file.
09-17 16:39:42.213 I/SELinux ( 1134):  
09-17 16:39:42.213 I/SELinux ( 1134): Function: selinux_android_load_priority , loading version is VE=SEPF_SM-N9008_4.4.2_0018
09-17 16:39:42.213 I/SELinux ( 1134):  
09-17 16:39:42.213 I/SELinux ( 1134):  
09-17 16:39:42.213 I/SELinux ( 1134): selinux_android_seapp_context_reload: seapp_contexts file is loaded from /seapp_contexts
09-17 16:39:42.213 W/ApplicationPackageManager(  815): getCSCPackageItemText()
09-17 16:39:42.213 W/ApplicationPackageManager(  815): getCSCPackageItemText()
09-17 16:39:42.223 W/ApplicationPackageManager(  815): getCSCPackageItemText()
09-17 16:39:42.223 W/ApplicationPackageManager(  815): getCSCPackageItemText()
09-17 16:39:42.223 W/ApplicationPackageManager(  815): getCSCPackageItemText()
09-17 16:39:42.223 W/ApplicationPackageManager(  815): getCSCPackageItemText()
09-17 16:39:42.223 W/ApplicationPackageManager(  815): getCSCPackageItemText()
09-17 16:39:42.233 W/ApplicationPackageManager(  815): getCSCPackageItemText()
09-17 16:39:42.233 W/ApplicationPackageManager(  815): getCSCPackageItemText()
09-17 16:39:42.233 W/ApplicationPackageManager(  815): getCSCPackageItemText()
09-17 16:39:42.233 W/ApplicationPackageManager(  815): getCSCPackageItemText()
09-17 16:39:42.233 W/ApplicationPackageManager(  815): getCSCPackageItemText()
09-17 16:39:42.233 W/ApplicationPackageManager(  815): getCSCPackageItemText()
09-17 16:39:42.233 W/ApplicationPackageManager(  815): getCSCPackageItemText()
09-17 16:39:42.243 W/ApplicationPackageManager(  815): getCSCPackageItemText()
09-17 16:39:42.243 W/ApplicationPackageManager(  815): getCSCPackageItemText()
09-17 16:39:42.243 W/ApplicationPackageManager(  815): getCSCPackageItemText()
09-17 16:39:42.243 W/ApplicationPackageManager(  815): getCSCPackageItemText()
09-17 16:39:42.243 W/ApplicationPackageManager(  815): getCSCPackageItemText()
09-17 16:39:42.243 W/ApplicationPackageManager(  815): getCSCPackageItemText()
09-17 16:39:42.253 W/ApplicationPackageManager(  815): getCSCPackageItemText()
09-17 16:39:42.253 W/ApplicationPackageManager(  815): getCSCPackageItemText()
09-17 16:39:42.263 W/ApplicationPackageManager(  815): getCSCPackageItemText()
09-17 16:39:42.263 W/ApplicationPackageManager(  815): getCSCPackageItemText()
09-17 16:39:42.263 W/EDMNativeHelper(  257): EDMNativeHelperService is published
09-17 16:39:42.263 W/ApplicationPackageManager(  815): getCSCPackageItemText()
09-17 16:39:42.263 E/MTPRx   ( 1134): In MtpReceiverandroid.hardware.usb.action.USB_STATE
09-17 16:39:42.263 E/MTPRx   ( 1134): check value of boot_completed is
09-17 16:39:42.263 E/MTPRx   ( 1134): check booting is not completed_sys.boot_completed, so just return
09-17 16:39:42.263 W/ApplicationPackageManager(  815): getCSCPackageItemText()
09-17 16:39:42.273 W/ApplicationPackageManager(  815): getCSCPackageItemText()
09-17 16:39:42.273 I/SELinux ( 1146): Function: selinux_android_load_priority [0], There is no sepolicy file.
09-17 16:39:42.273 I/SELinux ( 1146):  
09-17 16:39:42.273 I/SELinux ( 1146): Function: selinux_android_load_priority [1], There is no sepolicy version file.
09-17 16:39:42.273 I/SELinux ( 1146):  
09-17 16:39:42.273 I/SELinux ( 1146): Function: selinux_android_load_priority , loading version is VE=SEPF_SM-N9008_4.4.2_0018
09-17 16:39:42.273 I/SELinux ( 1146):  
09-17 16:39:42.273 I/SELinux ( 1146):  
09-17 16:39:42.273 I/SELinux ( 1146): selinux_android_seapp_context_reload: seapp_contexts file is loaded from /seapp_contexts
09-17 16:39:42.273 W/ApplicationPackageManager(  815): getCSCPackageItemText()
09-17 16:39:42.273 W/ApplicationPackageManager(  815): getCSCPackageItemText()
09-17 16:39:42.273 W/ApplicationPackageManager(  815): getCSCPackageItemText()
09-17 16:39:42.283 W/ApplicationPackageManager(  815): getCSCPackageItemText()
09-17 16:39:42.283 W/ApplicationPackageManager(  815): getCSCPackageItemText()
09-17 16:39:42.283 W/ApplicationPackageManager(  815): getCSCPackageItemText()
09-17 16:39:42.283 W/ApplicationPackageManager(  815): getCSCPackageItemText()
09-17 16:39:42.283 W/ApplicationPackageManager(  815): getCSCPackageItemText()
09-17 16:39:42.293 W/ApplicationPackageManager(  815): getCSCPackageItemText()
09-17 16:39:42.293 W/ApplicationPackageManager(  815): getCSCPackageItemText()
09-17 16:39:42.303 W/ApplicationPackageManager(  815): getCSCPackageItemText()
09-17 16:39:42.303 W/InputMethodManagerService(  815): Ignoring setImeWindowStatus of uid 1000 token: null
09-17 16:39:42.313 D/LocationManagerService(  815): systemReady()
09-17 16:39:42.313 D/LocationBlacklist(  815): whitelist: []
09-17 16:39:42.313 D/LocationBlacklist(  815): blacklist: []
09-17 16:39:42.323 D/WaterColor_KeyguardEffectView( 1042): pBitmap.width = 1920, pBitmap.height = 1920
09-17 16:39:42.323 D/WaterColor_WaterColorView( 1042): setBackground
09-17 16:39:42.323 V/KeyguardService( 1042): onCreate()
09-17 16:39:42.333 D/dalvikvm(  815): GC_CONCURRENT freed 2189K, 14% free 25560K/29532K, paused 2ms+6ms, total 84ms
09-17 16:39:42.343 E/LocSvc_utils_cfg(  815): D/loc_read_conf: using /etc/sap.conf
09-17 16:39:42.343 E/LocSvc_utils_cfg(  815): D/loc_set_config_entry: PARAM SENSOR_ACCEL_BATCHES_PER_SEC = 3
09-17 16:39:42.343 E/LocSvc_utils_cfg(  815): D/loc_set_config_entry: PARAM SENSOR_ACCEL_SAMPLES_PER_BATCH = 5
09-17 16:39:42.343 E/LocSvc_utils_cfg(  815): D/loc_set_config_entry: PARAM SENSOR_GYRO_BATCHES_PER_SEC = 3
09-17 16:39:42.343 E/LocSvc_utils_cfg(  815): D/loc_set_config_entry: PARAM SENSOR_GYRO_SAMPLES_PER_BATCH = 5
09-17 16:39:42.343 E/LocSvc_utils_cfg(  815): D/loc_set_config_entry: PARAM SENSOR_ACCEL_BATCHES_PER_SEC_HIGH = 4
09-17 16:39:42.343 E/LocSvc_utils_cfg(  815): D/loc_set_config_entry: PARAM SENSOR_ACCEL_SAMPLES_PER_BATCH_HIGH = 25
09-17 16:39:42.343 E/LocSvc_utils_cfg(  815): D/loc_set_config_entry: PARAM SENSOR_GYRO_BATCHES_PER_SEC_HIGH = 4
09-17 16:39:42.343 E/LocSvc_utils_cfg(  815): D/loc_set_config_entry: PARAM SENSOR_GYRO_SAMPLES_PER_BATCH_HIGH = 25
09-17 16:39:42.343 E/LocSvc_utils_cfg(  815): D/loc_set_config_entry: PARAM SENSOR_CONTROL_MODE = 0
09-17 16:39:42.343 E/LocSvc_utils_cfg(  815): D/loc_set_config_entry: PARAM SENSOR_USAGE = 0
09-17 16:39:42.343 E/LocSvc_utils_cfg(  815): D/loc_set_config_entry: PARAM SENSOR_ALGORITHM_CONFIG_MASK = 1
09-17 16:39:42.343 E/        (  815): D/qca1530: detected=false
09-17 16:39:42.343 E/        (  815): D/cat /sys/devices/soc0/hw_platform: Surf
09-17 16:39:42.343 E/        (  815): D/cat /sys/devices/soc0/soc_id: 185
09-17 16:39:42.343 E/        (  815): W/open failed: /dev/mdm: No such file or directory
09-17 16:39:42.343 E/        (  815): D/HAL: loc_get_target returned -1
09-17 16:39:42.343 E/LocSvc_afw(  815): D/Target name check returned  GNSS_UNKNOWN with SSC
09-17 16:39:42.343 E/LocSvc_afw(  815): W/get_extension: Invalid interface passed in
09-17 16:39:42.353 D/SystemUIService( 1042): loading: class com.android.systemui.recent.Recents
09-17 16:39:42.353 D/SystemUIService( 1042): running: com.android.systemui.recent.Recents@429d1560
09-17 16:39:42.353 D/SystemUIService( 1042): loading: class com.android.systemui.statusbar.SystemBars
09-17 16:39:42.353 D/SystemUIService( 1042): running: com.android.systemui.statusbar.SystemBars@429d80a0
09-17 16:39:42.353 D/SystemUIService( 1042): loading: class com.android.systemui.usb.StorageNotification
09-17 16:39:42.353 D/SystemUIService( 1042): running: com.android.systemui.usb.StorageNotification@429dc328
09-17 16:39:42.353 E/CellGeofenceProvider(  815): CELL_GEOFENCE: JNI samsung_cellgeofence_SecGeofenceProvider_class_init_native erro != 0
09-17 16:39:42.353 D/CellGeofenceProvider(  815): CellGeofenceProvider is enabled
09-17 16:39:42.353 D/LocationManagerService(  815): certificates for location providers pulled from: [com.baidu.map.location, com.android.location.fused]
09-17 16:39:42.353 D/StorageNotification( 1042): Startup with UMS connection false (media state mounted)
09-17 16:39:42.363 D/LocationManagerService(  815): Found fallback provider: com.android.location.fused
09-17 16:39:42.363 I/SELinux ( 1146): Function: selinux_android_load_priority [0], There is no sepolicy file.
09-17 16:39:42.363 I/SELinux ( 1146):  
09-17 16:39:42.363 I/SELinux ( 1146): Function: selinux_android_load_priority [1], There is no sepolicy version file.
09-17 16:39:42.363 I/SELinux ( 1146):  
09-17 16:39:42.363 I/SELinux ( 1146): Function: selinux_android_load_priority , loading version is VE=SEPF_SM-N9008_4.4.2_0018
09-17 16:39:42.363 I/SELinux ( 1146):  
09-17 16:39:42.363 I/SELinux ( 1146):  
09-17 16:39:42.363 I/SELinux ( 1160): Function: selinux_android_load_priority [0], There is no sepolicy file.
09-17 16:39:42.363 I/SELinux ( 1160):  
09-17 16:39:42.363 I/SELinux ( 1160): Function: selinux_android_load_priority [1], There is no sepolicy version file.
09-17 16:39:42.363 I/SELinux ( 1160):  
09-17 16:39:42.363 I/SELinux ( 1160): Function: selinux_android_load_priority , loading version is VE=SEPF_SM-N9008_4.4.2_0018
09-17 16:39:42.363 I/SELinux ( 1160):  
09-17 16:39:42.363 I/SELinux ( 1160):  
09-17 16:39:42.363 I/SELinux ( 1160): selinux_android_seapp_context_reload: seapp_contexts file is loaded from /seapp_contexts
09-17 16:39:42.363 D/SystemUIService( 1042): loading: class com.android.systemui.power.PowerUI
09-17 16:39:42.363 D/SystemUIService( 1042): running: com.android.systemui.power.PowerUI@429e97b8
09-17 16:39:42.363 I/StorageNotification( 1042): UMS connection changed to false (media state mounted)
09-17 16:39:42.363 D/PowerUI ( 1042): Dark theme
09-17 16:39:42.363 D/PowerUI ( 1042): start : S Pen = true
09-17 16:39:42.363 D/PowerUI ( 1042): start : VZW customer = false
09-17 16:39:42.363 D/PowerUI ( 1042): start : ATT customer = false
09-17 16:39:42.373 D/SystemUIService( 1042): loading: class com.android.systemui.media.RingtonePlayer
09-17 16:39:42.373 D/SystemUIService( 1042): running: com.android.systemui.media.RingtonePlayer@429ed800
09-17 16:39:42.373 E/FlpHardwareProvider(  815): new FlpHardwareProvider(context)
09-17 16:39:42.373 D/LocationManagerService(  815): request 432fe638 passive Request[POWER_NONE passive fastest=0] from android(1000)
09-17 16:39:42.373 D/LocationManagerService(  815): provider request: passive ProviderRequest[ON interval=0]
09-17 16:39:42.373 E/FlpHardwareProvider(  815):  make new FlpHardwareProvider instance
09-17 16:39:42.373 E/FlpHardwareProvider(  815): Error hw_get_module 'flp': -2
09-17 16:39:42.373 E/FlpHardwareProvider(  815): Error hw_get_module 'flp': -2
09-17 16:39:42.373 D/SystemUIService( 1042): loading: class com.android.systemui.settings.SettingsUI
09-17 16:39:42.373 D/SystemUIService( 1042): running: com.android.systemui.settings.SettingsUI@429d8638
09-17 16:39:42.373 D/KeyguardUpdateMonitor( 1042): received broadcast android.media.RINGER_MODE_CHANGED
09-17 16:39:42.373 W/ContextImpl(  815): Implicit intents with startService are not safe: Intent { act=com.qualcomm.location } com.android.server.location.GeoFencerProxy.<init>:85 com.android.server.location.GeoFencerProxy.getGeoFencerProxy:77 com.android.server.LocationManagerService.loadProvidersLocked:546 
09-17 16:39:42.373 E/LocationManagerService(  815): No FusedProvider found.
09-17 16:39:42.373 E/LocationManagerService(  815): no geofence provider found
09-17 16:39:42.373 W/ContextImpl(  815): Calling a method in the system process without a qualified user: android.app.ContextImpl.bindService:1884 com.android.server.location.GeoFencerProxy.<init>:85 com.android.server.location.GeoFencerProxy.getGeoFencerProxy:77 com.android.server.LocationManagerService.loadProvidersLocked:546 com.android.server.LocationManagerService.systemRunning:262 
09-17 16:39:42.383 I/SELinux ( 1146): get_selabel_handle: file_contexts is loaded from /file_contexts
09-17 16:39:42.383 D/LocationManagerService(  815): request 432ac240 passive Request[POWER_NONE passive fastest=0] from android(1000)
09-17 16:39:42.383 D/LocationManagerService(  815): provider request: passive ProviderRequest[ON interval=0]
09-17 16:39:42.383 I/CommonTimeManagementService(  815): No common time service detected on this platform.  Common time services will be unavailable.
09-17 16:39:42.383 I/ECS_EnterpriseContainerService(  815): SystemReady()
09-17 16:39:42.383 I/InputReader(  815): Reconfiguring input devices.  changes=0x00000020
09-17 16:39:42.383 W/ApplicationPackageManager(  815): getCSCPackageItemText()
09-17 16:39:42.383 W/ContextImpl(  815): Implicit intents with startService are not safe: Intent { act=com.sec.knox.eventsmanager.ContainerEventsRelayManager } com.sec.knox.container.EnterpriseContainerService.startContainerEventsRelayManager:558 com.sec.knox.container.EnterpriseContainerService.systemReady:710 com.android.server.ServerThread$2.run:1854 
09-17 16:39:42.383 W/ContextImpl(  815): Calling a method in the system process without a qualified user: android.app.ContextImpl.startService:1811 com.sec.knox.container.EnterpriseContainerService.startContainerEventsRelayManager:558 com.sec.knox.container.EnterpriseContainerService.systemReady:710 com.android.server.ServerThread$2.run:1854 com.android.server.am.ActivityManagerService.systemReady:10869 
09-17 16:39:42.393 I/InputReader(  815): Reconfiguring input devices.  changes=0x00000010
09-17 16:39:42.393 I/SELinux ( 1177): Function: selinux_android_load_priority [0], There is no sepolicy file.
09-17 16:39:42.393 I/SELinux ( 1177):  
09-17 16:39:42.393 I/SELinux ( 1177): Function: selinux_android_load_priority [1], There is no sepolicy version file.
09-17 16:39:42.393 I/SELinux ( 1177):  
09-17 16:39:42.393 I/SELinux ( 1177): Function: selinux_android_load_priority , loading version is VE=SEPF_SM-N9008_4.4.2_0018
09-17 16:39:42.393 I/SELinux ( 1177):  
09-17 16:39:42.393 I/SELinux ( 1177):  
09-17 16:39:42.393 I/SELinux ( 1177): selinux_android_seapp_context_reload: seapp_contexts file is loaded from /seapp_contexts
09-17 16:39:42.403 D/EnterpriseDeviceManager(  815): ContainerId: 0
09-17 16:39:42.403 W/dalvikvm( 1160): Unable to resolve superclass of Lcom/baidu/map/location/c; (100)
09-17 16:39:42.403 W/dalvikvm( 1160): Link of class 'Lcom/baidu/map/location/c;' failed
09-17 16:39:42.403 D/ECS_EnterpriseContainerService(  815): Message received 
09-17 16:39:42.403 D/ECS_EnterpriseContainerService(  815): Message parameter : ENTERPRISE_CONTAINER_HANDLE_BOOT_COMPLETE
09-17 16:39:42.403 W/dalvikvm( 1160): Unable to resolve superclass of Lcom/baidu/map/location/c; (100)
09-17 16:39:42.403 W/dalvikvm( 1160): Link of class 'Lcom/baidu/map/location/c;' failed
09-17 16:39:42.403 E/dalvikvm( 1160): Could not find class 'com.baidu.map.location.c', referenced from method com.baidu.map.location.BaiduNetworkLocationService.onBind
09-17 16:39:42.403 W/dalvikvm( 1160): VFY: unable to resolve new-instance 194 (Lcom/baidu/map/location/c;) in Lcom/baidu/map/location/BaiduNetworkLocationService;
09-17 16:39:42.403 D/dalvikvm( 1160): VFY: replacing opcode 0x22 at 0x006a
09-17 16:39:42.403 W/dalvikvm( 1160): Unable to resolve superclass of Lcom/baidu/map/location/c; (100)
09-17 16:39:42.403 W/dalvikvm( 1160): Link of class 'Lcom/baidu/map/location/c;' failed
09-17 16:39:42.403 W/dalvikvm( 1160): Unable to resolve superclass of Lcom/baidu/map/location/c; (100)
09-17 16:39:42.403 W/dalvikvm( 1160): Link of class 'Lcom/baidu/map/location/c;' failed
09-17 16:39:42.403 D/ECS_EnterpriseContainerService(  815): ENTERPRISE_CONTAINER_HANDLE_BOOT_COMPLETE called. Starting everything from here.
09-17 16:39:42.403 D/ECS_EnterpriseContainerCacheData(  815): EnterpriseContainerCache initialise
09-17 16:39:42.403 W/dalvikvm( 1160): Unable to resolve superclass of Lcom/baidu/map/location/c; (100)
09-17 16:39:42.403 W/dalvikvm( 1160): Link of class 'Lcom/baidu/map/location/c;' failed
09-17 16:39:42.403 I/dalvikvm( 1160): Could not find method com.baidu.map.location.c.b, referenced from method com.baidu.map.location.BaiduNetworkLocationService.onDestroy
09-17 16:39:42.403 W/dalvikvm( 1160): VFY: unable to resolve virtual method 941: Lcom/baidu/map/location/c;.b ()V
09-17 16:39:42.403 D/dalvikvm( 1160): VFY: replacing opcode 0x6e at 0x0007
09-17 16:39:42.403 W/dalvikvm( 1160): Unable to resolve superclass of Lcom/baidu/map/location/c; (100)
09-17 16:39:42.403 W/dalvikvm( 1160): Link of class 'Lcom/baidu/map/location/c;' failed
09-17 16:39:42.403 D/dalvikvm( 1160): DexOpt: unable to opt direct call 0x039d at 0x6c in Lcom/baidu/map/location/BaiduNetworkLocationService;.onBind
09-17 16:39:42.403 D/dalvikvm( 1160): No JNI_OnLoad found in /system/lib/libnetworklocation.so 0x429dafe0, skipping init
09-17 16:39:42.413 I/SELinux ( 1191): Function: selinux_android_load_priority [0], There is no sepolicy file.
09-17 16:39:42.413 I/SELinux ( 1191):  
09-17 16:39:42.413 I/SELinux ( 1191): Function: selinux_android_load_priority [1], There is no sepolicy version file.
09-17 16:39:42.413 I/SELinux ( 1191):  
09-17 16:39:42.413 I/SELinux ( 1191): Function: selinux_android_load_priority , loading version is VE=SEPF_SM-N9008_4.4.2_0018
09-17 16:39:42.413 I/SELinux ( 1191):  
09-17 16:39:42.413 I/SELinux ( 1191):  
09-17 16:39:42.413 I/SELinux ( 1191): selinux_android_seapp_context_reload: seapp_contexts file is loaded from /seapp_contexts
09-17 16:39:42.413 E/ECS_ContainerStorageHelper(  815): Created container DB Helper with version 8
09-17 16:39:42.413 I/SELinux ( 1197): Function: selinux_android_load_priority [0], There is no sepolicy file.
09-17 16:39:42.413 I/SELinux ( 1197):  
09-17 16:39:42.413 I/SELinux ( 1197): Function: selinux_android_load_priority [1], There is no sepolicy version file.
09-17 16:39:42.413 I/SELinux ( 1197):  
09-17 16:39:42.413 I/SELinux ( 1197): Function: selinux_android_load_priority , loading version is VE=SEPF_SM-N9008_4.4.2_0018
09-17 16:39:42.413 I/SELinux ( 1197):  
09-17 16:39:42.413 I/SELinux ( 1197):  
09-17 16:39:42.413 I/SELinux ( 1197): selinux_android_seapp_context_reload: seapp_contexts file is loaded from /seapp_contexts
09-17 16:39:42.433 I/SELinux ( 1210): Function: selinux_android_load_priority [0], There is no sepolicy file.
09-17 16:39:42.433 I/SELinux ( 1210):  
09-17 16:39:42.433 I/SELinux ( 1210): Function: selinux_android_load_priority [1], There is no sepolicy version file.
09-17 16:39:42.433 I/SELinux ( 1210):  
09-17 16:39:42.433 I/SELinux ( 1210): Function: selinux_android_load_priority , loading version is VE=SEPF_SM-N9008_4.4.2_0018
09-17 16:39:42.433 I/SELinux ( 1210):  
09-17 16:39:42.433 I/SELinux ( 1210):  
09-17 16:39:42.433 I/SELinux ( 1210): selinux_android_seapp_context_reload: seapp_contexts file is loaded from /seapp_contexts
09-17 16:39:42.433 I/dalvikvm( 1191): Enabling JNI app bug workarounds for target SDK version 8...
09-17 16:39:42.443 I/ECS_ContainerStorageProvider(  815): active status database
09-17 16:39:42.443 E/ECS_ContainerStorageProvider(  815): updatebuilderobj
09-17 16:39:42.443 E/ECS_EnterpriseContainerCacheData(  815): initializeContainersOnBoot()
09-17 16:39:42.453 D/ECS_Statemanager(  815): StateManager()
09-17 16:39:42.453 D/dalvikvm(  268): GC_EXPLICIT freed 40K, 36% free 17240K/26612K, paused 1ms+1ms, total 18ms
09-17 16:39:42.463 D/ContentApp( 1146): ContentApp()
09-17 16:39:42.463 D/dalvikvm(  268): GC_EXPLICIT freed <1K, 36% free 17240K/26612K, paused 1ms+2ms, total 14ms
09-17 16:39:42.463 D/MediaProvider( 1146): Attached volume: internal
09-17 16:39:42.473 W/LicenseLogService(  815): log() is called by non admin
09-17 16:39:42.473 W/LicenseLogService(  815): log() is called by non admin
09-17 16:39:42.473 E/EnterpriseContainerManager(  815): ContainerPolicy Service is not yet ready!!!
09-17 16:39:42.473 D/EnterpriseDeviceManager(  815): ContainerId: 0
09-17 16:39:42.473 D/PhoneStatusBar( 1042): mSettingsPanelGravity = 55
09-17 16:39:42.473 D/dalvikvm(  268): GC_EXPLICIT freed <1K, 36% free 17240K/26612K, paused 1ms+2ms, total 14ms
09-17 16:39:42.473 I/ECS_EcppStorageProvider(  815): migrationPasswordUsingEncoding() start 
09-17 16:39:42.473 V/VibratorService(  815): hasVibrator - useVibetonz: true
09-17 16:39:42.473 I/StatusBarManagerService(  815): registerStatusBar bar=com.android.internal.statusbar.IStatusBar$Stub$Proxy@4329ada8
09-17 16:39:42.483 I/SELinux ( 1232): Function: selinux_android_load_priority [0], There is no sepolicy file.
09-17 16:39:42.483 I/SELinux ( 1232):  
09-17 16:39:42.483 I/SELinux ( 1232): Function: selinux_android_load_priority [1], There is no sepolicy version file.
09-17 16:39:42.483 I/SELinux ( 1232):  
09-17 16:39:42.483 I/SELinux ( 1232): Function: selinux_android_load_priority , loading version is VE=SEPF_SM-N9008_4.4.2_0018
09-17 16:39:42.483 I/SELinux ( 1232):  
09-17 16:39:42.483 I/SELinux ( 1232):  
09-17 16:39:42.483 I/SELinux ( 1232): selinux_android_seapp_context_reload: seapp_contexts file is loaded from /seapp_contexts
09-17 16:39:42.483 I/SELinux ( 1242): Function: selinux_android_load_priority [0], There is no sepolicy file.
09-17 16:39:42.483 I/SELinux ( 1242):  
09-17 16:39:42.483 I/SELinux ( 1242): Function: selinux_android_load_priority [1], There is no sepolicy version file.
09-17 16:39:42.483 I/SELinux ( 1242):  
09-17 16:39:42.483 I/SELinux ( 1242): Function: selinux_android_load_priority , loading version is VE=SEPF_SM-N9008_4.4.2_0018
09-17 16:39:42.483 I/SELinux ( 1242):  
09-17 16:39:42.483 I/SELinux ( 1242):  
09-17 16:39:42.483 I/SELinux ( 1242): selinux_android_seapp_context_reload: seapp_contexts file is loaded from /seapp_contexts
09-17 16:39:42.503 D/BatteryMeterView( 1042): BatteryMeterView
09-17 16:39:42.513 I/SELinux ( 1256): Function: selinux_android_load_priority [0], There is no sepolicy file.
09-17 16:39:42.513 I/SELinux ( 1256):  
09-17 16:39:42.513 I/SELinux ( 1256): Function: selinux_android_load_priority [1], There is no sepolicy version file.
09-17 16:39:42.513 I/SELinux ( 1256):  
09-17 16:39:42.513 I/SELinux ( 1256): Function: selinux_android_load_priority , loading version is VE=SEPF_SM-N9008_4.4.2_0018
09-17 16:39:42.513 I/SELinux ( 1256):  
09-17 16:39:42.513 I/SELinux ( 1256):  
09-17 16:39:42.513 I/SELinux ( 1256): selinux_android_seapp_context_reload: seapp_contexts file is loaded from /seapp_contexts
09-17 16:39:42.523 I/SELinux ( 1266): Function: selinux_android_load_priority [0], There is no sepolicy file.
09-17 16:39:42.523 I/SELinux ( 1266):  
09-17 16:39:42.523 I/SELinux ( 1266): Function: selinux_android_load_priority [1], There is no sepolicy version file.
09-17 16:39:42.523 I/SELinux ( 1266):  
09-17 16:39:42.523 I/SELinux ( 1266): Function: selinux_android_load_priority , loading version is VE=SEPF_SM-N9008_4.4.2_0018
09-17 16:39:42.523 I/SELinux ( 1266):  
09-17 16:39:42.523 I/SELinux ( 1266):  
09-17 16:39:42.523 I/SELinux ( 1266): selinux_android_seapp_context_reload: seapp_contexts file is loaded from /seapp_contexts
09-17 16:39:42.533 I/SELinux ( 1280): Function: selinux_android_load_priority [0], There is no sepolicy file.
09-17 16:39:42.533 I/SELinux ( 1280):  
09-17 16:39:42.533 I/SELinux ( 1280): Function: selinux_android_load_priority [1], There is no sepolicy version file.
09-17 16:39:42.533 I/SELinux ( 1280):  
09-17 16:39:42.533 I/SELinux ( 1280): Function: selinux_android_load_priority , loading version is VE=SEPF_SM-N9008_4.4.2_0018
09-17 16:39:42.533 I/SELinux ( 1280):  
09-17 16:39:42.533 I/SELinux ( 1280):  
09-17 16:39:42.533 I/SELinux ( 1280): selinux_android_seapp_context_reload: seapp_contexts file is loaded from /seapp_contexts
09-17 16:39:42.543 I/SELinux ( 1295): Function: selinux_android_load_priority [0], There is no sepolicy file.
09-17 16:39:42.543 I/SELinux ( 1295):  
09-17 16:39:42.543 I/SELinux ( 1295): Function: selinux_android_load_priority [1], There is no sepolicy version file.
09-17 16:39:42.543 I/SELinux ( 1295):  
09-17 16:39:42.543 I/SELinux ( 1295): Function: selinux_android_load_priority , loading version is VE=SEPF_SM-N9008_4.4.2_0018
09-17 16:39:42.543 I/SELinux ( 1295):  
09-17 16:39:42.543 I/SELinux ( 1295):  
09-17 16:39:42.543 I/SELinux ( 1295): selinux_android_seapp_context_reload: seapp_contexts file is loaded from /seapp_contexts
09-17 16:39:42.553 I/SELinux ( 1305): Function: selinux_android_load_priority [0], There is no sepolicy file.
09-17 16:39:42.553 I/SELinux ( 1305):  
09-17 16:39:42.553 I/SELinux ( 1305): Function: selinux_android_load_priority [1], There is no sepolicy version file.
09-17 16:39:42.553 I/SELinux ( 1305):  
09-17 16:39:42.553 I/SELinux ( 1305): Function: selinux_android_load_priority , loading version is VE=SEPF_SM-N9008_4.4.2_0018
09-17 16:39:42.553 I/SELinux ( 1305):  
09-17 16:39:42.553 I/SELinux ( 1305):  
09-17 16:39:42.553 I/SELinux ( 1305): selinux_android_seapp_context_reload: seapp_contexts file is loaded from /seapp_contexts
09-17 16:39:42.563 D/checkbox( 1042): setButtonDrawable(Drawable d) mButtonBgHasBeenSet=false
09-17 16:39:42.563 D/checkbox( 1042): This is checkbox with ADVANCED_VI_EFFECTS enabled
09-17 16:39:42.563 D/checkbox( 1042): setChecked(1) checked=false, mCheckBoxAnimationEnabled=true, mIsAttached=false
09-17 16:39:42.563 D/checkbox( 1042): checkMarkDrawable=android.graphics.drawable.StateListDrawable@440ab738, checkRectangleDrawable=android.graphics.drawable.StateListDrawable@440c4438, enabled=true
09-17 16:39:42.563 I/SELinux ( 1318): Function: selinux_android_load_priority [0], There is no sepolicy file.
09-17 16:39:42.563 I/SELinux ( 1318):  
