09-17 16:39:37.124 V/SamsungPowerSound(  496): ++++++++ SamsungPowerSoundObserver Constuctor ++++++++
09-17 16:39:37.124 V/MediaPlayer(  496): setListener
09-17 16:39:37.124 V/SamsungPowerSound(  496): observerThreadWrapper (0xb86946c8)
09-17 16:39:37.124 V/SamsungPowerSound(  496): File path : system/media/audio/ui/PowerOn.ogg
09-17 16:39:37.124 V/SamsungPowerSound(  496): [Enter] SamsungPowerSoundObserver threadFunc
09-17 16:39:37.124 V/MediaPlayerService(  270): Client(1) constructor
09-17 16:39:37.124 V/MediaPlayerService(  270): Create new client(1) from pid 496, uid 1013, 
09-17 16:39:37.124 W/AudioPolicyManagerBase(  270): stream type [13], return media strategy
09-17 16:39:37.124 W/AudioPolicyManagerBase(  270): stream type [13], return media strategy
09-17 16:39:37.124 W/AudioPolicyManagerBase(  270): stream type [13], return media strategy
09-17 16:39:37.124 W/AudioPolicyManagerBase(  270): stream type [13], return media strategy
09-17 16:39:37.124 W/AudioPolicyManagerBase(  270): stream type [13], return media strategy
09-17 16:39:37.124 W/AudioPolicyManagerBase(  270): stream type [13], return media strategy
09-17 16:39:37.124 V/AudioPolicyManagerBase(  270): getNewDevice() selected device 0
09-17 16:39:37.124 I/AudioPolicyManagerBase(  270): ### curdevice : 2
09-17 16:39:37.124 I/MediaPlayerFactory(  270): Can`t play mp3 and ogg file on NuPlayer , create Awesomeplayer.
09-17 16:39:37.124 V/MediaPlayerService(  270): player type = 3
09-17 16:39:37.124 V/AwesomePlayer(  270): setDefault
09-17 16:39:37.124 V/AwesomePlayer(  270): constructor
09-17 16:39:37.124 E/OMXMaster(  270): A component of name 'OMX.qcom.audio.decoder.aac' already exists, ignoring this one.
09-17 16:39:37.124 I/dalvikvm(  268): threadid=7: recursive native library load attempt (/system/lib/libmedia_jni.so)
09-17 16:39:37.124 D/MtpDeviceJNI(  268): register_android_mtp_MtpDevice
09-17 16:39:37.134 I/dalvikvm(  268): threadid=7: recursive native library load attempt (/system/lib/libmedia_jni.so)
09-17 16:39:37.134 I/dalvikvm(  268): threadid=7: recursive native library load attempt (/system/lib/libmedia_jni.so)
09-17 16:39:37.134 I/dalvikvm(  268): threadid=7: recursive native library load attempt (/system/lib/libmedia_jni.so)
09-17 16:39:37.134 I/Zygote  (  268): ...preloaded 31 resources in 20ms.
09-17 16:39:37.134 I/Zygote  (  268): !@Boot: End of preloadResources()
09-17 16:39:37.144 I/System  (  268): Loaded time zone names for "en_US" in 60ms (55ms in ICU)
09-17 16:39:37.164 W/linker  (  270): libsavsvc.so has text relocations. This is wasting memory and is a security risk. Please fix.
09-17 16:39:37.164 I/Zygote  (  268): !@prldclss2: 726 classes in 698ms.
09-17 16:39:37.164 W/linker  (  270): libsavsvc.so has text relocations. This is wasting memory and is a security risk. Please fix.
09-17 16:39:37.174 W/linker  (  270): libsavsvc.so has text relocations. This is wasting memory and is a security risk. Please fix.
09-17 16:39:37.184 W/linker  (  270): libsavsvc.so has text relocations. This is wasting memory and is a security risk. Please fix.
09-17 16:39:37.184 W/linker  (  270): libsavsvc.so has text relocations. This is wasting memory and is a security risk. Please fix.
09-17 16:39:37.194 W/linker  (  270): libsavsvc.so has text relocations. This is wasting memory and is a security risk. Please fix.
09-17 16:39:37.194 I/System  (  268): Loaded time zone names for "zh_CN" in 51ms (45ms in ICU)
09-17 16:39:37.204 W/linker  (  270): libsavsvc.so has text relocations. This is wasting memory and is a security risk. Please fix.
09-17 16:39:37.204 W/linker  (  270): libsavsvc.so has text relocations. This is wasting memory and is a security risk. Please fix.
09-17 16:39:37.204 W/linker  (  270): libsavsvc.so has text relocations. This is wasting memory and is a security risk. Please fix.
09-17 16:39:37.214 W/linker  (  270): libsxqk.so has text relocations. This is wasting memory and is a security risk. Please fix.
09-17 16:39:37.214 W/linker  (  270): libarac.so has text relocations. This is wasting memory and is a security risk. Please fix.
09-17 16:39:37.224 I/Zygote  (  268): !@prldclssM: 1447 classes in 760ms.
09-17 16:39:37.224 W/AudioPolicyManagerBase(  270): stream type [13], return media strategy
09-17 16:39:37.224 W/AudioPolicyManagerBase(  270): stream type [13], return media strategy
09-17 16:39:37.224 W/AudioPolicyManagerBase(  270): stream type [13], return media strategy
09-17 16:39:37.224 W/AudioPolicyManagerBase(  270): stream type [13], return media strategy
09-17 16:39:37.224 W/AudioPolicyManagerBase(  270): stream type [13], return media strategy
09-17 16:39:37.224 W/AudioPolicyManagerBase(  270): stream type [13], return media strategy
09-17 16:39:37.224 V/AudioPolicyManagerBase(  270): getNewDevice() selected device 0
09-17 16:39:37.224 I/AudioPolicyManagerBase(  270): ### curdevice : 2
09-17 16:39:37.224 W/linker  (  270): libsomxamrd.so has text relocations. This is wasting memory and is a security risk. Please fix.
09-17 16:39:37.234 W/linker  (  270): libsavsac.so has text relocations. This is wasting memory and is a security risk. Please fix.
09-17 16:39:37.244 W/linker  (  270): libsavsac.so has text relocations. This is wasting memory and is a security risk. Please fix.
09-17 16:39:37.244 I/Zygote  (  268): Wait PC Thread 1=true 2=false
09-17 16:39:37.244 W/linker  (  270): libsavsac.so has text relocations. This is wasting memory and is a security risk. Please fix.
09-17 16:39:37.244 W/linker  (  270): libsavsac.so has text relocations. This is wasting memory and is a security risk. Please fix.
09-17 16:39:37.254 W/linker  (  270): libsraxxd.so has text relocations. This is wasting memory and is a security risk. Please fix.
09-17 16:39:37.254 W/linker  (  270): libsavsac.so has text relocations. This is wasting memory and is a security risk. Please fix.
09-17 16:39:37.264 V/AwesomePlayer(  270): setDefault
09-17 16:39:37.264 V/AwesomePlayer(  270): reset_l()
09-17 16:39:37.264 V/AwesomePlayer(  270): notifyListner_l() msg (8-MEDIA_STOPPED), ext1 (0), ext2 (0)
09-17 16:39:37.264 V/AwesomePlayer(  270): reset_l() while (mFlags & PREPARING) condition check
09-17 16:39:37.264 V/AwesomePlayer(  270): cancelPlayerEvents (keepNotifications=0)
09-17 16:39:37.264 V/AwesomePlayer(  270): mAudioTrackVector clear
09-17 16:39:37.264 V/AwesomePlayer(  270): reset_l() mAudioPlayer successfully deleted
09-17 16:39:37.264 V/AwesomePlayer(  270): mSecMediaClock clear
09-17 16:39:37.264 V/StagefrightPlayer(  270): StagefrightPlayer
09-17 16:39:37.264 V/AwesomePlayer(  270): setListener
09-17 16:39:37.264 V/StagefrightPlayer(  270): initCheck
09-17 16:39:37.264 V/AwesomePlayer(  270): AwesomePlayer running on behalf of uid 1013
09-17 16:39:37.264 V/AudioSink(  270): AudioOutput(7)
09-17 16:39:37.264 V/AwesomePlayer(  270): setAudioSink
09-17 16:39:37.264 V/AwesomePlayer(  270): reset_l()
09-17 16:39:37.264 V/AwesomePlayer(  270): notifyListner_l() msg (8-MEDIA_STOPPED), ext1 (0), ext2 (0)
09-17 16:39:37.264 V/MediaPlayerService(  270): [1] notify (0xb790a0f0, 8, 0, 0)
09-17 16:39:37.264 V/AwesomePlayer(  270): reset_l() while (mFlags & PREPARING) condition check
09-17 16:39:37.264 V/MediaPlayer(  496): message received msg=8, ext1=0, ext2=0
09-17 16:39:37.264 V/MediaPlayer(  496): notify(8, 0, 0) callback on disconnected mediaplayer
09-17 16:39:37.264 V/AwesomePlayer(  270): cancelPlayerEvents (keepNotifications=0)
09-17 16:39:37.264 V/AwesomePlayer(  270): mAudioTrackVector clear
09-17 16:39:37.264 V/AwesomePlayer(  270): reset_l() mAudioPlayer successfully deleted
09-17 16:39:37.264 V/AwesomePlayer(  270): mSecMediaClock clear
09-17 16:39:37.264 I/AwesomePlayer(  270): setDataSource_l(URL suppressed)
09-17 16:39:37.264 V/MediaPlayerService(  270):  setDataSource
09-17 16:39:37.264 V/MediaPlayerService(  270): [1] setParameter(1604)
09-17 16:39:37.264 V/StagefrightPlayer(  270): setParameter(key=1604)
09-17 16:39:37.264 V/AwesomePlayer(  270): setParameter key (1604)
09-17 16:39:37.264 V/AwesomePlayer(  270): Current Contet PID : 496
09-17 16:39:37.264 V/MediaPlayerService(  270): [1] getParameter(1700)
09-17 16:39:37.264 V/MediaPlayer(  496): MediaPlayer::setAudioStreamType
09-17 16:39:37.264 V/MediaPlayer(  496): prepare
09-17 16:39:37.264 V/MediaPlayerService(  270): [1] setAudioStreamType(1)
09-17 16:39:37.264 V/MediaPlayerService(  270): [1] prepareAsync
09-17 16:39:37.264 V/AwesomePlayer(  270): prepareAsync
09-17 16:39:37.264 I/Zygote  (  268): Wait PC Thread 1=true 2=false
09-17 16:39:37.264 V/AwesomePlayer(  270): onPrepareAsyncEvent
09-17 16:39:37.264 I/SecMediaClock(  270): SecMediaClock constructor
09-17 16:39:37.264 I/SecMediaClock(  270): reset
09-17 16:39:37.264 V/AwesomePlayer(  270): finishSetDataSource_l
09-17 16:39:37.274 D/OggExtractor(  270):  correct time not found. Let's use approximate value
09-17 16:39:37.274 V/AwesomePlayer(  270): track of type 'audio/vorbis' does not publish bitrate
09-17 16:39:37.274 V/AwesomePlayer(  270): mBitrate = -1 bits/sec
09-17 16:39:37.274 W/AwesomePlayer(  270): couldn't get userdata - Weather
09-17 16:39:37.274 W/AwesomePlayer(  270): couldn't get userdata - Authorization 
09-17 16:39:37.274 W/AwesomePlayer(  270): couldn't get userdata - SnapShot 
09-17 16:39:37.274 W/AwesomePlayer(  270): couldn't get userdata - SMRD
09-17 16:39:37.274 I/OggExtractor(  270): OggSource::OggSource() mExtractor ref count = 4
09-17 16:39:37.274 V/AwesomePlayer(  270): current audio track index (0) is added to vector
09-17 16:39:37.274 V/AwesomePlayer(  270): setDataSource_l: Audio(1), Video(0)
09-17 16:39:37.274 I/AwesomePlayer(  270): AwesomePlayer::setDataSource_l():: This is not a DRM content
09-17 16:39:37.274 V/AwesomePlayer(  270): initAudioDecoder
09-17 16:39:37.274 V/AwesomePlayer(  270): checkOffloadExceptions is true
09-17 16:39:37.274 V/AudioPolicyManagerBase(  270): isOffloadSupported: SR=44100, CM=0x3, Format=0x7000000, StreamType=1, BitRate=4294967295, duration=222800 us, has_video=0
09-17 16:39:37.274 V/AudioPolicyManagerBase(  270): isOffloadSupported: stream_type != MUSIC, returning false
09-17 16:39:37.274 I/OMXCodec(  270): OMXCodec::Create mime (audio/vorbis), flags (0), matchComponentName ((null)), createEncoder (0)
09-17 16:39:37.274 W/linker  (  270): libsxqk.so has text relocations. This is wasting memory and is a security risk. Please fix.
09-17 16:39:37.274 W/linker  (  270): libarac.so has text relocations. This is wasting memory and is a security risk. Please fix.
09-17 16:39:37.274 I/OMXCodec(  270): Attempting to allocate OMX node 'OMX.google.vorbis.decoder'
09-17 16:39:37.284 I/OMX     (  270): mDispatchers.add
09-17 16:39:37.284 I/OMXCodec(  270): Successfully allocated OMX node 'OMX.google.vorbis.decoder'
09-17 16:39:37.284 I/OMXCodec(  270): >>>UHQA initOutputFormat 16
09-17 16:39:37.284 I/OMXCodec(  270): [OMX.google.vorbis.decoder] OMXCodec::start mState=1
09-17 16:39:37.284 I/OMXCodec(  270): [OMX.google.vorbis.decoder] allocating 4 buffers of size 8192 on input port
09-17 16:39:37.284 I/OMXCodec(  270): [OMX.google.vorbis.decoder] allocating 4 buffers of size 32768 on output port
09-17 16:39:37.284 I/OMXCodec(  270): [OMX.google.vorbis.decoder] Now Idle. Component sends idle done Event 
09-17 16:39:37.284 V/AwesomePlayer(  270): finishAsyncPrepare_l
09-17 16:39:37.284 V/AwesomePlayer(  270): notifyListner_l() msg (200-MEDIA_INFO), ext1 (973), ext2 (0)
09-17 16:39:37.284 V/MediaPlayerService(  270): [1] notify (0xb790a0f0, 200, 973, 0)
09-17 16:39:37.284 V/MediaPlayer(  496): message received msg=200, ext1=973, ext2=0
09-17 16:39:37.284 W/MediaPlayer(  496): info/warning (973, 0)
09-17 16:39:37.284 V/MediaPlayer(  496): callback application
09-17 16:39:37.284 V/SamsungPowerSound(  496): Power sound playback dummy event (973, 0)
09-17 16:39:37.284 V/MediaPlayer(  496): back from callback
09-17 16:39:37.284 V/AwesomePlayer(  270): notifyListner_l() msg (5-MEDIA_SET_VIDEO_SIZE), ext1 (0), ext2 (0)
09-17 16:39:37.284 V/MediaPlayerService(  270): [1] notify (0xb790a0f0, 5, 0, 0)
09-17 16:39:37.284 V/AwesomePlayer(  270): notifyListner_l() msg (1-MEDIA_PREPARED), ext1 (0), ext2 (0)
09-17 16:39:37.284 V/MediaPlayerService(  270): [1] notify (0xb790a0f0, 1, 0, 0)
09-17 16:39:37.284 V/MediaPlayer(  496): message received msg=5, ext1=0, ext2=0
09-17 16:39:37.284 V/MediaPlayer(  496): New video size 0 x 0
09-17 16:39:37.284 V/MediaPlayer(  496): callback application
09-17 16:39:37.284 E/SamsungPowerSound(  496): Power sound play exception (0, 0)
09-17 16:39:37.284 V/MediaPlayer(  496): back from callback
09-17 16:39:37.284 V/MediaPlayer(  496): message received msg=1, ext1=0, ext2=0
09-17 16:39:37.284 V/MediaPlayer(  496): prepared
09-17 16:39:37.284 V/MediaPlayer(  496): signal application thread
09-17 16:39:37.284 V/MediaPlayer(  496): prepare complete - status=0
09-17 16:39:37.284 V/MediaPlayer(  496): callback application
09-17 16:39:37.284 V/SamsungPowerSound(  496): Power sound playback dummy event (0, 0)
09-17 16:39:37.284 V/MediaPlayer(  496): back from callback
09-17 16:39:37.284 V/AudioPolicyManagerBase(  270): getParamFromPolicy  deviceInt = 1, situationInt = 8, situationVolume = 0.500000
09-17 16:39:37.284 V/SamsungPowerSound(  496): getSettingVolume [0.500000]
09-17 16:39:37.284 V/MediaPlayer(  496): MediaPlayer::setVolume(0.500000, 0.500000)
09-17 16:39:37.284 V/MediaPlayerService(  270): [1] setVolume(0.500000, 0.500000)
09-17 16:39:37.284 V/AudioSink(  270): setVolume(0.500000, 0.500000)
09-17 16:39:37.284 V/MediaPlayer(  496): getDuration_l
09-17 16:39:37.284 V/MediaPlayerService(  270): getDuration
09-17 16:39:37.284 V/StagefrightPlayer(  270): getDuration
09-17 16:39:37.284 V/MediaPlayerService(  270): [1] getDuration = 223
09-17 16:39:37.284 V/SamsungPowerSound(  496): File duration : 223 [ms]
09-17 16:39:37.284 V/MediaPlayer(  496): start
09-17 16:39:37.284 V/MediaPlayerService(  270): [1] setLooping(0)
09-17 16:39:37.284 V/StagefrightPlayer(  270): setLooping
09-17 16:39:37.284 V/AwesomePlayer(  270): setLooping (0)
09-17 16:39:37.284 V/MediaPlayerService(  270): [1] setVolume(0.500000, 0.500000)
09-17 16:39:37.284 V/AudioSink(  270): setVolume(0.500000, 0.500000)
09-17 16:39:37.284 V/MediaPlayerService(  270): [1] setAuxEffectSendLevel(0.000000)
09-17 16:39:37.284 V/AudioSink(  270): setAuxEffectSendLevel(0.000000)
09-17 16:39:37.284 V/MediaPlayerService(  270): [1] start
09-17 16:39:37.284 V/StagefrightPlayer(  270): setLooping
09-17 16:39:37.284 V/AwesomePlayer(  270): setLooping (0)
09-17 16:39:37.284 E/MediaPlayerService(  270): WFD client is not created 
09-17 16:39:37.284 V/StagefrightPlayer(  270): start
09-17 16:39:37.284 V/AwesomePlayer(  270): play
09-17 16:39:37.284 V/AwesomePlayer(  270): AwesomePlayer::play_l():: This is not a DRM content
09-17 16:39:37.284 V/AwesomePlayer(  270): startAudioPlayer_l, sendErrorNotification (0)
09-17 16:39:37.284 I/OMXCodec(  270): [OMX.google.vorbis.decoder] End Of Stream
09-17 16:39:37.284 I/Zygote  (  268): Wait PC Thread 1=true 2=false
09-17 16:39:37.284 I/OMXCodec(  270): [OMX.google.vorbis.decoder] 0onCmdComplete  mState =  7
09-17 16:39:37.284 I/OMXCodec(  270): [OMX.google.vorbis.decoder] PORT_DISABLED(1)
09-17 16:39:37.284 I/OMXCodec(  270): >>>UHQA initOutputFormat 16
09-17 16:39:37.284 I/OMXCodec(  270): [OMX.google.vorbis.decoder] allocating 4 buffers of size 32768 on output port
09-17 16:39:37.284 I/AudioPlayer(  270): Audio channels(2)
09-17 16:39:37.284 I/AudioPlayer(  270):  Audioplayer kKeyAudioPCMFormat:1, 2, 0
09-17 16:39:37.284 I/AudioPlayer(  270):  Audioplayer kKeyAudioPCMFormat read fail(2, 1)
09-17 16:39:37.284 V/AudioSink(  270): open(44100, 2, 0x0, 0x1, 4, 7 0x40000)
09-17 16:39:37.284 V/AudioPolicyManagerBase(  270): getOutput() device 2, stream 1, samplingRate 0, format 0, channelMask 3, flags 0
09-17 16:39:37.284 I/AudioPolicyManagerBase(  270): Power On Sound : force DEEP output 
09-17 16:39:37.284 V/AudioPolicyManagerBase(  270): getOutputsForDevice device 0002 -> 0002
09-17 16:39:37.284 V/AudioPolicyManagerBase(  270): getOutput() returns output 2
09-17 16:39:37.284 V/AudioPolicyManagerBase(  270): getOutput() device 2, stream 1, samplingRate 0, format 0, channelMask 3, flags 0
09-17 16:39:37.284 I/AudioPolicyManagerBase(  270): Power On Sound : force DEEP output 
09-17 16:39:37.284 V/AudioPolicyManagerBase(  270): getOutputsForDevice device 0002 -> 0002
09-17 16:39:37.284 V/AudioPolicyManagerBase(  270): getOutput() returns output 2
09-17 16:39:37.284 V/AudioSink(  270): no track available to recycle
09-17 16:39:37.284 V/AudioSink(  270): creating new AudioTrack
09-17 16:39:37.284 V/AudioPolicyManagerBase(  270): getOutput() device 2, stream 1, samplingRate 44100, format 1, channelMask 3, flags 40000
09-17 16:39:37.284 I/AudioPolicyManagerBase(  270): Power On Sound : force DEEP output 
09-17 16:39:37.284 V/AudioPolicyManagerBase(  270): getOutputsForDevice device 0002 -> 0002
09-17 16:39:37.284 V/AudioPolicyManagerBase(  270): getOutput() returns output 2
09-17 16:39:37.284 V/AudioSink(  270): deleteRecycledTrack
09-17 16:39:37.284 V/AudioSink(  270): setVolume
09-17 16:39:37.284 V/AudioPolicyManagerBase(  270): getOutput() device 2, stream 1, samplingRate 0, format 0, channelMask 3, flags 0
09-17 16:39:37.284 I/AudioPolicyManagerBase(  270): Power On Sound : force DEEP output 
09-17 16:39:37.284 V/AudioPolicyManagerBase(  270): getOutputsForDevice device 0002 -> 0002
09-17 16:39:37.284 V/AudioPolicyManagerBase(  270): getOutput() returns output 2
09-17 16:39:37.284 V/AudioSink(  270): open() DONE status 0
09-17 16:39:37.284 V/AudioSink(  270): start
09-17 16:39:37.284 V/AudioPolicyManagerBase(  270): startOutput() output 2, stream 1, session 7
09-17 16:39:37.284 V/AudioPolicyManagerBase(  270): changeRefCount() stream 1, count 1
09-17 16:39:37.284 W/AudioPolicyManagerBase(  270): stream type [13], return media strategy
09-17 16:39:37.284 W/AudioPolicyManagerBase(  270): stream type [13], return media strategy
09-17 16:39:37.284 W/AudioPolicyManagerBase(  270): stream type [13], return media strategy
09-17 16:39:37.284 W/AudioPolicyManagerBase(  270): stream type [13], return media strategy
09-17 16:39:37.284 V/AudioPolicyManagerBase(  270): getNewDevice() selected device 2
09-17 16:39:37.294 V/AudioPolicyManagerBase(  270): setOutputDevice() output 2 device 0002 force 0 delayMs 0 
09-17 16:39:37.294 V/AudioPolicyManagerBase(  270): setOutputDevice() prevDevice (0002)
09-17 16:39:37.294 V/AudioPolicyManagerBase(  270): setOutputDevice() setting same device 0002 or null device for output 2
09-17 16:39:37.294 V/AwesomePlayer(  270): notifyListner_l() msg (6-MEDIA_STARTED), ext1 (0), ext2 (0)
09-17 16:39:37.294 V/MediaPlayerService(  270): [1] notify (0xb790a0f0, 6, 0, 0)
09-17 16:39:37.294 I/AudioPlayer(  270): getNumFramesPendingPlayout() mNumFramesPlayed (0), numFramesPlayedOut (0)
09-17 16:39:37.294 V/AwesomePlayer(  270): postAudioEOS delayUs (160000)
09-17 16:39:37.294 V/AwesomePlayer(  270): addBatteryData
09-17 16:39:37.294 V/MediaPlayer(  496): message received msg=6, ext1=0, ext2=0
09-17 16:39:37.294 V/MediaPlayer(  496): unrecognized message: (6, 0, 0)
09-17 16:39:37.294 V/MediaPlayer(  496): callback application
09-17 16:39:37.294 E/SamsungPowerSound(  496): Power sound play exception (0, 0)
09-17 16:39:37.294 I/Zygote  (  268): !@prldclss1: 704 classes in 829ms.
09-17 16:39:37.294 V/MediaPlayer(  496): back from callback
09-17 16:39:37.294 D/AudioResampler(  270): forcing AudioResampler quality to 4
09-17 16:39:37.294 E/AudioResampler(  270): Unsupported sample format, 1 bits, 2 channels
09-17 16:39:37.294 W/AudioFlinger(  270): Thread AudioOut_2 cannot connect to the power manager service
09-17 16:39:37.294 E/AudioFlinger(  270): no wake lock to update!
09-17 16:39:37.294 I/AudioResampler(  270): AudioResamplerOrder1::resample common!!!!!
09-17 16:39:37.294 I/AudioResampler(  270): new common resampler(44100 -> 48000, 2)
09-17 16:39:37.294 I/AudioResampler(  270): new common resampler(44100 -> 48000, 2, 2)
09-17 16:39:37.294 D/SoundAliveResampler(  270): [SoundAliveResampler] Init+++
09-17 16:39:37.294 V/audio_hw_primary(  270): start_output_stream: enter: usecase(0: deep-buffer-playback) devices(0x2)
09-17 16:39:37.294 V/audio_hw_primary(  270): select_devices: ENTER
09-17 16:39:37.294 V/audio_hw_primary(  270): select_devices: usecase(normal)
09-17 16:39:37.294 V/audio_hw_primary(  270): select_devices: usecase(PCM_PLAYBACK)
09-17 16:39:37.294 V/msm8974_platform(  270): platform_get_output_snd_device: enter: output devices(0x2)
09-17 16:39:37.294 V/msm8974_platform(  270): get_OUTPUT_snd_device: for Normal Playback
09-17 16:39:37.294 V/msm8974_platform(  270): platform_get_output_snd_device: exit: snd_device(speaker)
09-17 16:39:37.294 D/audio_hw_primary(  270): select_devices: out_snd_device(2: speaker) in_snd_device(0: dummy)
09-17 16:39:37.294 V/audio_hw_primary(  270): enable_snd_device: snd_device(2: speaker)
09-17 16:39:37.294 D/ACDB-LOADER(  270): ACDB -> send_audio_cal, acdb_id = 15, path =  0
09-17 16:39:37.294 D/ACDB-LOADER(  270): ACDB -> send_adm_topology
09-17 16:39:37.294 D/ACDB-LOADER(  270): ACDB -> ACDB_CMD_GET_AUDPROC_COMMON_TOPOLOGY_ID
09-17 16:39:37.294 D/ACDB-LOADER(  270): ACDB -> send_audtable
09-17 16:39:37.294 D/ACDB-LOADER(  270): ACDB -> ACDB_CMD_GET_AUDPROC_COMMON_TABLE
09-17 16:39:37.294 D/ACDB-LOADER(  270): ACDB -> AUDIO_SET_AUDPROC_CAL
09-17 16:39:37.294 D/ACDB-LOADER(  270): ACDB -> send_audvoltable
09-17 16:39:37.294 D/ACDB-LOADER(  270): ACDB -> ACDB_CMD_GET_AUDPROC_GAIN_DEP_STEP_TABLE
09-17 16:39:37.294 D/ACDB-LOADER(  270): ACDB -> AUDIO_SET_AUDPROC_VOL_CAL
09-17 16:39:37.294 D/ACDB-LOADER(  270): ACDB -> send_afe_cal
09-17 16:39:37.294 D/ACDB-LOADER(  270): ACDB -> ACDB_CMD_GET_AFE_COMMON_TABLE
09-17 16:39:37.294 D/ACDB-LOADER(  270): ACDB -> AUDIO_SET_AFE_CAL
09-17 16:39:37.294 V/audio_hw_primary(  270): enable_snd_device: snd_device(2: speaker)
09-17 16:39:37.294 D/audio_route(  270): ++++ audio_route_update_mixer ==============
09-17 16:39:37.294 D/audio_route(  270): Setting mixer control: SPK DRV Volume, value: 8
09-17 16:39:37.304 I/Zygote  (  268): Wait PC Thread 1=false 2=false
09-17 16:39:37.304 V/Zygote  (  268): post pld=android.database.CursorWindow
09-17 16:39:37.304 V/Zygote  (  268): post pld=android.database.CursorWindow$1
09-17 16:39:37.324 W/AudioPolicyManagerBase(  270): stream type [13], return media strategy
09-17 16:39:37.324 W/AudioPolicyManagerBase(  270): stream type [13], return media strategy
09-17 16:39:37.324 W/AudioPolicyManagerBase(  270): stream type [13], return media strategy
09-17 16:39:37.324 W/AudioPolicyManagerBase(  270): stream type [13], return media strategy
09-17 16:39:37.324 V/AudioPolicyManagerBase(  270): getNewDevice() selected device 2
09-17 16:39:37.324 I/AudioPolicyManagerBase(  270): ### curdevice : 2
09-17 16:39:37.334 D/audio_route(  270): Setting mixer control: RX7 Digital Volume, value: 81
09-17 16:39:37.334 D/audio_route(  270): Setting mixer control: COMP0 Switch, value: 1
09-17 16:39:37.334 D/audio_route(  270): Setting mixer control: RX7 MIX1 INP1, value: 5
09-17 16:39:37.334 D/audio_route(  270): Setting mixer control: DAC1 Switch, value: 1
09-17 16:39:37.344 D/audio_route(  270): Setting mixer control: SPK Status, value: 1
09-17 16:39:37.344 D/audio_route(  270): ------ audio_route_update_mixer ==============
09-17 16:39:37.344 V/audio_hw_primary(  270): enable_audio_route: enter: usecase(0)
09-17 16:39:37.344 V/audio_hw_primary(  270): enable_audio_route: apply mixer path: deep-buffer-playback
09-17 16:39:37.344 D/audio_route(  270): ++++ audio_route_update_mixer ==============
09-17 16:39:37.344 D/audio_route(  270): Setting mixer control: SLIMBUS_0_RX Audio Mixer MultiMedia1, value: 1
09-17 16:39:37.344 D/audio_route(  270): ------ audio_route_update_mixer ==============
09-17 16:39:37.344 V/audio_hw_primary(  270): enable_audio_route: exit
09-17 16:39:37.344 V/audio_hw_primary(  270): start_output_stream: Opening PCM device card_id(0) device_id(0)
09-17 16:39:37.344 V/audio_hw_primary(  270): start_output_stream: exit
09-17 16:39:37.384 E/AudioSink(  270): received unknown event type: 1 inside CallbackWrapper !
09-17 16:39:37.424 W/AudioPolicyManagerBase(  270): stream type [13], return media strategy
09-17 16:39:37.424 W/AudioPolicyManagerBase(  270): stream type [13], return media strategy
09-17 16:39:37.424 W/AudioPolicyManagerBase(  270): stream type [13], return media strategy
09-17 16:39:37.424 W/AudioPolicyManagerBase(  270): stream type [13], return media strategy
09-17 16:39:37.424 V/AudioPolicyManagerBase(  270): getNewDevice() selected device 2
09-17 16:39:37.424 I/AudioPolicyManagerBase(  270): ### curdevice : 2
09-17 16:39:37.454 V/AwesomePlayer(  270): onCheckAudioStatus
09-17 16:39:37.454 V/AwesomePlayer(  270): onCheckAudioStatus() set AUDIO_AT_EOS flag
09-17 16:39:37.454 V/AwesomePlayer(  270): onStreamDone
09-17 16:39:37.454 V/AwesomePlayer(  270): MEDIA_PLAYBACK_COMPLETE
09-17 16:39:37.454 V/AwesomePlayer(  270): notifyListner_l() msg (2-MEDIA_PLAYBACK_COMPLETE), ext1 (0), ext2 (0)
09-17 16:39:37.454 V/MediaPlayerService(  270): [1] notify (0xb790a0f0, 2, 0, 0)
09-17 16:39:37.454 V/MediaPlayer(  496): message received msg=2, ext1=0, ext2=0
09-17 16:39:37.454 V/MediaPlayer(  496): playback complete
09-17 16:39:37.454 V/MediaPlayer(  496): callback application
09-17 16:39:37.454 V/SamsungPowerSound(  496): Power sound playback complete
09-17 16:39:37.454 V/SamsungPowerSound(  496): resetObserverDevice
09-17 16:39:37.454 V/SamsungPowerSound(  496): requestExit() to Observer thread
09-17 16:39:37.454 V/MediaPlayer(  496): setListener
09-17 16:39:37.454 V/MediaPlayer(  496): disconnect
09-17 16:39:37.454 V/AwesomePlayer(  270): notifyListner_l() msg (7-MEDIA_PAUSED), ext1 (0), ext2 (0)
09-17 16:39:37.454 V/MediaPlayerService(  270): [1] notify (0xb790a0f0, 7, 0, 0)
09-17 16:39:37.454 V/AwesomePlayer(  270): cancelPlayerEvents (keepNotifications=1)
09-17 16:39:37.454 V/AudioSink(  270): stop
09-17 16:39:37.454 V/AwesomePlayer(  270): addBatteryData
09-17 16:39:37.454 V/MediaPlayerService(  270): disconnect(1) from pid 496
09-17 16:39:37.454 V/StagefrightPlayer(  270): reset
09-17 16:39:37.454 V/AwesomePlayer(  270): reset_l()
09-17 16:39:37.454 V/AwesomePlayer(  270): notifyListner_l() msg (8-MEDIA_STOPPED), ext1 (0), ext2 (0)
09-17 16:39:37.454 V/AwesomePlayer(  270): reset_l() while (mFlags & PREPARING) condition check
09-17 16:39:37.454 V/AwesomePlayer(  270): cancelPlayerEvents (keepNotifications=0)
09-17 16:39:37.454 V/AwesomePlayer(  270): mAudioTrackVector clear
09-17 16:39:37.454 V/AudioSink(  270): stop
09-17 16:39:37.454 V/AudioSink(  270): flush
09-17 16:39:37.454 V/AudioSink(  270): close
09-17 16:39:37.454 I/OMXCodec(  270): [OMX.google.vorbis.decoder] stop mState=4
09-17 16:39:37.454 I/OMXCodec(  270): [OMX.google.vorbis.decoder] stop() sendCommand(0x1, OMX_CommandStateSet, OMX_StateIdle)
09-17 16:39:37.454 I/OMXCodec(  270): [OMX.google.vorbis.decoder] Now Idle. Component sends idle done Event 
09-17 16:39:37.454 I/OMXCodec(  270): [OMX.google.vorbis.decoder] stopOmxComponent_l() mstate = 1
09-17 16:39:37.454 I/OggExtractor(  270): OggSource::stop() mExtractor ref count = 1
09-17 16:39:37.454 I/OggExtractor(  270): OggSource::~OggSource() mExtractor !mStarted ref count = 1
09-17 16:39:37.454 I/OggExtractor(  270): ~OggSource --
09-17 16:39:37.454 I/OggExtractor(  270): ~OggExtractor ++
09-17 16:39:37.454 I/OggExtractor(  270): ~MyVorbisExtractor ++ 
09-17 16:39:37.454 I/OggExtractor(  270): ~MyVorbisExtractor --
09-17 16:39:37.454 I/OggExtractor(  270): ~OggExtractor --
09-17 16:39:37.454 I/OMX     (  270): instance freeNode
09-17 16:39:37.454 I/AudioPlayer(  270): reset out
09-17 16:39:37.454 V/AwesomePlayer(  270): reset_l() mAudioPlayer successfully deleted
09-17 16:39:37.454 I/SecMediaClock(  270): SecMediaClock destructor
09-17 16:39:37.454 V/AwesomePlayer(  270): mSecMediaClock clear
09-17 16:39:37.454 V/StagefrightPlayer(  270): ~StagefrightPlayer
09-17 16:39:37.454 V/StagefrightPlayer(  270): reset
09-17 16:39:37.454 V/AwesomePlayer(  270): reset_l()
09-17 16:39:37.454 V/AwesomePlayer(  270): notifyListner_l() msg (8-MEDIA_STOPPED), ext1 (0), ext2 (0)
09-17 16:39:37.454 V/AwesomePlayer(  270): reset_l() while (mFlags & PREPARING) condition check
09-17 16:39:37.454 V/AwesomePlayer(  270): cancelPlayerEvents (keepNotifications=0)
09-17 16:39:37.454 V/AwesomePlayer(  270): mAudioTrackVector clear
09-17 16:39:37.454 V/AwesomePlayer(  270): reset_l() mAudioPlayer successfully deleted
09-17 16:39:37.454 V/AwesomePlayer(  270): mSecMediaClock clear
09-17 16:39:37.454 V/AwesomePlayer(  270): destructor
09-17 16:39:37.454 V/AwesomePlayer(  270): reset_l()
09-17 16:39:37.454 V/AwesomePlayer(  270): notifyListner_l() msg (8-MEDIA_STOPPED), ext1 (0), ext2 (0)
09-17 16:39:37.454 V/AwesomePlayer(  270): reset_l() while (mFlags & PREPARING) condition check
09-17 16:39:37.454 V/AwesomePlayer(  270): cancelPlayerEvents (keepNotifications=0)
09-17 16:39:37.454 V/AwesomePlayer(  270): mAudioTrackVector clear
09-17 16:39:37.454 V/AwesomePlayer(  270): reset_l() mAudioPlayer successfully deleted
09-17 16:39:37.454 V/AwesomePlayer(  270): mSecMediaClock clear
09-17 16:39:37.454 V/SamsungPowerSound(  496): set bootsnd property to 0
09-17 16:39:37.454 V/MediaPlayer(  496): back from callback
09-17 16:39:37.454 V/MediaPlayer(  496): message received msg=7, ext1=0, ext2=0
09-17 16:39:37.454 V/MediaPlayer(  496): notify(7, 0, 0) callback on disconnected mediaplayer
09-17 16:39:37.454 V/MediaPlayer(  496): destructor
09-17 16:39:37.454 V/MediaPlayerService(  270): Client(1) destructor pid = 496
09-17 16:39:37.454 V/AudioSink(  270): close
09-17 16:39:37.454 V/MediaPlayerService(  270): disconnect(1) from pid 496
09-17 16:39:37.454 V/MediaPlayer(  496): disconnect
09-17 16:39:37.454 V/NatController(  258): runCmd(/system/bin/iptables -F natctrl_FORWARD) res=0
09-17 16:39:37.464 V/NatController(  258): runCmd(/system/bin/iptables -A natctrl_FORWARD -j DROP) res=0
09-17 16:39:37.464 V/NatController(  258): runCmd(/system/bin/iptables -t nat -F natctrl_nat_POSTROUTING) res=0
09-17 16:39:37.464 V/NatController(  258): runCmd(/system/bin/iptables -t nat -F natctrl_nat_PREROUTING) res=0
09-17 16:39:37.474 V/NatController(  258): runCmd(/system/bin/ip rule flush) res=0
09-17 16:39:37.484 V/NatController(  258): runCmd(/system/bin/ip -6 rule flush) res=0
09-17 16:39:37.484 V/NatController(  258): runCmd(/system/bin/ip rule add from all lookup default prio 32767) res=0
09-17 16:39:37.484 V/NatController(  258): runCmd(/system/bin/ip rule add from all lookup main prio 32766) res=0
09-17 16:39:37.494 V/NatController(  258): runCmd(/system/bin/ip -6 rule add from all lookup default prio 32767) res=0
09-17 16:39:37.514 V/NatController(  258): runCmd(/system/bin/ip -6 rule add from all lookup main prio 32766) res=0
09-17 16:39:37.514 V/NatController(  258): runCmd(/system/bin/ip route flush cache) res=0
09-17 16:39:37.514 I/ThermalEngine(  290): qmi: Instance id 37 for fusion TS
09-17 16:39:37.524 V/NatController(  258): runCmd(/system/bin/iptables -F natctrl_tether_counters) res=1
09-17 16:39:37.524 V/NatController(  258): runCmd(/system/bin/iptables -X natctrl_tether_counters) res=1
09-17 16:39:37.524 I/ThermalEngine(  290): MODEM thermal mitigation available.
09-17 16:39:37.524 I/ThermalEngine(  290): ACTION: MODEM - Pending request: pa mitigation succeeded for level 0.
09-17 16:39:37.524 I/ThermalEngine(  290): Mitigation:Modem:0
09-17 16:39:37.524 I/ThermalEngine(  290): ADSP thermal mitigation available.
09-17 16:39:37.524 I/ThermalEngine(  290): ACTION: MODEM - Pending request: cpuv_restriction_cold mitigation succeeded for level 0.
09-17 16:39:37.524 I/ThermalEngine(  290): Mitigation:VDD[MODEM-cpuv_restriction_cold]:0
09-17 16:39:37.524 I/ThermalEngine(  290): ACTION: ADSP - Pending request: cpuv_restriction_cold mitigation succeeded for level 0.
09-17 16:39:37.524 I/ThermalEngine(  290): Mitigation:VDD[ADSP-cpuv_restriction_cold]:0
09-17 16:39:37.524 V/SamsungPowerSound(  496): [Exit] SamsungPowerSoundObserver threadFunc
09-17 16:39:37.524 V/SamsungPowerSound(  496): -------- SamsungPowerSoundObserver Destructor ---------
09-17 16:39:37.524 V/SamsungPowerSound(  496): -------- SamsungPowerSoundPlayer Destructor ---------
09-17 16:39:37.534 V/NatController(  258): runCmd(/system/bin/iptables -N natctrl_tether_counters) res=0
09-17 16:39:37.544 W/AudioFlinger(  270): Thread AudioOut_2 cannot connect to the power manager service
09-17 16:39:37.544 E/AudioFlinger(  270): no wake lock to update!
09-17 16:39:37.554 V/AudioPolicyManagerBase(  270): stopOutput() output 2, stream 1, session 7
09-17 16:39:37.554 V/AudioPolicyManagerBase(  270): changeRefCount() stream 1, count 0
09-17 16:39:37.554 W/AudioPolicyManagerBase(  270): stream type [13], return media strategy
09-17 16:39:37.554 W/AudioPolicyManagerBase(  270): stream type [13], return media strategy
09-17 16:39:37.554 W/AudioPolicyManagerBase(  270): stream type [13], return media strategy
09-17 16:39:37.554 W/AudioPolicyManagerBase(  270): stream type [13], return media strategy
09-17 16:39:37.554 W/AudioPolicyManagerBase(  270): stream type [13], return media strategy
09-17 16:39:37.554 W/AudioPolicyManagerBase(  270): stream type [13], return media strategy
09-17 16:39:37.554 V/AudioPolicyManagerBase(  270): getNewDevice() selected device 0
09-17 16:39:37.554 V/AudioPolicyManagerBase(  270): setOutputDevice() output 2 device 0000 force 0 delayMs 160 
09-17 16:39:37.554 V/AudioPolicyManagerBase(  270): setOutputDevice() prevDevice (0002)
09-17 16:39:37.554 W/AudioPolicyManagerBase(  270): stream type [13], return media strategy
09-17 16:39:37.554 W/AudioPolicyManagerBase(  270): stream type [13], return media strategy
09-17 16:39:37.554 V/AudioPolicyManagerBase(  270): setOutputDevice() setting same device 0000 or null device for output 2
09-17 16:39:37.554 V/AudioPolicyManagerBase(  270): releaseOutput() 2
09-17 16:39:37.584 I/Zygote  (  268): !@Boot: EndofpreloadClasses()
09-17 16:39:37.594 D/libEGL  (  268): loaded /vendor/lib/egl/libEGL_adreno.so
09-17 16:39:37.594 D/libEGL  (  268): loaded /vendor/lib/egl/libGLESv1_CM_adreno.so
09-17 16:39:37.594 D/libEGL  (  268): loaded /vendor/lib/egl/libGLESv2_adreno.so
09-17 16:39:37.594 E/Zygote  (  268):  adjust 7400 7273
09-17 16:39:37.614 D/dalvikvm(  268): GC_EXPLICIT freed 1141K, 7% free 17273K/18420K, paused 1ms+2ms, total 17ms
09-17 16:39:37.624 I/Zygote  (  268): Monitor End
09-17 16:39:37.634 D/dalvikvm(  268): GC_EXPLICIT freed 46K, 7% free 17227K/18420K, paused 1ms+2ms, total 15ms
09-17 16:39:37.644 D/dalvikvm(  268): GC_EXPLICIT freed <1K, 7% free 17227K/18420K, paused 1ms+2ms, total 14ms
09-17 16:39:37.654 I/dalvikvm(  268): System server process 815 has been created
09-17 16:39:37.654 I/SELinux (  815): Function: selinux_android_load_priority [0], There is no sepolicy file.
09-17 16:39:37.654 I/SELinux (  815):  
09-17 16:39:37.654 I/SELinux (  815): Function: selinux_android_load_priority [1], There is no sepolicy version file.
09-17 16:39:37.654 I/SELinux (  815):  
09-17 16:39:37.654 I/SELinux (  815): Function: selinux_android_load_priority , loading version is VE=SEPF_SM-N9008_4.4.2_0018
09-17 16:39:37.654 I/SELinux (  815):  
09-17 16:39:37.654 I/SELinux (  815):  
09-17 16:39:37.654 I/SELinux (  815): selinux_android_seapp_context_reload: seapp_contexts file is loaded from /seapp_contexts
09-17 16:39:37.654 I/Zygote  (  268): Accepting command socket connections
09-17 16:39:37.754 E/PPDaemon(  487): Failed to open file /data/pp_data.cfg
09-17 16:39:37.754 E/PPDaemon(  487): Failed to get the saved hsic config
09-17 16:39:37.764 I/Atfwd_Daemon(  481): result : 255 	 ,Init step :0 	 ,qmiErrorCode: 0
09-17 16:39:37.764 I/Atfwd_Daemon(  481): result : 0 	 ,Init step :1 	 ,qmiErrorCode: 0
09-17 16:39:37.764 I/ServiceManager(  481): Waiting for service AtCmdFwd...
09-17 16:39:37.854 D/SensorService(  815): nuSensorService starting...
09-17 16:39:37.854 W/linker  (  815): libsensirion_h_2.so has text relocations. This is wasting memory and is a security risk. Please fix.
09-17 16:39:37.864 E/Sensors (  815): Mag old sensor_state 0, new sensor_state : 16 en : 1
09-17 16:39:37.874 I/Sensors (  815): getName:gyro_sensor name = MPU6500.
09-17 16:39:37.874 I/Sensors (  815): getName:barometer_sensor name = BMP180.
09-17 16:39:37.874 E/Sensors (  815): Pressure old sensor_state 16, new sensor_state : 48 en : 1
09-17 16:39:37.874 D/MDnsDS  (  258): MDnsSdListener::Hander starting up
09-17 16:39:37.874 D/MDnsDS  (  258): MDnsSdListener starting to monitor
09-17 16:39:37.874 D/MDnsDS  (  258): Going to poll with pollCount 1
09-17 16:39:37.884 I/Sensors (  815): PressureSensor:pressure_sensor name = BMP180.
09-17 16:39:37.884 E/Sensors (  815): Proximity old sensor_state 48, new sensor_state : 176 en : 1
09-17 16:39:37.894 W/ResourceType(  815): Failure getting entry for 0x7f020000 (t=1 e=0) in package 0 (error -75)
09-17 16:39:37.904 I/LightSensor(  815): get_window_type is successful. Window_type = 1
09-17 16:39:37.904 E/LightSensor(  815): Light old sensor_state 176, new sensor_state : 688 en : 1
09-17 16:39:37.904 D/TemperatureHumiditySensor(  815): Library ID match: linked h_2-2; engine: h_2-2
09-17 16:39:37.904 D/SensirionCompensationEngine(  815): loading from library 2 v1.1.2.10
09-17 16:39:37.914 W/ResourceType(  815): Failure getting entry for 0x7f020000 (t=1 e=0) in package 0 (error -75)
09-17 16:39:37.924 D/SensirionCompensationEngine(  815): CompensationEngine started (2, 002.ps (binary))
09-17 16:39:37.924 D/SensirionCompensationEngine(  815): loaded engine SHTC1_1.1.2.10_20130822
09-17 16:39:37.924 D/TemperatureHumiditySensor(  815): Successfully loaded compensation engine version: SHTC1_1.1.2.10_20130822 157
09-17 16:39:37.924 W/ResourceType(  815): Failure getting entry for 0x7f02023b (t=1 e=571) in package 0 (error -75)
09-17 16:39:37.924 W/ResourceType(  815): Failure getting entry for 0x7f02023c (t=1 e=572) in package 0 (error -75)
09-17 16:39:37.924 E/Sensors (  815): Mag old sensor_state 688, new sensor_state : 692 en : 1
09-17 16:39:37.924 W/ResourceType(  815): Failure getting entry for 0x7f02023a (t=1 e=570) in package 0 (error -75)
09-17 16:39:37.924 E/Sensors (  815): SigMotionSensor old sensor_state 692, new sensor_state : 8884 en : 1
09-17 16:39:37.934 E/Sensors (  815): U_Gyro old sensor_state 8884, new sensor_state : 25268 en : 1
09-17 16:39:37.944 E/Sensors (  815): StepCounterSensor old sensor_state 25268, new sensor_state : 156340 en : 1
09-17 16:39:37.954 W/ResourceType(  815): Failure getting entry for 0x7f020000 (t=1 e=0) in package 0 (error -75)
09-17 16:39:37.954 W/ResourceType(  815): Failure getting entry for 0x7f020000 (t=1 e=0) in package 0 (error -75)
09-17 16:39:37.954 W/ResourceType(  815): Failure getting entry for 0x7f020000 (t=1 e=0) in package 0 (error -75)
09-17 16:39:37.954 W/ResourceType(  815): Failure getting entry for 0x7f02001e (t=1 e=30) in package 0 (error -75)
09-17 16:39:37.954 I/Sensors (  815): sensors__get_sensors_list:pressure sensor name = BMP180.
09-17 16:39:37.954 E/Sensors (  815): Mag old sensor_state 156340, new sensor_state : 156324 en : 0
09-17 16:39:37.974 E/Sensors (  815): Mag old sensor_state 156324, new sensor_state : 156320 en : 0
09-17 16:39:37.984 E/Sensors (  815): Pressure old sensor_state 156320, new sensor_state : 156288 en : 0
09-17 16:39:37.984 E/Sensors (  815): Proximity old sensor_state 156288, new sensor_state : 156160 en : 0
09-17 16:39:37.994 W/ResourceType(  815): Failure getting entry for 0x7f020000 (t=1 e=0) in package 0 (error -75)
09-17 16:39:37.994 E/LightSensor(  815): Light old sensor_state 156160, new sensor_state : 155648 en : 0
09-17 16:39:38.004 W/ResourceType(  815): Failure getting entry for 0x7f02074c (t=1 e=1868) in package 0 (error -75)
09-17 16:39:38.004 W/ResourceType(  815): Failure getting entry for 0x7f0c01dc (t=11 e=476) in package 0 (error -75)
09-17 16:39:38.004 W/ResourceType(  815): Failure getting entry for 0x7f0c01dd (t=11 e=477) in package 0 (error -75)
09-17 16:39:38.004 W/ResourceType(  815): Failure getting entry for 0x7f0c01de (t=11 e=478) in package 0 (error -75)
09-17 16:39:38.004 W/ResourceType(  815): Failure getting entry for 0x7f0c01df (t=11 e=479) in package 0 (error -75)
09-17 16:39:38.004 I/TemperatureHumiditySensor(  815): Temperature&Humidity enable(): handle(7), en(0), what(0/0:humi,1:temp, old enabled : 0)
09-17 16:39:38.004 I/TemperatureHumiditySensor(  815): old sensor_state 155648, new sensor_state : 155648 en : 0
09-17 16:39:38.004 I/TemperatureHumiditySensor(  815): Temperature&Humidity enable(): handle(8), en(0), what(1/0:humi,1:temp, old enabled : 0)
09-17 16:39:38.004 I/TemperatureHumiditySensor(  815): old sensor_state 155648, new sensor_state : 155648 en : 0
09-17 16:39:38.004 E/Sensors (  815): StepCounterSensor old sensor_state 155648, new sensor_state : 24576 en : 0
09-17 16:39:38.004 W/ResourceType(  815): Failure getting entry for 0x7f030001 (t=2 e=1) in package 0 (error -75)
09-17 16:39:38.014 W/ResourceType(  815): Failure getting entry for 0x7f030000 (t=2 e=0) in package 0 (error -75)
09-17 16:39:38.014 W/ResourceType(  815): Failure getting entry for 0x7f02074c (t=1 e=1868) in package 0 (error -75)
09-17 16:39:38.014 W/ResourceType(  815): Failure getting entry for 0x7f02074c (t=1 e=1868) in package 0 (error -75)
09-17 16:39:38.014 W/ResourceType(  815): Failure getting entry for 0x7f030003 (t=2 e=3) in package 0 (error -75)
09-17 16:39:38.014 W/ResourceType(  815): Failure getting entry for 0x7f030004 (t=2 e=4) in package 0 (error -75)
09-17 16:39:38.014 W/ResourceType(  815): Failure getting entry for 0x7f030005 (t=2 e=5) in package 0 (error -75)
09-17 16:39:38.014 W/ResourceType(  815): Failure getting entry for 0x7f030001 (t=2 e=1) in package 0 (error -75)
09-17 16:39:38.024 E/Sensors (  815): SigMotionSensor old sensor_state 24576, new sensor_state : 16384 en : 0
09-17 16:39:38.024 W/ResourceType(  815): Failure getting entry for 0x7f030001 (t=2 e=1) in package 0 (error -75)
09-17 16:39:38.024 W/ResourceType(  815): Failure getting entry for 0x7f020014 (t=1 e=20) in package 0 (error -75)
09-17 16:39:38.024 W/ResourceType(  815): Failure getting entry for 0x7f030001 (t=2 e=1) in package 0 (error -75)
09-17 16:39:38.034 W/ResourceType(  815): Failure getting entry for 0x7f020911 (t=1 e=2321) in package 0 (error -75)
09-17 16:39:38.034 E/Sensors (  815): U_Gyro old sensor_state 16384, new sensor_state : 0 en : 0
09-17 16:39:38.034 I/Sensors (  815): sensors__get_sensors_list:pressure sensor name = BMP180.
09-17 16:39:38.034 I/SensorService(  815): MPU6500 Acceleration Sensor
09-17 16:39:38.034 I/SensorService(  815): YAS532 Magnetic Sensor
09-17 16:39:38.034 I/SensorService(  815): YAS532 Uncalibrated Magnetic Sensor
09-17 16:39:38.034 I/SensorService(  815): MPU6500 Gyroscope Sensor
09-17 16:39:38.034 I/SensorService(  815): Barometer Sensor
09-17 16:39:38.034 I/SensorService(  815): MAX88921 Proximity Sensor
09-17 16:39:38.034 I/SensorService(  815): MAX88921 RGB Sensor
09-17 16:39:38.034 I/SensorService(  815): SHTC1 relative humidity sensor
09-17 16:39:38.034 I/SensorService(  815): SHTC1 ambient temperature sensor
09-17 16:39:38.034 I/SensorService(  815): MPL Game Rotation Vector
09-17 16:39:38.034 I/SensorService(  815): SAMSUNG Step Detector Sensor
09-17 16:39:38.034 I/SensorService(  815): SAMSUNG Step Counter Sensor
09-17 16:39:38.034 I/SensorService(  815): SAMSUNG Significant Motion Sensor
09-17 16:39:38.034 I/SensorService(  815): MPU6500 Uncalibrated Gyroscope Sensor
09-17 16:39:38.034 I/Sensors (  815): sensors__get_sensors_list:pressure sensor name = BMP180.
09-17 16:39:38.034 I/Sensors (  815): sensors__get_sensors_list:pressure sensor name = BMP180.
09-17 16:39:38.034 D/SensorService(  815): MotionSensorEngine::MotionSensorEngine: MotionSensorEngine Registered : Checking state = 7 
09-17 16:39:38.034 D/SensorService(  815): MotionSensor::MotionSensor: MotionSensor Registered : Checking state = 0 
09-17 16:39:38.034 D/SensorService(  815): ControlMotionSensor::ControlMotionSensor: ControlMotionSensor Registered : Checking state = 0 
09-17 16:39:38.034 D/SensorService(  815): Max socket buffer size 1048576
09-17 16:39:38.034 W/ResourceType(  815): Failure getting entry for 0x7f0d004f (t=12 e=79) in package 0 (error -75)
09-17 16:39:38.034 I/RemoteDesktopService(  815): RemoteDesktopService started (pid=815)
09-17 16:39:38.034 D/SensorService(  815): nuSensorService thread starting...
09-17 16:39:38.034 D/Sensors (  815): ProximitySensor : mHasPendingEvent mEnabled = 0
09-17 16:39:38.044 I/Sensors (  815): ProximitySensor - 8(cm)
09-17 16:39:38.044 I/SurfaceFlinger(  267): SurfaceFlinger::getDefaultHardwareDisplayInfo
09-17 16:39:38.044 I/SurfaceFlinger(  267): SurfaceFlinger::getDefaultHardwareDisplayInfo PrimaryDisplay
09-17 16:39:38.044 I/RemoteDesktopService(  815): RemoteDesktopService::initHardwareScreenInfo() w = 1080, h = 1920 format = 44
09-17 16:39:38.044 W/ResourceType(  815): Failure getting entry for 0x7f020255 (t=1 e=597) in package 0 (error -75)
09-17 16:39:38.044 W/ResourceType(  815): Failure getting entry for 0x7f020004 (t=1 e=4) in package 0 (error -75)
09-17 16:39:38.044 W/ResourceType(  815): Failure getting entry for 0x7f040001 (t=3 e=1) in package 0 (error -75)
09-17 16:39:38.064 W/ResourceType(  815): Failure getting entry for 0x7f02001d (t=1 e=29) in package 0 (error -75)
09-17 16:39:38.094 W/ResourceType(  815): Failure getting entry for 0x7f020000 (t=1 e=0) in package 0 (error -75)
09-17 16:39:38.104 W/ResourceType(  815): Failure getting entry for 0x7f020000 (t=1 e=0) in package 0 (error -75)
09-17 16:39:38.114 W/ResourceType(  815): Failure getting entry for 0x7f020005 (t=1 e=5) in package 0 (error -75)
09-17 16:39:38.124 W/ResourceType(  815): Failure getting entry for 0x7f020000 (t=1 e=0) in package 0 (error -75)
09-17 16:39:38.164 W/ResourceType(  815): Failure getting entry for 0x7f020000 (t=1 e=0) in package 0 (error -75)
09-17 16:39:38.174 W/ResourceType(  815): Failure getting entry for 0x7f020003 (t=1 e=3) in package 0 (error -75)
09-17 16:39:38.174 W/ResourceType(  815): Failure getting entry for 0x7f020075 (t=1 e=117) in package 0 (error -75)
09-17 16:39:38.184 W/ResourceType(  815): Failure getting entry for 0x7f020000 (t=1 e=0) in package 0 (error -75)
09-17 16:39:38.194 W/ResourceType(  815): Failure getting entry for 0x7f020000 (t=1 e=0) in package 0 (error -75)
09-17 16:39:38.194 W/ResourceType(  815): Failure getting entry for 0x7f020002 (t=1 e=2) in package 0 (error -75)
09-17 16:39:38.204 W/ResourceType(  815): Failure getting entry for 0x7f020006 (t=1 e=6) in package 0 (error -75)
09-17 16:39:38.224 I/installd(  273): new connection
09-17 16:39:38.234 I/QCOM PowerHAL(  815): QCOM power HAL initing.
09-17 16:39:38.234 W/ResourceType(  815): Failure getting entry for 0x7f02043d (t=1 e=1085) in package 0 (error -75)
09-17 16:39:38.234 W/ResourceType(  815): Failure getting entry for 0x7f02043d (t=1 e=1085) in package 0 (error -75)
09-17 16:39:38.234 W/ResourceType(  815): Failure getting entry for 0x7f02043d (t=1 e=1085) in package 0 (error -75)
09-17 16:39:38.234 W/ResourceType(  815): Failure getting entry for 0x7f020463 (t=1 e=1123) in package 0 (error -75)
09-17 16:39:38.244 W/ResourceType(  815): Failure getting entry for 0x7f02043d (t=1 e=1085) in package 0 (error -75)
09-17 16:39:38.244 W/ResourceType(  815): Failure getting entry for 0x7f020143 (t=1 e=323) in package 0 (error -75)
09-17 16:39:38.244 W/ResourceType(  815): Failure getting entry for 0x7f020143 (t=1 e=323) in package 0 (error -75)
09-17 16:39:38.244 W/ResourceType(  815): Failure getting entry for 0x7f020143 (t=1 e=323) in package 0 (error -75)
09-17 16:39:38.254 W/ResourceType(  815): Failure getting entry for 0x7f02001e (t=1 e=30) in package 0 (error -75)
09-17 16:39:38.254 W/ResourceType(  815): Failure getting entry for 0x7f08007d (t=7 e=125) in package 0 (error -75)
09-17 16:39:38.254 W/ResourceType(  815): Failure getting entry for 0x7f08007e (t=7 e=126) in package 0 (error -75)
09-17 16:39:38.254 W/ResourceType(  815): Failure getting entry for 0x7f08007f (t=7 e=127) in package 0 (error -75)
09-17 16:39:38.254 W/ResourceType(  815): Failure getting entry for 0x7f080080 (t=7 e=128) in package 0 (error -75)
09-17 16:39:38.264 W/ResourceType(  815): Failure getting entry for 0x7f020007 (t=1 e=7) in package 0 (error -75)
09-17 16:39:38.264 W/ResourceType(  815): Failure getting entry for 0x7f0200bc (t=1 e=188) in package 0 (error -75)
09-17 16:39:38.264 W/ResourceType(  815): Failure getting entry for 0x7f0200bd (t=1 e=189) in package 0 (error -75)
09-17 16:39:38.264 W/ResourceType(  815): Failure getting entry for 0x7f0200be (t=1 e=190) in package 0 (error -75)
09-17 16:39:38.274 W/ResourceType(  815): Failure getting entry for 0x7f02043e (t=1 e=1086) in package 0 (error -75)
09-17 16:39:38.274 W/ResourceType(  815): Failure getting entry for 0x7f02043e (t=1 e=1086) in package 0 (error -75)
09-17 16:39:38.274 W/ResourceType(  815): Failure getting entry for 0x7f02043e (t=1 e=1086) in package 0 (error -75)
