06-20 12:29:37.260 I/SurfaceFlinger(  267): Using composer version 1.3
06-20 12:29:37.260 I/qdhwcomposer(  267): hwc_registerProcs
06-20 12:29:37.260 I/qdhwcomposer(  267): Initializing UEVENT Thread
06-20 12:29:37.260 I/qdhwcomposer(  267): Initializing VSYNC Thread
06-20 12:29:37.260 D/qdhwcomposer(  267): hwc_getDisplayAttributes disp = 0, width = 1080
06-20 12:29:37.260 D/qdhwcomposer(  267): hwc_getDisplayAttributes disp = 0, height = 1920
06-20 12:29:37.270 I/qdhwcomposer(  267): vsync_loop: Reading vsync for dpy=0 from /sys/class/graphics/fb0/vsync_event
06-20 12:29:37.270 I/SurfaceFlinger(  267): EGL informations:
06-20 12:29:37.270 I/SurfaceFlinger(  267): vendor    : Android
06-20 12:29:37.270 I/SurfaceFlinger(  267): version   : 1.4 Android META-EGL
06-20 12:29:37.270 I/SurfaceFlinger(  267): extensions: EGL_KHR_get_all_proc_addresses EGL_ANDROID_presentation_time EGL_KHR_image EGL_KHR_image_base EGL_KHR_lock_surface EGL_KHR_gl_texture_2D_image EGL_KHR_gl_texture_cubemap_image EGL_KHR_gl_renderbuffer_image EGL_KHR_fence_sync EGL_KHR_create_context EGL_EXT_create_context_robustness EGL_ANDROID_image_native_buffer EGL_KHR_wait_sync EGL_ANDROID_recordable 
06-20 12:29:37.270 I/SurfaceFlinger(  267): Client API: OpenGL_ES
06-20 12:29:37.270 I/SurfaceFlinger(  267): EGLSurface: 8-8-8-8, config=0x5
06-20 12:29:37.320 I/SurfaceFlinger(  267): OpenGL ES informations:
06-20 12:29:37.320 I/SurfaceFlinger(  267): vendor    : Qualcomm
06-20 12:29:37.320 I/SurfaceFlinger(  267): renderer  : Adreno (TM) 330
06-20 12:29:37.320 I/SurfaceFlinger(  267): version   : OpenGL ES 3.0 V@66.0 AU@  (CL@)
06-20 12:29:37.320 I/SurfaceFlinger(  267): extensions: GL_AMD_compressed_ATC_texture GL_AMD_performance_monitor GL_AMD_program_binary_Z400 GL_EXT_debug_label GL_EXT_debug_marker GL_EXT_discard_framebuffer GL_EXT_robustness GL_EXT_texture_format_BGRA8888 GL_EXT_texture_type_2_10_10_10_REV GL_NV_fence GL_OES_compressed_ETC1_RGB8_texture GL_OES_depth_texture GL_OES_depth24 GL_OES_EGL_image GL_OES_EGL_image_external GL_OES_element_index_uint GL_OES_fbo_render_mipmap GL_OES_fragment_precision_high GL_OES_get_program_binary GL_OES_packed_depth_stencil GL_OES_depth_texture_cube_map GL_OES_rgb8_rgba8 GL_OES_standard_derivatives GL_OES_texture_3D GL_OES_texture_float GL_OES_texture_half_float GL_OES_texture_half_float_linear GL_OES_texture_npot GL_OES_vertex_half_float GL_OES_vertex_type_10_10_10_2 GL_OES_vertex_array_object GL_QCOM_alpha_test GL_QCOM_binning_control GL_QCOM_driver_control GL_QCOM_perfmon_global_mode GL_QCOM_extended_get GL_QCOM_extended_get2 GL_QCOM_tiled_rendering GL_QCOM_writeonly_rendering GL_EXT_sRGB GL_EXT_sRGB_write_control GL_EXT_text
06-20 12:29:37.320 I/SurfaceFlinger(  267): GL_MAX_TEXTURE_SIZE = 4096
06-20 12:29:37.320 I/SurfaceFlinger(  267): GL_MAX_VIEWPORT_DIMS = 4096
06-20 12:29:37.410 E/Sensorhubs(  276): Gesture old sensor_state 0, new sensor_state : 64 en : 1
06-20 12:29:37.410 E/Sensorhubs(  276): Gesture old sensor_state 64, new sensor_state : 0 en : 0
06-20 12:29:37.420 I/SensorHubService(  276): HardwareSensorHub
06-20 12:29:37.420 I/SensorHubService(  276): HardwareSensorHub
06-20 12:29:37.420 D/SensorHubService(  276): nuSensorHubService thread starting...
06-20 12:29:37.420 I/sensorhubservice(  276): SensorHubService is starting now........................................
06-20 12:29:37.540 E/libcac2gpu(  285): cac2gpu_mem_alloc() allocating 3284992 bytes
06-20 12:29:37.540 E/libcac2gpu(  285): cac2gpu_mem_alloc() allocating 3284992 bytes
06-20 12:29:37.580 E/SMD     (  261): smd Interface open failed errno is 19 -1
06-20 12:29:37.580 D/AndroidRuntime(  268): setted country_code = China
06-20 12:29:37.590 I/keystore(  275): property_value() : Ready
06-20 12:29:37.600 D/AndroidRuntime(  268): setted countryiso_code = CN
06-20 12:29:37.600 D/SurfaceFlinger(  267): Screen acquired, type=0 flinger=0xb8543500
06-20 12:29:37.600 D/qdhwcomposer(  267): hwc_blank: Unblanking display: 0
06-20 12:29:37.600 E/qdexternal(  267): writeHPDOption: file write failed '/sys/devices/virtual/graphics/fb1/hpd'
06-20 12:29:37.600 D/qdhwcomposer(  267): hwc_blank: Done unblanking display: 0
06-20 12:29:37.620 I/Atfwd_Daemon(  481): ATFWD --> QMI Port : rmnet1
06-20 12:29:37.630 E/wcnss_service(  486): source file do not exist /system/etc/wifi/WCNSS_qcom_cfg.ini
06-20 12:29:37.630 E/wcnss_service(  486): CAL file not found
06-20 12:29:37.630 E/wcnss_service(  486): Failed to open wcnss device : No such file or directory
06-20 12:29:37.630 D/QC-time-services(  485): Daemon:genoff_pre_init::Base = 0
06-20 12:29:37.630 D/QC-time-services(  485): Daemon:ats_rtc_init: Time read from RTC -- year = 70, month = 5,day = 20
06-20 12:29:37.630 E/INSTHK  (  499): Checked...
06-20 12:29:37.640 D/AndroidRuntime(  268): setted sales_code = CHM
06-20 12:29:37.640 D/AndroidRuntime(  268): readGMSProperty: start
06-20 12:29:37.640 D/AndroidRuntime(  268): readGMSProperty: already setted!!
06-20 12:29:37.640 D/AndroidRuntime(  268): readGMSProperty: end
06-20 12:29:37.640 D/AndroidRuntime(  268): addProductProperty: start
06-20 12:29:37.640 E/librnrgpu(  285): rnrgpu_mem_alloc() allocating 3313664 bytes
06-20 12:29:37.640 I/CSTORAGE(  497): ================================================
06-20 12:29:37.640 I/CSTORAGE(  497):  CSTORAGE v1.0.6
06-20 12:29:37.640 I/CSTORAGE(  497): ================================================
06-20 12:29:37.640 I/CSTORAGE(  497): ================================================
06-20 12:29:37.640 I/CSTORAGE(  497):  CSTORAGE_SKM_LIB v1.0.6
06-20 12:29:37.640 I/CSTORAGE(  497): ================================================
06-20 12:29:37.650 D/CSTORAGE(  497): init_service_key: performing initialization of service key, serviceName=KNOX
06-20 12:29:37.650 D/QSEECOMAPI: (  497): QSEECom_get_handle sb_length = 0x2040
06-20 12:29:37.650 D/QSEECOMAPI: (  497): App is not loaded in QSEE
06-20 12:29:37.650 I/rmt_storage(  500): No EBR found
06-20 12:29:37.650 I/rmt_storage(  500): Error (-1) parsing MBR partitions
06-20 12:29:37.650 I/rmt_storage(  500): Registering modemst1: 0x4a /boot/modem_fs1
06-20 12:29:37.650 I/rmt_storage(  500): Registering modemst2: 0x4b /boot/modem_fs2
06-20 12:29:37.650 I/rmt_storage(  500): Registering fsg: 0x58 /boot/modem_fsg
06-20 12:29:37.650 I/rmt_storage(  500): Registering ssd: 0x5d ssd
06-20 12:29:37.650 I/rmt_storage(  500): Registering fsc: 0xff /boot/modem_fsc
06-20 12:29:37.650 I/rmt_storage(  500): 5 GPT partitions found
06-20 12:29:37.660 D/QC-time-services(  485): Daemon:Value read from RTC seconds = 14704177000
06-20 12:29:37.660 D/QC-time-services(  485): Daemon:genoff_init_config: ATS_RTC initialized
06-20 12:29:37.660 D/QC-time-services(  485): Daemon:genoff_pre_init::Base = 1
06-20 12:29:37.660 D/QC-time-services(  485): Daemon: Storage Name: ats_1 
06-20 12:29:37.660 D/QC-time-services(  485): Daemon:Opening File: /data/time/ats_1
06-20 12:29:37.660 D/QC-time-services(  485): Daemon:time_persistent_memory_opr:Genoff Read operation 
06-20 12:29:37.660 D/AT_Distributor(  478): gUartPath = /dev/ttyHSL0
06-20 12:29:37.660 D/AT_Distributor(  478): UART ttyHSL0 is not used by console
06-20 12:29:37.660 I/rmt_storage(  500): rmt_storage_connect_cb: clnt_h=0x1 conn_h=0xb8143da8
06-20 12:29:37.660 I/rmt_storage(  500): rmt_storage_open_cb: /boot/modem_fs1: clnt_h=0x1: req_h=0x1 msg_id=1: Client found
06-20 12:29:37.660 I/rmt_storage(  500): rmt_storage_open_cb: /boot/modem_fs1: clnt_h=0x1: req_h=0x1 msg_id=1: Send response: res=0 err=0
06-20 12:29:37.660 I/rmt_storage(  500): rmt_storage_connect_cb: clnt_h=0x2 conn_h=0xb8143e00
06-20 12:29:37.660 I/rmt_storage(  500): rmt_storage_open_cb: /boot/modem_fs2: clnt_h=0x2: req_h=0x2 msg_id=1: Client found
06-20 12:29:37.660 I/rmt_storage(  500): rmt_storage_open_cb: /boot/modem_fs2: clnt_h=0x2: req_h=0x2 msg_id=1: Send response: res=0 err=0
06-20 12:29:37.660 I/rmt_storage(  500): rmt_storage_connect_cb: clnt_h=0x3 conn_h=0xb8143e58
06-20 12:29:37.660 I/rmt_storage(  500): rmt_storage_open_cb: /boot/modem_fsg: clnt_h=0x3: req_h=0x3 msg_id=1: Client found
06-20 12:29:37.660 I/rmt_storage(  500): rmt_storage_open_cb: /boot/modem_fsg: clnt_h=0x3: req_h=0x3 msg_id=1: Send response: res=0 err=0
06-20 12:29:37.660 I/rmt_storage(  500): rmt_storage_connect_cb: clnt_h=0x4 conn_h=0xb8143eb0
06-20 12:29:37.660 I/rmt_storage(  500): rmt_storage_open_cb: /boot/modem_fsc: clnt_h=0x4: req_h=0x4 msg_id=1: Client found
06-20 12:29:37.660 I/rmt_storage(  500): rmt_storage_open_cb: /boot/modem_fsc: clnt_h=0x4: req_h=0x4 msg_id=1: Send response: res=0 err=0
06-20 12:29:37.660 I/rmt_storage(  500): rmt_storage_alloc_buff_cb: /boot/modem_fs1: clnt_h=0x1: req_h=0x5 msg_id=4: Alloc request received: Size: 1572864
06-20 12:29:37.660 I/rmt_storage(  500): rmt_storage_alloc_buff_cb: /boot/modem_fs1: clnt_h=0x1: req_h=0x5 msg_id=4: Send response: res=0 err=0
06-20 12:29:37.660 D/PPDaemon(  487): CABL version 1.1.20130401
06-20 12:29:37.660 I/rmt_storage(  500): rmt_storage_rw_iovec_cb: /boot/modem_fsg: clnt_h=0x3: req_h=0x6 msg_id=3: R/W request received
06-20 12:29:37.660 I/rmt_storage(  500): Shared mem address set to 0xb697a000
06-20 12:29:37.660 I/rmt_storage(  500): wakelock acquired: 1, error no: 42
06-20 12:29:37.670 E/PPDaemon(  487): Failed to open the config file!
06-20 12:29:37.670 D/PPDaemon(  487): isHDMIPrimary: HDMI is not primary display
06-20 12:29:37.670 D/PPDaemon(  487): int dcm_os_intf_control(boolean): Entering
06-20 12:29:37.670 D/PPDaemon(  487): Calling LSM init 
06-20 12:29:37.670 I/rmt_storage(  500): rmt_storage_client_thread: /boot/modem_fs1: clnt_h=0x1 Worker thread started
06-20 12:29:37.670 I/rmt_storage(  500): wake lock name: rmt_storage_-1206632728, name creation success: 23
06-20 12:29:37.670 I/rmt_storage(  500): rmt_storage_client_thread: /boot/modem_fs2: clnt_h=0x2 Worker thread started
06-20 12:29:37.670 I/rmt_storage(  500): wake lock name: rmt_storage_-1206631880, name creation success: 23
06-20 12:29:37.670 D/PPDaemon(  487): Diag_LSM_Init succeeded. 
06-20 12:29:37.670 D/PPDaemon(  487): int dcm_os_intf_control(boolean): Exiting
06-20 12:29:37.670 I/rmt_storage(  500): rmt_storage_client_thread: /boot/modem_fsg: clnt_h=0x3 Worker thread started
06-20 12:29:37.670 I/rmt_storage(  500): wake lock name: rmt_storage_-1206631296, name creation success: 23
06-20 12:29:37.670 D/AT_Distributor(  478): read(/efs/imei/mps_code.dat) : CHM
06-20 12:29:37.670 I/rmt_storage(  500): rmt_storage_client_thread: /boot/modem_fsc: clnt_h=0x4 Worker thread started
06-20 12:29:37.670 I/rmt_storage(  500): wake lock name: rmt_storage_-1206630712, name creation success: 23
06-20 12:29:37.670 D/AT_Distributor(  478): read(/efs/FactoryApp/hist_nv) : 
06-20 12:29:37.680 D/AT_Distributor(  478): read(/efs/FactoryApp/fdata) : N0NN
06-20 12:29:37.680 I/rmt_storage(  500): rmt_storage_client_thread: /boot/modem_fsg: clnt_h=0x3: req_h=0x6 msg_id=3: Bytes read = 512
06-20 12:29:37.680 I/rmt_storage(  500): rmt_storage_client_thread: /boot/modem_fsg: clnt_h=0x3: req_h=0x6 msg_id=3: Send response: res=0 err=0
06-20 12:29:37.680 I/rmt_storage(  500): rmt_storage_client_thread: /boot/modem_fsg: clnt_h=0x3 About to block rmt_storage client thread (th_id: -1206631296) wakelock released: 0, error no: 22
06-20 12:29:37.680 I/rmt_storage(  500): 
06-20 12:29:37.680 I/rmt_storage(  500): rmt_storage_rw_iovec_cb: /boot/modem_fs1: clnt_h=0x1: req_h=0x7 msg_id=3: R/W request received
06-20 12:29:37.680 I/rmt_storage(  500): Shared mem address set to 0xb697a000
06-20 12:29:37.680 I/rmt_storage(  500): wakelock acquired: 1, error no: 42
06-20 12:29:37.680 I/rmt_storage(  500): rmt_storage_client_thread: /boot/modem_fs1: clnt_h=0x1 Unblock worker thread (th_id: -1206632728)
06-20 12:29:37.680 D/QC-time-services(  485): Daemon:genoff_pre_init::Base = 2
06-20 12:29:37.680 D/QC-time-services(  485): Daemon: Storage Name: ats_2 
06-20 12:29:37.680 D/QC-time-services(  485): Daemon:Opening File: /data/time/ats_2
06-20 12:29:37.680 D/QC-time-services(  485): Daemon:time_persistent_memory_opr:Genoff Read operation 
06-20 12:29:37.690 W/QCamera2Factory(  270): QCamera2Factory : Num of camera 2
06-20 12:29:37.700 I/SecureStorage(  506): [INFO]: SPID(0x00000001)Secure Storage Daemon is preparing to run
06-20 12:29:37.700 I/SecureStorage(  506): [INFO]: SPID(0x00000001)Secure Storage Daemon successfully binded a socket
06-20 12:29:37.710 D/AT_Distributor(  478): read(/efs/FactoryApp/test_nv) : 001P002N003N004N005N006N007P008N009N010N011P012P013N014P015P016P017P018N019N020N021P022P023P024P025P026N027P028N029N030P031P032P033P034P035N036N037P038P039P040P041P042P043P044P045N046P047P048P049P050P051N052N053N054N055N056N057N058N059N060N061N062P063N064N065N066N067N068P069N070P071P072P073P074N075P076N077P078N079N080P081N082P083N084N085N086N087N088N089N090N091N092N093N094N095N096N097N098N099N100N101N102N103N104N105N106N107N108N109N110N111N112N113N114N115N116N117N118N119N120N121N122N123N124N125N126N127N128N129N130N131N132N133N134N135N136N137N138N139N140N141N142N143N144N145N146N147N148N149N150N151N152N153N154N155N156N157N158N159N160N161N162N163N164N165N166N167N168N169N170N171N172N173N174N175N176N177N178N179N180N181N182N183N184N185N186N187N188N189N190N191N192N193N194N195N196N197N198N199N200N201N202N203N204N205N206N207N208N209N210N211N212N213N214N215N216N217N218N219N220N221N222N223N224N225N226N227N228N229N230N231N232N233N234N235N236N237N238N239N240N241N242N243N244N245N246N247N248
06-20 12:29:37.710 I/rmt_storage(  500): rmt_storage_client_thread: /boot/modem_fs1: clnt_h=0x1: req_h=0x7 msg_id=3: Bytes read = 512
06-20 12:29:37.710 I/rmt_storage(  500): rmt_storage_client_thread: /boot/modem_fs1: clnt_h=0x1: req_h=0x7 msg_id=3: Send response: res=0 err=0
06-20 12:29:37.710 D/AT_Distributor(  478): MakeLocalServer(): FactoryClientRecv Communication: Server_socket 7
06-20 12:29:37.710 I/rmt_storage(  500): rmt_storage_client_thread: /boot/modem_fs1: clnt_h=0x1 About to block rmt_storage client thread (th_id: -1206632728) wakelock released: 1, error no: 0
06-20 12:29:37.710 I/rmt_storage(  500): 
06-20 12:29:37.710 D/AT_Distributor(  478): InitSocketAcceptHandler(): FactoryClientRecv, id(0), fd(7)
06-20 12:29:37.710 D/AT_Distributor(  478): MakeLocalServer(): FactoryClientSend Communication: Server_socket 9
06-20 12:29:37.710 D/AT_Distributor(  478): InitSocketAcceptHandler(): FactoryClientSend, id(1), fd(9)
06-20 12:29:37.710 D/AT_Distributor(  478): MakeLocalServer(): ATDMultiClient Communication: Server_socket 10
06-20 12:29:37.710 D/AT_Distributor(  478): InitSocketAcceptHandler(): ATDMultiClient, id(5), fd(10)
06-20 12:29:37.710 I/rmt_storage(  500): rmt_storage_rw_iovec_cb: /boot/modem_fs2: clnt_h=0x2: req_h=0x8 msg_id=3: R/W request received
06-20 12:29:37.710 I/rmt_storage(  500): Shared mem address set to 0xb697a000
06-20 12:29:37.710 D/AT_Distributor(  478): MakeLocalServer(): DiagApp Communication: Server_socket 11
06-20 12:29:37.710 D/AT_Distributor(  478): InitSocketAcceptHandler(): DiagApp, id(2), fd(11)
06-20 12:29:37.710 D/AT_Distributor(  478): first start
06-20 12:29:37.710 I/rmt_storage(  500): wakelock acquired: 1, error no: 42
06-20 12:29:37.710 I/rmt_storage(  500): rmt_storage_client_thread: /boot/modem_fs2: clnt_h=0x2 Unblock worker thread (th_id: -1206631880)
06-20 12:29:37.710 D/QSEECOMAPI: (  506): QSEECom_get_handle sb_length = 0x19a040
06-20 12:29:37.710 D/QSEECOMAPI: (  506): App is not loaded in QSEE
06-20 12:29:37.710 I/rmt_storage(  500): rmt_storage_client_thread: /boot/modem_fs2: clnt_h=0x2: req_h=0x8 msg_id=3: Bytes read = 512
06-20 12:29:37.710 I/rmt_storage(  500): rmt_storage_client_thread: /boot/modem_fs2: clnt_h=0x2: req_h=0x8 msg_id=3: Send response: res=0 err=0
06-20 12:29:37.710 I/rmt_storage(  500): rmt_storage_client_thread: /boot/modem_fs2: clnt_h=0x2 About to block rmt_storage client thread (th_id: -1206631880) wakelock released: 1, error no: 0
06-20 12:29:37.710 I/rmt_storage(  500): 
06-20 12:29:37.710 D/QC-time-services(  485): Daemon:genoff_pre_init::Base = 3
06-20 12:29:37.710 D/QC-time-services(  485): Daemon: Storage Name: ats_3 
06-20 12:29:37.710 D/QC-time-services(  485): Daemon:Opening File: /data/time/ats_3
06-20 12:29:37.710 D/QC-time-services(  485): Daemon:time_persistent_memory_opr:Genoff Read operation 
06-20 12:29:37.710 D/QC-time-services(  485): Daemon:Unable to open filefor read
06-20 12:29:37.710 D/QC-time-services(  485): Daemon:genoff_post_init:Error in accessing storage
06-20 12:29:37.710 D/QC-time-services(  485): Daemon:genoff_pre_init::Base = 4
06-20 12:29:37.710 D/QC-time-services(  485): Daemon: Storage Name: ats_4 
06-20 12:29:37.710 D/QC-time-services(  485): Daemon:Opening File: /data/time/ats_4
06-20 12:29:37.710 D/QC-time-services(  485): Daemon:time_persistent_memory_opr:Genoff Read operation 
06-20 12:29:37.710 D/QC-time-services(  485): Daemon:Unable to open filefor read
06-20 12:29:37.710 D/QC-time-services(  485): Daemon:genoff_post_init:Error in accessing storage
06-20 12:29:37.710 D/QC-time-services(  485): Daemon:genoff_pre_init::Base = 5
06-20 12:29:37.710 D/QC-time-services(  485): Daemon: Storage Name: ats_5 
06-20 12:29:37.710 D/QC-time-services(  485): Daemon:Opening File: /data/time/ats_5
06-20 12:29:37.710 D/QC-time-services(  485): Daemon:time_persistent_memory_opr:Genoff Read operation 
06-20 12:29:37.710 D/QC-time-services(  485): Daemon:Unable to open filefor read
06-20 12:29:37.710 D/QC-time-services(  485): Daemon:genoff_post_init:Error in accessing storage
06-20 12:29:37.710 D/QC-time-services(  485): Daemon:genoff_pre_init::Base = 6
06-20 12:29:37.710 D/QC-time-services(  485): Daemon: Storage Name: ats_6 
06-20 12:29:37.710 D/QC-time-services(  485): Daemon:Opening File: /data/time/ats_6
06-20 12:29:37.710 D/QC-time-services(  485): Daemon:time_persistent_memory_opr:Genoff Read operation 
06-20 12:29:37.710 D/QC-time-services(  485): Daemon:Unable to open filefor read
06-20 12:29:37.710 D/QC-time-services(  485): Daemon:genoff_post_init:Error in accessing storage
06-20 12:29:37.710 D/QC-time-services(  485): Daemon:genoff_pre_init::Base = 7
06-20 12:29:37.710 D/QC-time-services(  485): Daemon: Storage Name: ats_7 
06-20 12:29:37.710 D/QC-time-services(  485): Daemon:Opening File: /data/time/ats_7
06-20 12:29:37.710 D/QC-time-services(  485): Daemon:time_persistent_memory_opr:Genoff Read operation 
06-20 12:29:37.710 D/QC-time-services(  485): Daemon:Unable to open filefor read
06-20 12:29:37.710 D/QC-time-services(  485): Daemon:genoff_post_init:Error in accessing storage
06-20 12:29:37.710 D/QC-time-services(  485): Daemon:genoff_pre_init::Base = 8
06-20 12:29:37.710 D/QC-time-services(  485): Daemon: Storage Name: ats_8 
06-20 12:29:37.710 D/QC-time-services(  485): Daemon:Opening File: /data/time/ats_8
06-20 12:29:37.710 D/QC-time-services(  485): Daemon:time_persistent_memory_opr:Genoff Read operation 
06-20 12:29:37.710 D/QC-time-services(  485): Daemon:Unable to open filefor read
06-20 12:29:37.710 D/QC-time-services(  485): Daemon:genoff_post_init:Error in accessing storage
06-20 12:29:37.710 D/QC-time-services(  485): Daemon:genoff_pre_init::Base = 9
06-20 12:29:37.710 D/QC-time-services(  485): Daemon: Storage Name: ats_9 
06-20 12:29:37.710 D/QC-time-services(  485): Daemon:Opening File: /data/time/ats_9
06-20 12:29:37.710 D/QC-time-services(  485): Daemon:time_persistent_memory_opr:Genoff Read operation 
06-20 12:29:37.710 D/QC-time-services(  485): Daemon:Unable to open filefor read
06-20 12:29:37.710 D/QC-time-services(  485): Daemon:genoff_post_init:Error in accessing storage
06-20 12:29:37.710 D/QC-time-services(  485): Daemon:genoff_pre_init::Base = 10
06-20 12:29:37.710 D/QC-time-services(  485): Daemon: Storage Name: ats_10 
06-20 12:29:37.710 D/QC-time-services(  485): Daemon:Opening File: /data/time/ats_10
06-20 12:29:37.710 D/QC-time-services(  485): Daemon:time_persistent_memory_opr:Genoff Read operation 
06-20 12:29:37.710 D/QC-time-services(  485): Daemon:Unable to open filefor read
06-20 12:29:37.710 D/QC-time-services(  485): Daemon:genoff_post_init:Error in accessing storage
06-20 12:29:37.710 D/QC-time-services(  485): Daemon:genoff_pre_init::Base = 11
06-20 12:29:37.710 D/QC-time-services(  485): Daemon: Storage Name: ats_11 
06-20 12:29:37.710 D/QC-time-services(  485): Daemon:Opening File: /data/time/ats_11
06-20 12:29:37.710 D/QC-time-services(  485): Daemon:time_persistent_memory_opr:Genoff Read operation 
06-20 12:29:37.710 D/QC-time-services(  485): Daemon:Unable to open filefor read
06-20 12:29:37.710 D/QC-time-services(  485): Daemon:genoff_post_init:Error in accessing storage
06-20 12:29:37.710 D/QC-time-services(  485): Daemon:genoff_pre_init::Base = 12
06-20 12:29:37.710 D/QC-time-services(  485): Daemon: Storage Name: ats_12 
06-20 12:29:37.710 D/QC-time-services(  485): Daemon:Opening File: /data/time/ats_12
06-20 12:29:37.710 D/QC-time-services(  485): Daemon:time_persistent_memory_opr:Genoff Read operation 
06-20 12:29:37.710 D/QC-time-services(  485): Daemon:Unable to open filefor read
06-20 12:29:37.710 D/QC-time-services(  485): Daemon:genoff_post_init:Error in accessing storage
06-20 12:29:37.710 D/QC-time-services(  485): Daemon:genoff_pre_init::Base = 13
06-20 12:29:37.710 D/QC-time-services(  485): Daemon: Storage Name: ats_13 
06-20 12:29:37.710 D/QC-time-services(  485): Daemon:Opening File: /data/time/ats_13
06-20 12:29:37.710 D/QC-time-services(  485): Daemon:time_persistent_memory_opr:Genoff Read operation 
06-20 12:29:37.710 D/QC-time-services(  485): Daemon:Unable to open filefor read
06-20 12:29:37.710 D/QC-time-services(  485): Daemon:genoff_post_init:Error in accessing storage
06-20 12:29:37.710 D/QC-time-services(  485): Daemon:genoff_pre_init::Base = 14
06-20 12:29:37.710 D/QC-time-services(  485): Daemon: Storage Name: ats_14 
06-20 12:29:37.710 D/QC-time-services(  485): Daemon:Opening File: /data/time/ats_14
06-20 12:29:37.710 D/QC-time-services(  485): Daemon:time_persistent_memory_opr:Genoff Read operation 
06-20 12:29:37.710 D/QC-time-services(  485): Daemon:Unable to open filefor read
06-20 12:29:37.710 D/QC-time-services(  485): Daemon:genoff_post_init:Error in accessing storage
06-20 12:29:37.710 D/QC-time-services(  485): Daemon:genoff_init_config: Other bases initilized, exiting genoff_init
06-20 12:29:37.710 D/QC-time-services(  485): Daemon:genoff_opr: Base = 1, val = 13182910589199062748, operation = 1
06-20 12:29:37.710 D/QC-time-services(  485): Daemon: genoff get for 1
06-20 12:29:37.710 D/QC-time-services(  485): Daemon:rtc_get: Time read from RTC -- MM/DD/YY HH:MM:SS5/20/70 4:29:38
06-20 12:29:37.710 D/QC-time-services(  485): Daemon:Value read from RTC seconds = 14704178000
06-20 12:29:37.710 D/QC-time-services(  485): Daemon:Value read from RTC seconds = 14704178000
06-20 12:29:37.710 D/QC-time-services(  485): Daemon:Value read from generif offset = 1396238997864
06-20 12:29:37.710 D/QC-time-services(  485): Daemon:Final Time = 1410943175864
06-20 12:29:37.710 D/QC-time-services(  485): Daemon:genoff_boot_tod_init: Setting system time to sec =1410943175, nsec =864000000
09-17 16:39:35.864 E/QC-time-services(  485): Daemon:genoff_boot_tod_init: Unable to set TOD at boot up
09-17 16:39:35.864 E/QC-time-services(  485): Daemon: Unable to set TOD at boot up
09-17 16:39:35.864 D/QC-time-services(  485): Daemon:genoff_modem_qmi_init: Initiallizing QMI 
09-17 16:39:35.864 I/rmt_storage(  500): rmt_storage_rw_iovec_cb: /boot/modem_fs1: clnt_h=0x1: req_h=0x9 msg_id=3: R/W request received
09-17 16:39:35.864 I/rmt_storage(  500): wakelock acquired: 1, error no: 42
09-17 16:39:35.864 I/rmt_storage(  500): rmt_storage_client_thread: /boot/modem_fs1: clnt_h=0x1 Unblock worker thread (th_id: -1206632728)
09-17 16:39:35.864 E/QMI_FW  (  485): QMUXD: WARNING qmi_qmux_if_pwr_up_init failed! rc=-1
09-17 16:39:35.864 E/QMI_FW  (  485): QMUXD: WARNING qmi_qmux_if_pwr_up_init failed! rc=-1
09-17 16:39:35.864 E/QMI_FW  (  485): QMUXD: WARNING qmi_qmux_if_pwr_up_init failed! rc=-1
09-17 16:39:35.864 E/QMI_FW  (  485): QMUXD: WARNING qmi_qmux_if_pwr_up_init failed! rc=-1
09-17 16:39:35.864 E/QMI_FW  (  485): QMUXD: WARNING qmi_qmux_if_pwr_up_init failed! rc=-1
09-17 16:39:35.864 E/QMI_FW  (  485): QMUXD: WARNING qmi_qmux_if_pwr_up_init failed! rc=-1
09-17 16:39:35.864 E/QC-time-services(  485): Daemon:genoff_modem_qmi_init: qmi_client_get_service_list returned -2num_services 0
09-17 16:39:35.874 V/AudioPolicyManagerBase(  270): stringToEnum() found AUDIO_DEVICE_OUT_EARPIECE
09-17 16:39:35.874 V/AudioPolicyManagerBase(  270): stringToEnum() found AUDIO_DEVICE_OUT_SPEAKER
09-17 16:39:35.874 V/AudioPolicyManagerBase(  270): loadGlobalConfig() mAttachedOutputDevices 0003
09-17 16:39:35.874 V/AudioPolicyManagerBase(  270): stringToEnum() found AUDIO_DEVICE_OUT_SPEAKER
09-17 16:39:35.874 V/AudioPolicyManagerBase(  270): loadGlobalConfig() mDefaultOutputDevice 0002
09-17 16:39:35.874 V/AudioPolicyManagerBase(  270): stringToEnum() found AUDIO_DEVICE_IN_BUILTIN_MIC
09-17 16:39:35.874 V/AudioPolicyManagerBase(  270): stringToEnum() found AUDIO_DEVICE_IN_BACK_MIC
09-17 16:39:35.874 V/AudioPolicyManagerBase(  270): stringToEnum() found AUDIO_DEVICE_IN_THIRD_MIC
09-17 16:39:35.874 V/AudioPolicyManagerBase(  270): stringToEnum() found AUDIO_DEVICE_IN_REMOTE_SUBMIX
09-17 16:39:35.874 V/AudioPolicyManagerBase(  270): stringToEnum() found AUDIO_DEVICE_IN_VOICE_CALL
09-17 16:39:35.874 V/AudioPolicyManagerBase(  270): loadGlobalConfig() mAvailableInputDevices 41c4
09-17 16:39:35.874 V/AudioPolicyManagerBase(  270): loadHwModules() loading module primary
09-17 16:39:35.874 V/AudioPolicyManagerBase(  270): loadHwModule() loading output primary
09-17 16:39:35.874 V/AudioPolicyManagerBase(  270): loadSamplingRates() adding rate 44100
09-17 16:39:35.874 V/AudioPolicyManagerBase(  270): loadSamplingRates() adding rate 48000
09-17 16:39:35.874 V/AudioPolicyManagerBase(  270): loadOutChannels() AUDIO_CHANNEL_OUT_STEREO
09-17 16:39:35.874 V/AudioPolicyManagerBase(  270): stringToEnum() found AUDIO_CHANNEL_OUT_STEREO
09-17 16:39:35.874 V/AudioPolicyManagerBase(  270): stringToEnum() found AUDIO_FORMAT_PCM_16_BIT
09-17 16:39:35.874 V/AudioPolicyManagerBase(  270): stringToEnum() found AUDIO_DEVICE_OUT_EARPIECE
09-17 16:39:35.874 V/AudioPolicyManagerBase(  270): stringToEnum() found AUDIO_DEVICE_OUT_SPEAKER
09-17 16:39:35.874 V/AudioPolicyManagerBase(  270): stringToEnum() found AUDIO_DEVICE_OUT_WIRED_HEADSET
09-17 16:39:35.874 V/AudioPolicyManagerBase(  270): stringToEnum() found AUDIO_DEVICE_OUT_WIRED_HEADPHONE
09-17 16:39:35.874 V/AudioPolicyManagerBase(  270): stringToEnum() found AUDIO_DEVICE_OUT_ALL_SCO
09-17 16:39:35.874 V/AudioPolicyManagerBase(  270): stringToEnum() found AUDIO_DEVICE_OUT_ANLG_DOCK_HEADSET
09-17 16:39:35.874 V/AudioPolicyManagerBase(  270): stringToEnum() found AUDIO_OUTPUT_FLAG_PRIMARY
09-17 16:39:35.874 V/AudioPolicyManagerBase(  270): stringToEnum() found AUDIO_OUTPUT_FLAG_DEEP_BUFFER
09-17 16:39:35.874 V/AudioPolicyManagerBase(  270): loadOutput() adding output mSupportedDevices 087f, mFlags 000a
09-17 16:39:35.874 V/AudioPolicyManagerBase(  270): loadHwModule() loading output hdmi
09-17 16:39:35.874 V/AudioPolicyManagerBase(  270): loadSamplingRates() adding rate 48000
09-17 16:39:35.874 V/AudioPolicyManagerBase(  270): loadOutChannels() dynamic
09-17 16:39:35.874 V/AudioPolicyManagerBase(  270): stringToEnum() found AUDIO_FORMAT_PCM_16_BIT
09-17 16:39:35.874 V/AudioPolicyManagerBase(  270): stringToEnum() found AUDIO_DEVICE_OUT_AUX_DIGITAL
09-17 16:39:35.874 V/AudioPolicyManagerBase(  270): stringToEnum() found AUDIO_OUTPUT_FLAG_MULTI_CH
09-17 16:39:35.874 V/AudioPolicyManagerBase(  270): loadOutput() adding output mSupportedDevices 0400, mFlags 0040
09-17 16:39:35.874 V/AudioPolicyManagerBase(  270): loadHwModule() loading output compress_offload
09-17 16:39:35.874 V/AudioPolicyManagerBase(  270): loadSamplingRates() adding rate 8000
09-17 16:39:35.874 V/AudioPolicyManagerBase(  270): loadSamplingRates() adding rate 11025
09-17 16:39:35.874 V/AudioPolicyManagerBase(  270): loadSamplingRates() adding rate 16000
09-17 16:39:35.874 V/AudioPolicyManagerBase(  270): loadSamplingRates() adding rate 22050
09-17 16:39:35.874 V/AudioPolicyManagerBase(  270): loadSamplingRates() adding rate 32000
09-17 16:39:35.874 V/AudioPolicyManagerBase(  270): loadSamplingRates() adding rate 44100
09-17 16:39:35.874 V/AudioPolicyManagerBase(  270): loadSamplingRates() adding rate 48000
09-17 16:39:35.874 V/AudioPolicyManagerBase(  270): loadOutChannels() AUDIO_CHANNEL_OUT_MONO
09-17 16:39:35.874 V/AudioPolicyManagerBase(  270): stringToEnum() found AUDIO_CHANNEL_OUT_MONO
09-17 16:39:35.874 V/AudioPolicyManagerBase(  270): stringToEnum() found AUDIO_CHANNEL_OUT_STEREO
09-17 16:39:35.874 V/AudioPolicyManagerBase(  270): stringToEnum() found AUDIO_CHANNEL_OUT_2POINT1
09-17 16:39:35.874 V/AudioPolicyManagerBase(  270): stringToEnum() found AUDIO_CHANNEL_OUT_QUAD
09-17 16:39:35.874 V/AudioPolicyManagerBase(  270): stringToEnum() found AUDIO_CHANNEL_OUT_PENTA
09-17 16:39:35.874 V/AudioPolicyManagerBase(  270): stringToEnum() found AUDIO_CHANNEL_OUT_5POINT1
09-17 16:39:35.874 V/AudioPolicyManagerBase(  270): stringToEnum() found AUDIO_CHANNEL_OUT_6POINT1
09-17 16:39:35.874 V/AudioPolicyManagerBase(  270): stringToEnum() found AUDIO_CHANNEL_OUT_7POINT1
09-17 16:39:35.874 V/AudioPolicyManagerBase(  270): stringToEnum() found AUDIO_FORMAT_MP3
09-17 16:39:35.874 V/AudioPolicyManagerBase(  270): stringToEnum() found AUDIO_FORMAT_AAC
09-17 16:39:35.874 V/AudioPolicyManagerBase(  270): stringToEnum() found AUDIO_FORMAT_AC3
09-17 16:39:35.874 V/AudioPolicyManagerBase(  270): stringToEnum() found AUDIO_FORMAT_EAC3
09-17 16:39:35.874 V/AudioPolicyManagerBase(  270): stringToEnum() found AUDIO_DEVICE_OUT_EARPIECE
09-17 16:39:35.874 V/AudioPolicyManagerBase(  270): stringToEnum() found AUDIO_DEVICE_OUT_SPEAKER
09-17 16:39:35.874 V/AudioPolicyManagerBase(  270): stringToEnum() found AUDIO_DEVICE_OUT_WIRED_HEADSET
09-17 16:39:35.874 V/AudioPolicyManagerBase(  270): stringToEnum() found AUDIO_DEVICE_OUT_WIRED_HEADPHONE
09-17 16:39:35.874 V/AudioPolicyManagerBase(  270): stringToEnum() found AUDIO_DEVICE_OUT_ALL_SCO
09-17 16:39:35.874 V/AudioPolicyManagerBase(  270): stringToEnum() found AUDIO_DEVICE_OUT_ANLG_DOCK_HEADSET
09-17 16:39:35.874 V/AudioPolicyManagerBase(  270): stringToEnum() found AUDIO_OUTPUT_FLAG_DIRECT
09-17 16:39:35.874 V/AudioPolicyManagerBase(  270): stringToEnum() found AUDIO_OUTPUT_FLAG_COMPRESS_OFFLOAD
09-17 16:39:35.874 V/AudioPolicyManagerBase(  270): stringToEnum() found AUDIO_OUTPUT_FLAG_NON_BLOCKING
09-17 16:39:35.874 V/AudioPolicyManagerBase(  270): loadOutput() adding output mSupportedDevices 087f, mFlags 0031
09-17 16:39:35.874 V/AudioPolicyManagerBase(  270): loadHwModule() loading input primary
09-17 16:39:35.874 V/AudioPolicyManagerBase(  270): loadSamplingRates() adding rate 8000
09-17 16:39:35.874 V/AudioPolicyManagerBase(  270): loadSamplingRates() adding rate 11025
09-17 16:39:35.874 V/AudioPolicyManagerBase(  270): loadSamplingRates() adding rate 12000
09-17 16:39:35.874 V/AudioPolicyManagerBase(  270): loadSamplingRates() adding rate 16000
09-17 16:39:35.874 V/AudioPolicyManagerBase(  270): loadSamplingRates() adding rate 22050
09-17 16:39:35.874 V/AudioPolicyManagerBase(  270): loadSamplingRates() adding rate 24000
09-17 16:39:35.874 V/AudioPolicyManagerBase(  270): loadSamplingRates() adding rate 32000
09-17 16:39:35.874 V/AudioPolicyManagerBase(  270): loadSamplingRates() adding rate 44100
09-17 16:39:35.874 V/AudioPolicyManagerBase(  270): loadSamplingRates() adding rate 48000
09-17 16:39:35.874 V/AudioPolicyManagerBase(  270): loadInChannels() AUDIO_CHANNEL_IN_MONO
09-17 16:39:35.874 V/AudioPolicyManagerBase(  270): stringToEnum() found AUDIO_CHANNEL_IN_MONO
09-17 16:39:35.874 V/AudioPolicyManagerBase(  270): loadInChannels() adding channelMask 0010
09-17 16:39:35.874 V/AudioPolicyManagerBase(  270): stringToEnum() found AUDIO_CHANNEL_IN_STEREO
09-17 16:39:35.874 V/AudioPolicyManagerBase(  270): loadInChannels() adding channelMask 000c
09-17 16:39:35.874 V/AudioPolicyManagerBase(  270): stringToEnum() found AUDIO_CHANNEL_IN_FRONT_BACK
09-17 16:39:35.874 V/AudioPolicyManagerBase(  270): loadInChannels() adding channelMask 0030
09-17 16:39:35.874 V/AudioPolicyManagerBase(  270): stringToEnum() found AUDIO_CHANNEL_IN_VOICE_UPLINK
09-17 16:39:35.874 V/AudioPolicyManagerBase(  270): loadInChannels() adding channelMask 4000
09-17 16:39:35.874 V/AudioPolicyManagerBase(  270): stringToEnum() found AUDIO_CHANNEL_IN_VOICE_DNLINK
09-17 16:39:35.874 V/AudioPolicyManagerBase(  270): loadInChannels() adding channelMask 8000
09-17 16:39:35.874 V/AudioPolicyManagerBase(  270): stringToEnum() found AUDIO_FORMAT_PCM_16_BIT
09-17 16:39:35.874 V/AudioPolicyManagerBase(  270): stringToEnum() found AUDIO_DEVICE_IN_BUILTIN_MIC
09-17 16:39:35.874 V/AudioPolicyManagerBase(  270): stringToEnum() found AUDIO_DEVICE_IN_BLUETOOTH_SCO_HEADSET
09-17 16:39:35.874 V/AudioPolicyManagerBase(  270): stringToEnum() found AUDIO_DEVICE_IN_WIRED_HEADSET
09-17 16:39:35.874 V/AudioPolicyManagerBase(  270): stringToEnum() found AUDIO_DEVICE_IN_AUX_DIGITAL
09-17 16:39:35.874 V/AudioPolicyManagerBase(  270): stringToEnum() found AUDIO_DEVICE_IN_VOICE_CALL
09-17 16:39:35.874 V/AudioPolicyManagerBase(  270): stringToEnum() found AUDIO_DEVICE_IN_BACK_MIC
09-17 16:39:35.874 V/AudioPolicyManagerBase(  270): stringToEnum() found AUDIO_DEVICE_IN_THIRD_MIC
09-17 16:39:35.874 V/AudioPolicyManagerBase(  270): loadInput() adding input mSupportedDevices 800040fc
09-17 16:39:35.874 V/AudioPolicyManagerBase(  270): loadHwModules() loading module a2dp
09-17 16:39:35.874 V/AudioPolicyManagerBase(  270): loadHwModule() loading output a2dp
09-17 16:39:35.874 V/AudioPolicyManagerBase(  270): loadSamplingRates() adding rate 44100
09-17 16:39:35.874 V/AudioPolicyManagerBase(  270): loadOutChannels() AUDIO_CHANNEL_OUT_STEREO
09-17 16:39:35.874 V/AudioPolicyManagerBase(  270): stringToEnum() found AUDIO_CHANNEL_OUT_STEREO
09-17 16:39:35.874 V/AudioPolicyManagerBase(  270): stringToEnum() found AUDIO_FORMAT_PCM_16_BIT
09-17 16:39:35.874 V/AudioPolicyManagerBase(  270): stringToEnum() found AUDIO_DEVICE_OUT_ALL_A2DP
09-17 16:39:35.874 V/AudioPolicyManagerBase(  270): loadOutput() adding output mSupportedDevices 0380, mFlags 0000
09-17 16:39:35.874 V/AudioPolicyManagerBase(  270): loadHwModules() loading module usb
09-17 16:39:35.874 V/AudioPolicyManagerBase(  270): loadHwModule() loading output usb_accessory
09-17 16:39:35.874 V/AudioPolicyManagerBase(  270): loadSamplingRates() adding rate 44100
09-17 16:39:35.874 V/AudioPolicyManagerBase(  270): loadOutChannels() AUDIO_CHANNEL_OUT_STEREO
09-17 16:39:35.874 V/AudioPolicyManagerBase(  270): stringToEnum() found AUDIO_CHANNEL_OUT_STEREO
09-17 16:39:35.874 V/AudioPolicyManagerBase(  270): stringToEnum() found AUDIO_FORMAT_PCM_16_BIT
09-17 16:39:35.874 V/AudioPolicyManagerBase(  270): stringToEnum() found AUDIO_DEVICE_OUT_USB_ACCESSORY
09-17 16:39:35.874 V/AudioPolicyManagerBase(  270): loadOutput() adding output mSupportedDevices 2000, mFlags 0000
09-17 16:39:35.874 V/AudioPolicyManagerBase(  270): loadHwModule() loading output usb_device
09-17 16:39:35.874 V/AudioPolicyManagerBase(  270): loadSamplingRates() adding rate 44100
09-17 16:39:35.874 V/AudioPolicyManagerBase(  270): loadSamplingRates() adding rate 48000
09-17 16:39:35.874 V/AudioPolicyManagerBase(  270): loadOutChannels() dynamic
09-17 16:39:35.874 V/AudioPolicyManagerBase(  270): stringToEnum() found AUDIO_FORMAT_PCM_16_BIT
09-17 16:39:35.874 V/AudioPolicyManagerBase(  270): stringToEnum() found AUDIO_DEVICE_OUT_USB_DEVICE
09-17 16:39:35.874 V/AudioPolicyManagerBase(  270): stringToEnum() found AUDIO_DEVICE_OUT_DGTL_DOCK_HEADSET
09-17 16:39:35.874 V/AudioPolicyManagerBase(  270): loadOutput() adding output mSupportedDevices 5000, mFlags 0000
09-17 16:39:35.874 V/AudioPolicyManagerBase(  270): loadHwModule() loading input usb_device
09-17 16:39:35.874 V/AudioPolicyManagerBase(  270): loadSamplingRates() adding rate 8000
09-17 16:39:35.874 V/AudioPolicyManagerBase(  270): loadSamplingRates() adding rate 11025
09-17 16:39:35.874 V/AudioPolicyManagerBase(  270): loadSamplingRates() adding rate 16000
09-17 16:39:35.874 V/AudioPolicyManagerBase(  270): loadSamplingRates() adding rate 22050
09-17 16:39:35.874 V/AudioPolicyManagerBase(  270): loadSamplingRates() adding rate 24000
09-17 16:39:35.874 V/AudioPolicyManagerBase(  270): loadSamplingRates() adding rate 32000
09-17 16:39:35.874 V/AudioPolicyManagerBase(  270): loadSamplingRates() adding rate 44100
09-17 16:39:35.874 V/AudioPolicyManagerBase(  270): loadSamplingRates() adding rate 48000
09-17 16:39:35.874 V/AudioPolicyManagerBase(  270): loadInChannels() AUDIO_CHANNEL_IN_MONO
09-17 16:39:35.874 V/AudioPolicyManagerBase(  270): stringToEnum() found AUDIO_CHANNEL_IN_MONO
09-17 16:39:35.874 V/AudioPolicyManagerBase(  270): loadInChannels() adding channelMask 0010
09-17 16:39:35.874 V/AudioPolicyManagerBase(  270): stringToEnum() found AUDIO_CHANNEL_IN_STEREO
09-17 16:39:35.874 V/AudioPolicyManagerBase(  270): loadInChannels() adding channelMask 000c
09-17 16:39:35.874 V/AudioPolicyManagerBase(  270): stringToEnum() found AUDIO_FORMAT_PCM_16_BIT
09-17 16:39:35.874 V/AudioPolicyManagerBase(  270): stringToEnum() found AUDIO_DEVICE_IN_DGTL_DOCK_HEADSET
09-17 16:39:35.874 V/AudioPolicyManagerBase(  270): loadInput() adding input mSupportedDevices 80000400
09-17 16:39:35.874 V/AudioPolicyManagerBase(  270): loadHwModules() loading module tms
09-17 16:39:35.874 V/AudioPolicyManagerBase(  270): loadHwModule() loading output tms
09-17 16:39:35.874 V/AudioPolicyManagerBase(  270): loadSamplingRates() adding rate 44100
09-17 16:39:35.874 V/AudioPolicyManagerBase(  270): loadOutChannels() AUDIO_CHANNEL_OUT_STEREO
09-17 16:39:35.874 V/AudioPolicyManagerBase(  270): stringToEnum() found AUDIO_CHANNEL_OUT_STEREO
09-17 16:39:35.874 V/AudioPolicyManagerBase(  270): stringToEnum() found AUDIO_FORMAT_PCM_16_BIT
09-17 16:39:35.874 V/AudioPolicyManagerBase(  270): stringToEnum() found AUDIO_DEVICE_OUT_EXTERNAL_TMS
09-17 16:39:35.874 V/AudioPolicyManagerBase(  270): loadOutput() adding output mSupportedDevices 20000, mFlags 0000
09-17 16:39:35.874 V/AudioPolicyManagerBase(  270): loadHwModule() loading input tms
09-17 16:39:35.874 V/AudioPolicyManagerBase(  270): loadSamplingRates() adding rate 44100
09-17 16:39:35.874 V/AudioPolicyManagerBase(  270): loadInChannels() AUDIO_CHANNEL_IN_MONO
09-17 16:39:35.874 V/AudioPolicyManagerBase(  270): stringToEnum() found AUDIO_CHANNEL_IN_MONO
09-17 16:39:35.874 V/AudioPolicyManagerBase(  270): loadInChannels() adding channelMask 0010
09-17 16:39:35.874 V/AudioPolicyManagerBase(  270): stringToEnum() found AUDIO_CHANNEL_IN_STEREO
09-17 16:39:35.874 V/AudioPolicyManagerBase(  270): loadInChannels() adding channelMask 000c
09-17 16:39:35.874 V/AudioPolicyManagerBase(  270): stringToEnum() found AUDIO_FORMAT_PCM_16_BIT
09-17 16:39:35.874 V/AudioPolicyManagerBase(  270): stringToEnum() found AUDIO_DEVICE_IN_EXTERNAL_TMS
09-17 16:39:35.874 V/AudioPolicyManagerBase(  270): loadInput() adding input mSupportedDevices 80008000
09-17 16:39:35.874 V/AudioPolicyManagerBase(  270): loadHwModules() loading module r_submix
09-17 16:39:35.874 V/AudioPolicyManagerBase(  270): loadHwModule() loading output submix
09-17 16:39:35.874 V/AudioPolicyManagerBase(  270): loadSamplingRates() adding rate 48000
09-17 16:39:35.874 V/AudioPolicyManagerBase(  270): loadOutChannels() AUDIO_CHANNEL_OUT_STEREO
09-17 16:39:35.874 V/AudioPolicyManagerBase(  270): stringToEnum() found AUDIO_CHANNEL_OUT_STEREO
09-17 16:39:35.874 V/AudioPolicyManagerBase(  270): stringToEnum() found AUDIO_FORMAT_PCM_16_BIT
09-17 16:39:35.874 V/AudioPolicyManagerBase(  270): stringToEnum() found AUDIO_DEVICE_OUT_REMOTE_SUBMIX
09-17 16:39:35.874 V/AudioPolicyManagerBase(  270): loadOutput() adding output mSupportedDevices 8000, mFlags 0000
09-17 16:39:35.874 V/AudioPolicyManagerBase(  270): loadHwModule() loading input submix
09-17 16:39:35.874 V/AudioPolicyManagerBase(  270): loadSamplingRates() adding rate 48000
09-17 16:39:35.874 V/AudioPolicyManagerBase(  270): loadInChannels() AUDIO_CHANNEL_IN_STEREO
09-17 16:39:35.874 V/AudioPolicyManagerBase(  270): stringToEnum() found AUDIO_CHANNEL_IN_STEREO
09-17 16:39:35.874 V/AudioPolicyManagerBase(  270): loadInChannels() adding channelMask 000c
09-17 16:39:35.874 V/AudioPolicyManagerBase(  270): stringToEnum() found AUDIO_FORMAT_PCM_16_BIT
09-17 16:39:35.874 V/AudioPolicyManagerBase(  270): stringToEnum() found AUDIO_DEVICE_IN_REMOTE_SUBMIX
09-17 16:39:35.874 V/AudioPolicyManagerBase(  270): loadInput() adding input mSupportedDevices 80000100
09-17 16:39:35.874 I/AudioPolicyManagerBase(  270): loadAudioPolicyConfig() loaded /system/etc/audio_policy.conf
09-17 16:39:35.884 E/QCNEA   (  479): CnE Standard Version 4.01
09-17 16:39:35.884 E/QCNEA   (  479): CnE Pro Version 1.01
09-17 16:39:35.884 E/QCNEA   (  479): Cne WQE Version 0.1
09-17 16:39:35.884 E/QCNEA   (  479): Cne NSRM Version 1.01
09-17 16:39:35.884 I/rmt_storage(  500): rmt_storage_client_thread: /boot/modem_fs1: clnt_h=0x1: req_h=0x9 msg_id=3: Bytes read = 1571840
09-17 16:39:35.884 I/rmt_storage(  500): rmt_storage_client_thread: /boot/modem_fs1: clnt_h=0x1: req_h=0x9 msg_id=3: Send response: res=0 err=0
09-17 16:39:35.884 I/rmt_storage(  500): rmt_storage_client_thread: /boot/modem_fs1: clnt_h=0x1 About to block rmt_storage client thread (th_id: -1206632728) wakelock released: 1, error no: 0
09-17 16:39:35.884 I/rmt_storage(  500): 
09-17 16:39:35.904 I/qcom-bluetooth(  541): /system/etc/init.qcom.bt.sh: Bluetooth stack is Bluedroid 
09-17 16:39:35.904 W/linker  (  270): lib_Samsung_AudioZoom_v100.so has text relocations. This is wasting memory and is a security risk. Please fix.
09-17 16:39:35.904 D/audio_hw_primary(  270): adev_open: enter
09-17 16:39:35.934 D/QSEECOMAPI: (  275): QSEECom_get_handle sb_length = 0x2000
09-17 16:39:35.934 D/audio_route(  270): ++++ audio_route_init ==============
09-17 16:39:35.964 D/QSEECOMAPI: (  497): Loaded image: APP id = 2
09-17 16:39:35.984 D/audio_route(  270): ++++ alloc_mixer_state ==============
09-17 16:39:35.984 D/QSEECOMAPI: (  275): App is not loaded in QSEE
09-17 16:39:35.994 D/QSEECOMAPI: (  506): Loaded image: APP id = 3
09-17 16:39:36.004 D/dalvikvm(  268): Trying to load lib libjavacore.so 0x0
09-17 16:39:36.014 I/SecureStorage(  506): [INFO]: SPID(0x00000001)Secure Storage Daemon successfully connected to TA or driver
09-17 16:39:36.014 D/dalvikvm(  268): Added shared lib libjavacore.so 0x0
09-17 16:39:36.034 D/dalvikvm(  268): Trying to load lib libnativehelper.so 0x0
09-17 16:39:36.034 D/dalvikvm(  268): Added shared lib libnativehelper.so 0x0
09-17 16:39:36.034 D/dalvikvm(  268): No JNI_OnLoad found in libnativehelper.so 0x0, skipping init
09-17 16:39:36.074 W/linker  (  496): lib_SoundAlive_ver118n.so has text relocations. This is wasting memory and is a security risk. Please fix.
09-17 16:39:36.074 W/linker  (  496): lib_SoundAlive_SpectrumView.so has text relocations. This is wasting memory and is a security risk. Please fix.
09-17 16:39:36.074 W/linker  (  496): lib_Samsung_Resampler.so has text relocations. This is wasting memory and is a security risk. Please fix.
09-17 16:39:36.104 D/LocSvc_utils_cfg(  484): D/loc_read_conf: using /etc/gps.conf
09-17 16:39:36.104 D/LocSvc_utils_cfg(  484): D/loc_set_config_entry: PARAM DEBUG_LEVEL = 4
09-17 16:39:36.104 E/gsiff_dmn(  484): I/main: Fall back to Android NDK as Sensor Core is not on this target!
09-17 16:39:36.104 E/gpsone_dmn(  484): gpsone_glue_pipeget:46] /data/misc/gsiff_ctrl_q, mode = 2
09-17 16:39:36.104 E/gpsone_dmn(  484): gpsone_glue_pipeget:65] fd = 12, /data/misc/gsiff_ctrl_q
09-17 16:39:36.104 E/gsiff_sp_and_ndk(  484): I/sp_and_ndk_init: Initializing message queue for Android NDK
09-17 16:39:36.104 E/gsiff_dmn(  484): I/gsiff_dmn_init: Sensor Provider initialized on attempt 0!
09-17 16:39:36.104 E/LocSvc_utils_cfg(  484): D/loc_read_conf: using /etc/gps.conf
09-17 16:39:36.104 E/LocSvc_utils_cfg(  484): D/loc_set_config_entry: PARAM DEBUG_LEVEL = 4
09-17 16:39:36.104 E/        (  484): D/qca1530: detected=false
09-17 16:39:36.104 E/        (  484): D/cat /sys/devices/soc0/hw_platform: Surf
09-17 16:39:36.104 E/        (  484): D/cat /sys/devices/soc0/soc_id: 185
09-17 16:39:36.104 E/        (  484): W/open failed: /dev/mdm: No such file or directory
09-17 16:39:36.104 E/        (  484): D/HAL: loc_get_target returned -1
09-17 16:39:36.104 E/LocSvc_api_v02(  484): I/locClientOpen:2188]: Service instance id is -1
09-17 16:39:36.104 E/LocSvc_api_v02(  484): I/---> locClientOpenInstance line 2072 loc client open
09-17 16:39:36.124 V/SamsungPowerSound(  496): ++++++++ SamsungPowerSoundPlayer Constuctor ++++++++
09-17 16:39:36.124 I/ServiceManager(  496): Waiting for service media.audio_policy...
09-17 16:39:36.154 D/QSEECOMAPI: (  497): QSEECom_dealloc_memory 
09-17 16:39:36.154 D/QSEECOMAPI: (  497): QSEECom_shutdown_app, app_id = 2
09-17 16:39:36.154 D/QSEECOMAPI: (  275): Loaded image: APP id = 4
09-17 16:39:36.164 I/keystore(  275): SKMM Loaded
09-17 16:39:36.164 D/SecurityManager(  275): Failed to open f : No such file or directory
09-17 16:39:36.164 D/CSTORAGE(  497): V SK SUCCESS...
09-17 16:39:36.164 D/CSTORAGE(  497): preload finished
09-17 16:39:36.174 I/SecureStorage(  506): [INFO]: SPID(0x00000001)Secure Storage Daemon successfully started
09-17 16:39:36.214 D/QSEECOMAPI: (  583): QSEECom_load_external_elf
09-17 16:39:36.214 W/linker  (  495): libsxqk_skia.so has text relocations. This is wasting memory and is a security risk. Please fix.
09-17 16:39:36.214 W/linker  (  495): libmaet.so has text relocations. This is wasting memory and is a security risk. Please fix.
09-17 16:39:36.244 I/BootAnimationLoader(  495): ret=2, fps:12, interval:83333
09-17 16:39:36.244 V/AT_Distributor_diag(  263): ConnectToATD : connect to local socket : 7
09-17 16:39:36.244 V/AT_Distributor_diag(  263): start listner
09-17 16:39:36.274 I/BootAnimationLoader(  495): createSurface RGB565
09-17 16:39:36.274 I/SurfaceFlinger(  267): id=1 createSurf (1080x1920),4 flag=0, tamsungani5
09-17 16:39:36.274 W/BootAnimationLoader(  495): resolution w=1080, h=1920
09-17 16:39:36.274 W/BootAnimationLoader(  495): original qmg w=1080, h=1920
09-17 16:39:36.304 E/memtrack(  268): Couldn't load memtrack module (No such file or directory)
09-17 16:39:36.304 E/android.os.Debug(  268): failed to load memtrack module: -2
09-17 16:39:36.374 D/dalvikvm(  268): Note: class Landroid/app/ActivityManagerNative; has 188 unimplemented (abstract) methods
09-17 16:39:36.404 I/SamplingProfilerIntegration(  268): Profiling disabled.
09-17 16:39:36.404 I/Zygote  (  268): !@Boot: beginofpreloadResources()
09-17 16:39:36.404 I/Zygote  (  268): !@Boot: beginofpreloadClasses()
09-17 16:39:36.414 I/Zygote  (  268): Preloading classes...
09-17 16:39:36.414 D/dalvikvm(  268): GC_EXPLICIT freed 68K, 10% free 692K/764K, paused 1ms+1ms, total 3ms
09-17 16:39:36.424 D/dalvikvm(  268): GC_EXPLICIT freed 39K, 8% free 707K/764K, paused 2ms+2ms, total 5ms
09-17 16:39:36.464 I/Zygote  (  268): Number of total Classes to prelaod: 2877
09-17 16:39:36.464 I/Zygote  (  268): Classes to load for thread1 0~703
09-17 16:39:36.464 I/Zygote  (  268): Classes to load for thread2 704~1429
09-17 16:39:36.464 I/Zygote  (  268): Classes to load for thread3 1430~2876
09-17 16:39:36.494 I/Zygote  (  268): Preloading resources...
09-17 16:39:36.574 D/audio_route(  270): ---- alloc_mixer_state ==============
09-17 16:39:36.614 D/audio_route(  270): ++++ audio_route_update_mixer ==============
09-17 16:39:36.614 D/audio_route(  270): Setting mixer control: VEQ Enable, value: 1
09-17 16:39:36.614 D/audio_route(  270): Setting mixer control: Internal Route Config, value: 5
09-17 16:39:36.614 D/audio_route(  270): Setting mixer control: EAR PA Gain, value: 4
09-17 16:39:36.624 D/audio_route(  270): Setting mixer control: HPHL Volume, value: 0
09-17 16:39:36.624 D/audio_route(  270): Setting mixer control: HPHR Volume, value: 0
09-17 16:39:36.624 D/audio_route(  270): Setting mixer control: LINEOUT1 Volume, value: 0
09-17 16:39:36.624 D/audio_route(  270): Setting mixer control: LINEOUT2 Volume, value: 0
09-17 16:39:36.624 D/audio_route(  270): Setting mixer control: LINEOUT3 Volume, value: 0
09-17 16:39:36.624 D/audio_route(  270): Setting mixer control: LINEOUT4 Volume, value: 0
09-17 16:39:36.624 D/audio_route(  270): Setting mixer control: SPK DRV Volume, value: 0
09-17 16:39:36.624 D/audio_route(  270): Setting mixer control: RX1 Digital Volume, value: 0
09-17 16:39:36.624 D/audio_route(  270): Setting mixer control: RX2 Digital Volume, value: 0
09-17 16:39:36.624 D/TextLayoutCache(  268): Using debug level = 0 - Debug Enabled = 0
09-17 16:39:36.624 D/audio_route(  270): Setting mixer control: RX3 Digital Volume, value: 0
09-17 16:39:36.624 D/audio_route(  270): Setting mixer control: RX4 Digital Volume, value: 0
09-17 16:39:36.624 D/audio_route(  270): Setting mixer control: RX5 Digital Volume, value: 0
09-17 16:39:36.624 D/audio_route(  270): Setting mixer control: RX6 Digital Volume, value: 0
09-17 16:39:36.624 D/audio_route(  270): Setting mixer control: RX7 Digital Volume, value: 0
