--------- beginning of /dev/log/main
06-20 12:29:36.060 D/DataRouter(  288): Main entered
06-20 12:29:36.060 D/DataRouter(  288): switchUser
06-20 12:29:36.060 D/DataRouter(  288): monitor_usb_thread
06-20 12:29:36.060 D/DataRouter(  288): Initialise USB and start the thread
06-20 12:29:36.060 D/DataRouter(  288): dr_usb_init
06-20 12:29:36.060 E/DataRouter(  288): USB Interface is open with 0x9
06-20 12:29:36.060 D/DataRouter(  288): USB interface is now configured for usb_fd = 0x9
06-20 12:29:36.060 D/DataRouter(  288): monitor_data_of_usb
06-20 12:29:36.060 D/DataRouter(  288): USB monitor thread launched, usb_fd= 0x9
06-20 12:29:36.060 D/DataRouter(  288): Before the usb select
06-20 12:29:36.070 I/qrngd   (  286): qrngd has started:
06-20 12:29:36.070 I/qrngd   (  286): Reading device:'/dev/hw_random' updating entropy for device:'/dev/random'
06-20 12:29:36.080 I/macloader(  282): WIFI MAC is valid
06-20 12:29:36.080 E/macloader(  282): CID info file will be created!!!
06-20 12:29:36.080 I/irsc_util(  281): irsc tool created:0xb7592020
06-20 12:29:36.080 I/irsc_util(  281): Starting irsc tool
06-20 12:29:36.080 I/irsc_util(  281): Trying to open sec config file
06-20 12:29:36.090 I/macloader(  282): WIFI cid is valid as semco3r
06-20 12:29:36.100 D/adsprpc (  291): vendor/qcom/proprietary/adsprpc/src/adsprpcd.c:21::info: calling: 0 == adsp_default_listener_register()
06-20 12:29:36.100 I/irsc_util(  281): file_parser Number of element :0
06-20 12:29:36.100 I/irsc_util(  281): file_parser Invalid Format or Comment - '/* IPC Security Config */
06-20 12:29:36.100 I/irsc_util(  281): '
06-20 12:29:36.100 I/irsc_util(  281): file_parser Number of element :0
06-20 12:29:36.100 I/irsc_util(  281): file_parser Invalid Format or Comment - '/* <GPS QMI Service ID - 16>:<GPS QMI Instance ID - all instances>:<Client Group ID> */
06-20 12:29:36.100 I/irsc_util(  281): '
06-20 12:29:36.100 I/irsc_util(  281): file_parser Number of element :4
06-20 12:29:36.100 I/irsc_util(  281): file_parser Number of element :0
06-20 12:29:36.100 I/irsc_util(  281): file_parser Invalid Format or Comment - '/* Allow SS CTL service to be used by system and net_raw processes */
06-20 12:29:36.100 I/irsc_util(  281): '
06-20 12:29:36.100 I/irsc_util(  281): file_parser Number of element :4
06-20 12:29:36.100 I/irsc_util(  281): file_parser Number of element :0
06-20 12:29:36.100 I/irsc_util(  281): file_parser Invalid Format or Comment - '/* IPC Security Config */
06-20 12:29:36.100 I/irsc_util(  281): '
06-20 12:29:36.100 I/irsc_util(  281): file_parser Number of element :0
06-20 12:29:36.100 I/irsc_util(  281): file_parser Invalid Format or Comment - '/* <GPS QMI Service ID - 16>:<GPS QMI Instance ID - all instances>:<Client Group ID> */
06-20 12:29:36.100 I/irsc_util(  281): '
06-20 12:29:36.100 I/irsc_util(  281): file_parser Number of element :4
06-20 12:29:36.100 I/irsc_util(  281): file_parser Number of element :0
06-20 12:29:36.100 I/irsc_util(  281): file_parser Invalid Format or Comment - '/* Allow SS CTL service to be used by system and net_raw processes */
06-20 12:29:36.100 I/irsc_util(  281): '
06-20 12:29:36.100 I/irsc_util(  281): file_parser Number of element :4
06-20 12:29:36.100 I/irsc_util(  281): Feed the sec config info to the router
06-20 12:29:36.100 I/irsc_util(  281): Num of entries:2
06-20 12:29:36.100 E/adsprpc (  291): vendor/qcom/proprietary/adsprpc/src/listener_android.c:107:listener using ion heap: -1
06-20 12:29:36.100 V/AT_Distributor_diag(  263): ConnectToATD
06-20 12:29:36.100 I/DEBUG   (  259): debuggerd: Jul 18 2014 20:21:34
06-20 12:29:36.100 I/installd(  273): installd firing up
06-20 12:29:36.100 I/qcom-bluetooth(  293): /system/etc/init.qcom.bt.sh: init.qcom.bt.sh config = onboot 
06-20 12:29:36.100 D/adsprpc (  291): vendor/qcom/proprietary/adsprpc/src/adsprpcd.c:21::info: passed: 0 == adsp_default_listener_register()
06-20 12:29:36.120 I/rfs_access(  249): Initialized RFS server
06-20 12:29:36.130 D/QSEECOMD: (  252): qseecom listener services process entry PPID = 1
06-20 12:29:36.130 E/QSEECOMD: (  252): Listener: index = 0, hierarchy = 0
06-20 12:29:36.140 D/QSEECOMD: (  252): Init dlopen(librpmb.so, RTLD_NOW) succeeds
06-20 12:29:36.140 D/QSEECOMD: (  252): Init::Init dlsym(g_FSHandle rpmb_init_service) succeeds
06-20 12:29:36.140 I/rpmb    (  252): RPMB Mult = 2048, Rel_sec_cnt = 1
06-20 12:29:36.140 E/DrmLibRpmb(  252): rpmb_init succeeded! with ret = 0
06-20 12:29:36.140 D/QSEECOMD: (  252): Init rpmb_init_service ret = 0
06-20 12:29:36.140 D/QSEECOMD: (  252): RPMB system services: init (Listener ID = 8192)
06-20 12:29:36.140 E/QSEECOMD: (  252): Listener: index = 1, hierarchy = 0
06-20 12:29:36.150 I/qcom-bluetooth(  328): /system/etc/init.qcom.bt.sh: Bluetooth Address programmed successfully 
06-20 12:29:36.150 D/QSEECOMD: (  252): Init dlopen(libssd.so, RTLD_NOW) succeeds
06-20 12:29:36.150 D/QSEECOMD: (  252): Init::Init dlsym(g_FSHandle ssd_init_service) succeeds
06-20 12:29:36.150 E/SSD     (  252): ssd_init_service succeeded!
06-20 12:29:36.150 D/QSEECOMD: (  252): Init ssd_init_service ret = 0
06-20 12:29:36.150 D/QSEECOMD: (  252): SSD system services: init (Listener ID = 12288)
06-20 12:29:36.150 E/QSEECOMD: (  252): Listener: index = 2, hierarchy = 0
06-20 12:29:36.150 E/QSEECOMD: (  252): Init dlopen(libsecureui.so, RLTD_NOW) is failed....
06-20 12:29:36.150 D/QSEECOMD: (  252): SEC_UI_INIT failed, shall not start secure ui listener
06-20 12:29:36.150 D/QSEECOMD: (  252): Parent qseecom daemon process paused!! 
06-20 12:29:36.150 D/QSEECOMD: (  331): qseecom listener service threads starting!!! 
06-20 12:29:36.150 D/QSEECOMD: (  331): Total listener services to start = 5
06-20 12:29:36.150 E/QSEECOMD: (  331): Listener: index = 0, hierarchy = 1
06-20 12:29:36.150 D/QSEECOMD: (  331): Init dlopen(librpmb.so, RTLD_NOW) succeeds
06-20 12:29:36.150 D/QSEECOMD: (  331): Init::Init dlsym(g_FSHandle rpmb_start) succeeds
06-20 12:29:36.150 D/QSEECOMAPI: (  331): QSEECom_register_listener 8192 sb_length = 0x5000
06-20 12:29:36.160 E/Diag_Lib(  296): qpLogDiagInit ==>
06-20 12:29:36.160 D/QSEECOMD: (  331): Init rpmb_start ret = 0
06-20 12:29:36.160 D/QSEECOMD: (  331): RPMB system services: Started (Listener ID = 8192)
06-20 12:29:36.160 E/QSEECOMD: (  331): Listener: index = 1, hierarchy = 1
06-20 12:29:36.160 D/QSEECOMD: (  331): Init dlopen(libssd.so, RTLD_NOW) succeeds
06-20 12:29:36.160 D/QSEECOMD: (  331): Init::Init dlsym(g_FSHandle ssd_start) succeeds
06-20 12:29:36.160 D/QSEECOMAPI: (  331): QSEECom_register_listener 12288 sb_length = 0x5000
06-20 12:29:36.160 E/SMD     (  261): smd_init start 
06-20 12:29:36.160 E/Diag_Lib(  296): qpLogDiagInit <== result : 1
06-20 12:29:36.160 E/Diag_Lib(  296): [IMS_QMID] |imsqmiserver.c | 439 | QMID#$$#0#QMI DAEMON STARTED
06-20 12:29:36.160 E/Diag_Lib(  296): [IMS_QMID] |imsqmiserver.c | 449 | ims-qmi-daemon main entry getgid: 3e9
06-20 12:29:36.160 I/ThermalEngine(  290): Thermal daemon started
06-20 12:29:36.160 E/Diag_Lib(  296): [IMS_QMID] |imsqmiserver.c | 465 | ims-qmi-daemon socket created
06-20 12:29:36.160 I/ThermalEngine(  290): devices_manager_init: Init
06-20 12:29:36.160 I/ThermalEngine(  290): Number of gpus :1
06-20 12:29:36.160 I/ThermalEngine(  290): Number of cpus :4
06-20 12:29:36.160 I/ThermalEngine(  290): vdd_rstr_init: Init KTM VDD RSTR enabled: 0
06-20 12:29:36.160 I/ThermalEngine(  290): sensors_manager_init: Init
06-20 12:29:36.170 D/QSEECOMD: (  331): Init ssd_start ret = 0
06-20 12:29:36.170 D/QSEECOMD: (  331): SSD system services: Started (Listener ID = 12288)
06-20 12:29:36.170 E/QSEECOMD: (  331): Listener: index = 3, hierarchy = 1
06-20 12:29:36.170 D/SensorHubService(  276): nuSensorHubService starting...
06-20 12:29:36.170 E/Diag_Lib(  296): [IMS_QMID] |imsqmiserver.c | 77 | QMIDAddFDToFDSet:Added FD: [9] to FDSet
06-20 12:29:36.170 E/Diag_Lib(  296): [IMS_QMID] |imsqmiserver.c | 481 | QMID#$$#0#QMID SERVER STARTED
06-20 12:29:36.170 E/Diag_Lib(  296): [IMS_QMID] |imsqmiserver.c | 492 | ims-qmi-daemon chmod 660 : /data/data/imsqmisocket done
06-20 12:29:36.170 E/Diag_Lib(  296): [IMS_QMID] |imsqmiserver.c | 504 | ims-qmi-daemon listen done
06-20 12:29:36.180 D/QSEECOMD: (  331): Init dlopen(libdrmtime.so, RTLD_NOW) succeeds
06-20 12:29:36.180 D/QSEECOMD: (  331): Init::Init dlsym(g_FSHandle atime_start) succeeds
06-20 12:29:36.180 D/QSEECOMAPI: (  331): QSEECom_register_listener 11 sb_length = 0x5000
06-20 12:29:36.180 E/ThermalEngine(  290): bcl_setup: Error opening /sys/devices/qcom,bcl.65/iavail
06-20 12:29:36.180 E/ThermalEngine(  290): add_tgt_sensors_set: Error adding bcl
06-20 12:29:36.180 E/ThermalEngine(  290): sensors_init: Error adding BCL TS
06-20 12:29:36.180 I/ThermalEngine(  290): Using target config file '/system/etc/thermal-engine-8974.conf'
06-20 12:29:36.180 I/ThermalEngine(  290): Loading config file for virtual sensor
06-20 12:29:36.180 D/QSEECOMD: (  331): Init atime_start ret = 0
06-20 12:29:36.180 D/QSEECOMD: (  331): time services: Started (Listener ID = 11)
06-20 12:29:36.180 E/QSEECOMD: (  331): Listener: index = 4, hierarchy = 1
06-20 12:29:36.180 D/QSEECOMD: (  331): Init dlopen(libdrmfs.so, RTLD_NOW) succeeds
06-20 12:29:36.180 D/QSEECOMD: (  331): Init::Init dlsym(g_FSHandle fs_start) succeeds
06-20 12:29:36.180 D/QSEECOMAPI: (  331): QSEECom_register_listener 10 sb_length = 0x5000
06-20 12:29:36.180 D/QSEECOMD: (  331): Init fs_start ret = 0
06-20 12:29:36.180 D/QSEECOMD: (  331): file system services: Started (Listener ID = 10)
06-20 12:29:36.190 E/ThermalEngine(  290): virtual_sensors_init: Error getting virtual sensors set
06-20 12:29:36.190 I/ThermalEngine(  290): pid_algo_init: Entry Disabled PID-POPMEM.
06-20 12:29:36.190 I/ThermalEngine(  290): pid_algo_init: Entry Disabled PID-CPU3.
06-20 12:29:36.190 I/ThermalEngine(  290): pid_algo_init: Entry Disabled PID-CPU2.
06-20 12:29:36.190 I/ThermalEngine(  290): pid_algo_init: Entry Disabled PID-CPU1.
06-20 12:29:36.190 I/ThermalEngine(  290): pid_algo_init: Entry Disabled PID-CPU0.
06-20 12:29:36.190 I/ThermalEngine(  290): pid_algo_init: No PID's to be configured.
06-20 12:29:36.190 I/ThermalEngine(  290): [CPU3_MONITOR]
06-20 12:29:36.190 I/ThermalEngine(  290): algo_type monitor
06-20 12:29:36.190 I/ThermalEngine(  290): sampling 65
06-20 12:29:36.190 I/ThermalEngine(  290): sensor cpu3
06-20 12:29:36.190 I/ThermalEngine(  290): thresholds 115000
06-20 12:29:36.190 I/ThermalEngine(  290): thresholds_clr 110000
06-20 12:29:36.190 I/ThermalEngine(  290): actions shutdown
06-20 12:29:36.190 I/ThermalEngine(  290): action_info 0
06-20 12:29:36.190 I/ThermalEngine(  290): [CPU2_MONITOR]
06-20 12:29:36.190 I/ThermalEngine(  290): algo_type monitor
06-20 12:29:36.190 I/ThermalEngine(  290): sampling 65
06-20 12:29:36.190 I/ThermalEngine(  290): sensor cpu2
06-20 12:29:36.190 I/ThermalEngine(  290): thresholds 115000
06-20 12:29:36.190 I/ThermalEngine(  290): thresholds_clr 110000
06-20 12:29:36.190 I/ThermalEngine(  290): actions shutdown
06-20 12:29:36.190 I/ThermalEngine(  290): action_info 0
06-20 12:29:36.190 I/ThermalEngine(  290): [CPU1_MONITOR]
06-20 12:29:36.190 I/ThermalEngine(  290): algo_type monitor
06-20 12:29:36.190 I/ThermalEngine(  290): sampling 65
06-20 12:29:36.190 I/ThermalEngine(  290): sensor cpu1
06-20 12:29:36.190 I/ThermalEngine(  290): thresholds 115000
06-20 12:29:36.190 I/ThermalEngine(  290): thresholds_clr 110000
06-20 12:29:36.190 I/ThermalEngine(  290): actions shutdown
06-20 12:29:36.190 I/ThermalEngine(  290): action_info 0
06-20 12:29:36.190 I/ThermalEngine(  290): [CPU0_MONITOR]
06-20 12:29:36.190 I/ThermalEngine(  290): algo_type monitor
06-20 12:29:36.190 I/ThermalEngine(  290): sampling 65
06-20 12:29:36.190 I/ThermalEngine(  290): sensor cpu0
06-20 12:29:36.190 I/ThermalEngine(  290): thresholds 115000
06-20 12:29:36.190 I/ThermalEngine(  290): thresholds_clr 110000
06-20 12:29:36.190 I/ThermalEngine(  290): actions shutdown
06-20 12:29:36.190 I/ThermalEngine(  290): action_info 0
06-20 12:29:36.190 I/ThermalEngine(  290): [PMIC-ALARM-MONITOR]
06-20 12:29:36.190 I/ThermalEngine(  290): #algo_type monitor
06-20 12:29:36.190 I/ThermalEngine(  290): sampling 1000
06-20 12:29:36.190 I/ThermalEngine(  290): sensor pm8841_tz
06-20 12:29:36.190 I/ThermalEngine(  290): thresholds 107000 127000
06-20 12:29:36.190 I/ThermalEngine(  290): thresholds_clr 103000 123000
06-20 12:29:36.190 I/ThermalEngine(  290): actions hotplug_1+hotplug_2+hotplug_3+cpu0+cpu1+cpu2+cpu3 hotplug_1+hotplug_2+hotplug_3
06-20 12:29:36.190 I/ThermalEngine(  290): action_info 0+0+0+960000+960000+960000+960000 1+1+1
06-20 12:29:36.190 I/ThermalEngine(  290): [VDD_DIG_SWMODE_MONITOR-TSENS10]
06-20 12:29:36.190 I/ThermalEngine(  290): #algo_type monitor
06-20 12:29:36.190 I/ThermalEngine(  290): sampling 1000
06-20 12:29:36.190 I/ThermalEngine(  290): sensor tsens_tz_sensor10
06-20 12:29:36.190 I/ThermalEngine(  290): thresholds 85000
06-20 12:29:36.190 I/ThermalEngine(  290): thresholds_clr 75000
06-20 12:29:36.190 I/ThermalEngine(  290): actions vdd_dig_swmode
06-20 12:29:36.190 I/ThermalEngine(  290): action_info 1
06-20 12:29:36.190 I/ThermalEngine(  290): [VDD_DIG_SWMODE_MONITOR-TSENS9]
06-20 12:29:36.190 I/ThermalEngine(  290): #algo_type monitor
06-20 12:29:36.190 I/ThermalEngine(  290): sampling 1000
06-20 12:29:36.190 I/ThermalEngine(  290): sensor tsens_tz_sensor9
06-20 12:29:36.190 I/ThermalEngine(  290): thresholds 85000
06-20 12:29:36.190 I/ThermalEngine(  290): thresholds_clr 75000
06-20 12:29:36.190 I/ThermalEngine(  290): actions vdd_dig_swmode
06-20 12:29:36.190 I/ThermalEngine(  290): action_info 1
06-20 12:29:36.190 I/ThermalEngine(  290): [VDD_DIG_SWMODE_MONITOR-TSENS8]
06-20 12:29:36.190 I/ThermalEngine(  290): #algo_type monitor
06-20 12:29:36.190 I/ThermalEngine(  290): sampling 1000
06-20 12:29:36.190 I/ThermalEngine(  290): sensor tsens_tz_sensor8
06-20 12:29:36.190 I/ThermalEngine(  290): thresholds 85000
06-20 12:29:36.190 I/ThermalEngine(  290): thresholds_clr 75000
06-20 12:29:36.190 I/ThermalEngine(  290): actions vdd_dig_swmode
06-20 12:29:36.190 I/ThermalEngine(  290): action_info 1
06-20 12:29:36.190 I/ThermalEngine(  290): [VDD_DIG_SWMODE_MONITOR-TSENS7]
06-20 12:29:36.190 I/ThermalEngine(  290): #algo_type monitor
06-20 12:29:36.190 I/ThermalEngine(  290): sampling 1000
06-20 12:29:36.190 I/ThermalEngine(  290): sensor tsens_tz_sensor7
06-20 12:29:36.190 I/ThermalEngine(  290): thresholds 85000
06-20 12:29:36.190 I/ThermalEngine(  290): thresholds_clr 75000
06-20 12:29:36.190 I/ThermalEngine(  290): actions vdd_dig_swmode
06-20 12:29:36.190 I/ThermalEngine(  290): action_info 1
06-20 12:29:36.190 I/ThermalEngine(  290): [VDD_DIG_SWMODE_MONITOR-TSENS6]
06-20 12:29:36.190 I/ThermalEngine(  290): #algo_type monitor
06-20 12:29:36.190 I/ThermalEngine(  290): sampling 1000
06-20 12:29:36.190 I/ThermalEngine(  290): sensor tsens_tz_sensor6
06-20 12:29:36.190 I/ThermalEngine(  290): thresholds 85000
06-20 12:29:36.190 I/ThermalEngine(  290): thresholds_clr 75000
06-20 12:29:36.190 I/ThermalEngine(  290): actions vdd_dig_swmode
06-20 12:29:36.190 I/ThermalEngine(  290): action_info 1
06-20 12:29:36.190 I/ThermalEngine(  290): [VDD_DIG_SWMODE_MONITOR-TSENS5]
06-20 12:29:36.190 I/ThermalEngine(  290): #algo_type monitor
06-20 12:29:36.190 I/ThermalEngine(  290): sampling 1000
06-20 12:29:36.190 I/ThermalEngine(  290): sensor tsens_tz_sensor5
06-20 12:29:36.190 I/ThermalEngine(  290): thresholds 85000
06-20 12:29:36.190 I/ThermalEngine(  290): thresholds_clr 75000
06-20 12:29:36.190 I/ThermalEngine(  290): actions vdd_dig_swmode
06-20 12:29:36.190 I/ThermalEngine(  290): action_info 1
06-20 12:29:36.190 I/ThermalEngine(  290): [VDD_DIG_SWMODE_MONITOR-TSENS4]
06-20 12:29:36.190 I/ThermalEngine(  290): #algo_type monitor
06-20 12:29:36.190 I/ThermalEngine(  290): sampling 1000
06-20 12:29:36.190 I/ThermalEngine(  290): sensor tsens_tz_sensor4
06-20 12:29:36.190 I/ThermalEngine(  290): thresholds 85000
06-20 12:29:36.190 I/ThermalEngine(  290): thresholds_clr 75000
06-20 12:29:36.190 I/ThermalEngine(  290): actions vdd_dig_swmode
06-20 12:29:36.190 I/ThermalEngine(  290): action_info 1
06-20 12:29:36.190 I/ThermalEngine(  290): [VDD_DIG_SWMODE_MONITOR-TSENS3]
06-20 12:29:36.190 I/ThermalEngine(  290): #algo_type monitor
06-20 12:29:36.190 I/ThermalEngine(  290): sampling 1000
06-20 12:29:36.190 I/ThermalEngine(  290): sensor tsens_tz_sensor3
06-20 12:29:36.190 I/ThermalEngine(  290): thresholds 85000
06-20 12:29:36.190 I/ThermalEngine(  290): thresholds_clr 75000
06-20 12:29:36.190 I/ThermalEngine(  290): actions vdd_dig_swmode
06-20 12:29:36.190 I/ThermalEngine(  290): action_info 1
06-20 12:29:36.190 I/ThermalEngine(  290): [VDD_DIG_SWMODE_MONITOR-TSENS2]
06-20 12:29:36.190 I/ThermalEngine(  290): #algo_type monitor
06-20 12:29:36.190 I/ThermalEngine(  290): sampling 1000
06-20 12:29:36.190 I/ThermalEngine(  290): sensor tsens_tz_sensor2
06-20 12:29:36.190 I/ThermalEngine(  290): thresholds 85000
06-20 12:29:36.190 I/ThermalEngine(  290): thresholds_clr 75000
06-20 12:29:36.190 I/ThermalEngine(  290): actions vdd_dig_swmode
06-20 12:29:36.190 I/ThermalEngine(  290): action_info 1
06-20 12:29:36.190 I/ThermalEngine(  290): [VDD_DIG_SWMODE_MONITOR-TSENS1]
06-20 12:29:36.190 I/ThermalEngine(  290): #algo_type monitor
06-20 12:29:36.190 I/ThermalEngine(  290): sampling 1000
06-20 12:29:36.190 I/ThermalEngine(  290): sensor tsens_tz_sensor1
06-20 12:29:36.190 I/ThermalEngine(  290): thresholds 85000
06-20 12:29:36.190 I/ThermalEngine(  290): thresholds_clr 75000
06-20 12:29:36.190 I/ThermalEngine(  290): actions vdd_dig_swmode
06-20 12:29:36.190 I/ThermalEngine(  290): action_info 1
06-20 12:29:36.190 I/ThermalEngine(  290): [VDD_DIG_SWMODE_MONITOR-TSENS0]
06-20 12:29:36.190 I/ThermalEngine(  290): #algo_type monitor
06-20 12:29:36.190 I/ThermalEngine(  290): sampling 1000
06-20 12:29:36.190 I/ThermalEngine(  290): sensor tsens_tz_sensor0
06-20 12:29:36.190 I/ThermalEngine(  290): thresholds 85000
06-20 12:29:36.190 I/ThermalEngine(  290): thresholds_clr 75000
06-20 12:29:36.190 I/ThermalEngine(  290): actions vdd_dig_swmode
06-20 12:29:36.190 I/ThermalEngine(  290): action_info 1
06-20 12:29:36.190 I/ThermalEngine(  290): [VDD_RSTR_MONITOR-TSENS10]
06-20 12:29:36.190 I/ThermalEngine(  290): #algo_type monitor
06-20 12:29:36.190 I/ThermalEngine(  290): sampling 1000
06-20 12:29:36.190 I/ThermalEngine(  290): sensor tsens_tz_sensor10
06-20 12:29:36.190 I/ThermalEngine(  290): thresholds 5000
06-20 12:29:36.190 I/ThermalEngine(  290): thresholds_clr 10000
06-20 12:29:36.190 I/ThermalEngine(  290): actions vdd_restriction
06-20 12:29:36.190 I/ThermalEngine(  290): action_info 1
06-20 12:29:36.190 I/ThermalEngine(  290): descending
06-20 12:29:36.190 I/ThermalEngine(  290): [VDD_RSTR_MONITOR-TSENS9]
06-20 12:29:36.190 I/ThermalEngine(  290): #algo_type monitor
06-20 12:29:36.190 I/ThermalEngine(  290): sampling 1000
06-20 12:29:36.190 I/ThermalEngine(  290): sensor tsens_tz_sensor9
06-20 12:29:36.190 I/ThermalEngine(  290): thresholds 5000
06-20 12:29:36.190 I/ThermalEngine(  290): thresholds_clr 10000
06-20 12:29:36.190 I/ThermalEngine(  290): actions vdd_restriction
06-20 12:29:36.190 I/ThermalEngine(  290): action_info 1
06-20 12:29:36.190 I/ThermalEngine(  290): descending
06-20 12:29:36.190 I/ThermalEngine(  290): [VDD_RSTR_MONITOR-TSENS8]
06-20 12:29:36.190 I/ThermalEngine(  290): #algo_type monitor
06-20 12:29:36.190 I/ThermalEngine(  290): sampling 1000
06-20 12:29:36.190 I/ThermalEngine(  290): sensor tsens_tz_sensor8
06-20 12:29:36.190 I/ThermalEngine(  290): thresholds 5000
06-20 12:29:36.190 I/ThermalEngine(  290): thresholds_clr 10000
06-20 12:29:36.190 I/ThermalEngine(  290): actions vdd_restriction
06-20 12:29:36.190 I/ThermalEngine(  290): action_info 1
06-20 12:29:36.190 I/ThermalEngine(  290): descending
06-20 12:29:36.190 I/ThermalEngine(  290): [VDD_RSTR_MONITOR-TSENS7]
06-20 12:29:36.190 I/ThermalEngine(  290): #algo_type monitor
06-20 12:29:36.190 I/ThermalEngine(  290): sampling 1000
06-20 12:29:36.190 I/ThermalEngine(  290): sensor tsens_tz_sensor7
06-20 12:29:36.190 I/ThermalEngine(  290): thresholds 5000
06-20 12:29:36.190 I/ThermalEngine(  290): thresholds_clr 10000
06-20 12:29:36.190 I/ThermalEngine(  290): actions vdd_restriction
06-20 12:29:36.190 I/ThermalEngine(  290): action_info 1
06-20 12:29:36.190 I/ThermalEngine(  290): descending
06-20 12:29:36.190 I/ThermalEngine(  290): [VDD_RSTR_MONITOR-TSENS6]
06-20 12:29:36.190 I/ThermalEngine(  290): #algo_type monitor
06-20 12:29:36.190 I/ThermalEngine(  290): sampling 1000
06-20 12:29:36.190 I/ThermalEngine(  290): sensor tsens_tz_sensor6
06-20 12:29:36.190 I/ThermalEngine(  290): thresholds 5000
06-20 12:29:36.190 I/ThermalEngine(  290): thresholds_clr 10000
06-20 12:29:36.190 I/ThermalEngine(  290): actions vdd_restriction
06-20 12:29:36.190 I/ThermalEngine(  290): action_info 1
06-20 12:29:36.190 I/ThermalEngine(  290): descending
06-20 12:29:36.190 I/ThermalEngine(  290): [VDD_RSTR_MONITOR-TSENS5]
06-20 12:29:36.190 I/ThermalEngine(  290): #algo_type monitor
06-20 12:29:36.190 I/ThermalEngine(  290): sampling 1000
06-20 12:29:36.190 I/ThermalEngine(  290): sensor tsens_tz_sensor5
06-20 12:29:36.190 I/ThermalEngine(  290): thresholds 5000
06-20 12:29:36.190 I/ThermalEngine(  290): thresholds_clr 10000
06-20 12:29:36.190 I/ThermalEngine(  290): actions vdd_restriction
06-20 12:29:36.190 I/ThermalEngine(  290): action_info 1
06-20 12:29:36.190 I/ThermalEngine(  290): descending
06-20 12:29:36.190 I/ThermalEngine(  290): [VDD_RSTR_MONITOR-TSENS4]
06-20 12:29:36.190 I/ThermalEngine(  290): #algo_type monitor
06-20 12:29:36.190 I/ThermalEngine(  290): sampling 1000
06-20 12:29:36.190 I/ThermalEngine(  290): sensor tsens_tz_sensor4
06-20 12:29:36.190 I/ThermalEngine(  290): thresholds 5000
06-20 12:29:36.190 I/ThermalEngine(  290): thresholds_clr 10000
06-20 12:29:36.190 I/ThermalEngine(  290): actions vdd_restriction
06-20 12:29:36.190 I/ThermalEngine(  290): action_info 1
06-20 12:29:36.190 I/ThermalEngine(  290): descending
06-20 12:29:36.190 I/ThermalEngine(  290): [VDD_RSTR_MONITOR-TSENS3]
06-20 12:29:36.190 I/ThermalEngine(  290): #algo_type monitor
06-20 12:29:36.190 I/ThermalEngine(  290): sampling 1000
06-20 12:29:36.190 I/ThermalEngine(  290): sensor tsens_tz_sensor3
06-20 12:29:36.190 I/ThermalEngine(  290): thresholds 5000
06-20 12:29:36.190 I/ThermalEngine(  290): thresholds_clr 10000
06-20 12:29:36.190 I/ThermalEngine(  290): actions vdd_restriction
06-20 12:29:36.190 I/ThermalEngine(  290): action_info 1
06-20 12:29:36.190 I/ThermalEngine(  290): descending
06-20 12:29:36.190 I/ThermalEngine(  290): [VDD_RSTR_MONITOR-TSENS2]
06-20 12:29:36.190 I/ThermalEngine(  290): #algo_type monitor
06-20 12:29:36.190 I/ThermalEngine(  290): sampling 1000
06-20 12:29:36.190 I/ThermalEngine(  290): sensor tsens_tz_sensor2
06-20 12:29:36.190 I/ThermalEngine(  290): thresholds 5000
06-20 12:29:36.190 I/ThermalEngine(  290): thresholds_clr 10000
06-20 12:29:36.190 I/ThermalEngine(  290): actions vdd_restriction
06-20 12:29:36.190 I/ThermalEngine(  290): action_info 1
06-20 12:29:36.190 I/ThermalEngine(  290): descending
06-20 12:29:36.190 I/ThermalEngine(  290): [VDD_RSTR_MONITOR-TSENS1]
06-20 12:29:36.190 I/ThermalEngine(  290): #algo_type monitor
06-20 12:29:36.190 I/ThermalEngine(  290): sampling 1000
06-20 12:29:36.190 I/ThermalEngine(  290): sensor tsens_tz_sensor1
06-20 12:29:36.190 I/ThermalEngine(  290): thresholds 5000
06-20 12:29:36.190 I/ThermalEngine(  290): thresholds_clr 10000
06-20 12:29:36.190 I/ThermalEngine(  290): actions vdd_restriction
06-20 12:29:36.190 I/ThermalEngine(  290): action_info 1
06-20 12:29:36.190 I/ThermalEngine(  290): descending
06-20 12:29:36.190 I/ThermalEngine(  290): [VDD_RSTR_MONITOR-TSENS0]
06-20 12:29:36.190 I/ThermalEngine(  290): #algo_type monitor
06-20 12:29:36.190 I/ThermalEngine(  290): sampling 1000
06-20 12:29:36.190 I/ThermalEngine(  290): sensor tsens_tz_sensor0
06-20 12:29:36.190 I/ThermalEngine(  290): thresholds 5000
06-20 12:29:36.190 I/ThermalEngine(  290): thresholds_clr 10000
06-20 12:29:36.190 I/ThermalEngine(  290): actions vdd_restriction
06-20 12:29:36.190 I/ThermalEngine(  290): action_info 1
06-20 12:29:36.190 I/ThermalEngine(  290): descending
06-20 12:29:36.190 I/ThermalEngine(  290): [SS-POPMEM]
06-20 12:29:36.190 I/ThermalEngine(  290): #algo_type ss
06-20 12:29:36.190 I/ThermalEngine(  290): sampling 65
06-20 12:29:36.190 I/ThermalEngine(  290): sensor pop_mem
06-20 12:29:36.190 I/ThermalEngine(  290): device cpu
06-20 12:29:36.190 I/ThermalEngine(  290): set_point 80000
06-20 12:29:36.190 I/ThermalEngine(  290): set_point_clr 55000
06-20 12:29:36.190 I/ThermalEngine(  290): time_constant 16
06-20 12:29:36.190 I/ThermalEngine(  290): [SS-CPU3]
06-20 12:29:36.190 I/ThermalEngine(  290): #algo_type ss
06-20 12:29:36.190 I/ThermalEngine(  290): sampling 65
06-20 12:29:36.190 I/ThermalEngine(  290): sensor cpu3
06-20 12:29:36.190 I/ThermalEngine(  290): device cpu
06-20 12:29:36.190 I/ThermalEngine(  290): set_point 90000
06-20 12:29:36.190 I/ThermalEngine(  290): set_point_clr 55000
06-20 12:29:36.190 I/ThermalEngine(  290): time_constant 0
06-20 12:29:36.190 I/ThermalEngine(  290): [SS-CPU2]
06-20 12:29:36.190 I/ThermalEngine(  290): Sensor:tsens_tz_sensor8:50000 mC
06-20 12:29:36.190 I/ThermalEngine(  290): #algo_type ss
06-20 12:29:36.190 I/ThermalEngine(  290): sampling 65
06-20 12:29:36.190 I/ThermalEngine(  290): sensor cpu2
06-20 12:29:36.190 I/ThermalEngine(  290): device cpu
06-20 12:29:36.190 I/ThermalEngine(  290): set_point 90000
06-20 12:29:36.190 I/ThermalEngine(  290): set_point_clr 55000
06-20 12:29:36.190 I/ThermalEngine(  290): time_constant 0
06-20 12:29:36.190 I/ThermalEngine(  290): [SS-CPU1]
06-20 12:29:36.190 I/ThermalEngine(  290): Sensor:tsens_tz_sensor8:50000 mC
06-20 12:29:36.190 I/ThermalEngine(  290): Sensor:tsens_tz_sensor7:49000 mC
06-20 12:29:36.190 I/ThermalEngine(  290): #algo_type ss
06-20 12:29:36.190 I/ThermalEngine(  290): sampling 65
06-20 12:29:36.190 I/ThermalEngine(  290): sensor cpu1
06-20 12:29:36.190 I/ThermalEngine(  290): device cpu
06-20 12:29:36.190 I/ThermalEngine(  290): set_point 90000
06-20 12:29:36.190 I/ThermalEngine(  290): set_point_clr 55000
06-20 12:29:36.190 I/ThermalEngine(  290): time_constant 0
06-20 12:29:36.190 I/Netd    (  258): Netd 1.0 starting
06-20 12:29:36.190 I/NPS_MOBEX(  277): Feature_Init
06-20 12:29:36.200 I/ThermalEngine(  290): Sensor:tsens_tz_sensor7:49000 mC
06-20 12:29:36.200 I/ThermalEngine(  290): [SS-CPU0]
06-20 12:29:36.200 I/ThermalEngine(  290): #algo_type ss
06-20 12:29:36.200 I/ThermalEngine(  290): sampling 65
06-20 12:29:36.200 I/ThermalEngine(  290): sensor cpu0
06-20 12:29:36.200 I/ThermalEngine(  290): device cpu
06-20 12:29:36.200 I/ThermalEngine(  290): set_point 90000
06-20 12:29:36.200 I/ThermalEngine(  290): set_point_clr 55000
06-20 12:29:36.200 I/ThermalEngine(  290): time_constant 0
06-20 12:29:36.200 I/ThermalEngine(  290): Sensor:tsens_tz_sensor6:51000 mC
06-20 12:29:36.200 I/ThermalEngine(  290): Sensor:tsens_tz_sensor3:42000 mC
06-20 12:29:36.200 I/ThermalEngine(  290): Sensor:tsens_tz_sensor6:51000 mC
06-20 12:29:36.200 I/ThermalEngine(  290): Sensor:tsens_tz_sensor5:50000 mC
06-20 12:29:36.200 I/ThermalEngine(  290): Sensor:tsens_tz_sensor3:42000 mC
06-20 12:29:36.200 I/ThermalEngine(  290): [SPEAKER-CAL]
06-20 12:29:36.200 I/ThermalEngine(  290): sampling 30000 30000 10 1800000
06-20 12:29:36.200 I/ThermalEngine(  290): sensor pm8941_tz
06-20 12:29:36.200 I/ThermalEngine(  290): sensors tsens_tz_sensor1 tsens_tz_sensor2 tsens_tz_sensor3 tsens_tz_sensor4 tsens_tz_sensor7 tsens_tz_sensor8 tsens_tz_sensor9 tsens_tz_sensor10
06-20 12:29:36.200 I/ThermalEngine(  290): temp_range 6000 10000 2000
06-20 12:29:36.200 I/ThermalEngine(  290): max_temp 45000
06-20 12:29:36.200 I/ThermalEngine(  290): offset -4000
06-20 12:29:36.200 I/ThermalEngine(  290): Sensor:tsens_tz_sensor8:51000 mC
06-20 12:29:36.200 I/ThermalEngine(  290): Sensor:tsens_tz_sensor5:50000 mC
06-20 12:29:36.200 I/ThermalEngine(  290): Sensor:pm8841_tz:37000 mC
06-20 12:29:36.200 I/ThermalEngine(  290): Sensor:tsens_tz_sensor7:49000 mC
06-20 12:29:36.200 W/InterfaceController(  258): Warning (dlopen failed: library "/system/lib/libnetcmdiface.so" not found) while opening the net interface command library
06-20 12:29:36.200 I/ThermalEngine(  290): Sensor:tsens_tz_sensor6:51000 mC
06-20 12:29:36.200 I/ThermalEngine(  290): Sensor:pm8841_tz:37000 mC
06-20 12:29:36.200 I/ThermalEngine(  290): Sensor:tsens_tz_sensor5:50000 mC
06-20 12:29:36.200 I/ThermalEngine(  290): Sensor:tsens_tz_sensor10:41000 mC
06-20 12:29:36.200 I/ThermalEngine(  290): Sensor:tsens_tz_sensor9:43000 mC
06-20 12:29:36.200 I/ThermalEngine(  290): Sensor:tsens_tz_sensor10:41000 mC
06-20 12:29:36.200 I/ThermalEngine(  290): Sensor:tsens_tz_sensor9:43000 mC
06-20 12:29:36.200 I/ThermalEngine(  290): Sensor:tsens_tz_sensor8:51000 mC
06-20 12:29:36.200 I/ThermalEngine(  290): Sensor:tsens_tz_sensor7:49000 mC
06-20 12:29:36.200 I/ThermalEngine(  290): Sensor:tsens_tz_sensor6:51000 mC
06-20 12:29:36.200 I/ThermalEngine(  290): Sensor:tsens_tz_sensor5:50000 mC
06-20 12:29:36.200 I/ThermalEngine(  290): Sensor:tsens_tz_sensor4:46000 mC
06-20 12:29:36.200 I/ThermalEngine(  290): Sensor:tsens_tz_sensor4:46000 mC
06-20 12:29:36.200 I/ThermalEngine(  290): Sensor:tsens_tz_sensor3:42000 mC
06-20 12:29:36.200 I/ThermalEngine(  290): Sensor:tsens_tz_sensor2:41000 mC
06-20 12:29:36.200 I/ThermalEngine(  290): Sensor:tsens_tz_sensor1:44000 mC
06-20 12:29:36.200 I/ThermalEngine(  290): Sensor:tsens_tz_sensor2:41000 mC
06-20 12:29:36.200 I/ThermalEngine(  290): Sensor:tsens_tz_sensor0:46000 mC
06-20 12:29:36.200 I/ThermalEngine(  290): Sensor:tsens_tz_sensor1:44000 mC
06-20 12:29:36.200 I/ThermalEngine(  290): Sensor:tsens_tz_sensor10:41000 mC
06-20 12:29:36.200 I/ThermalEngine(  290): Sensor:tsens_tz_sensor0:46000 mC
06-20 12:29:36.200 I/ThermalEngine(  290): Sensor:tsens_tz_sensor9:43000 mC
06-20 12:29:36.200 I/ThermalEngine(  290): Sensor:tsens_tz_sensor8:51000 mC
06-20 12:29:36.200 I/ThermalEngine(  290): Sensor:tsens_tz_sensor7:49000 mC
06-20 12:29:36.200 I/ThermalEngine(  290): Sensor:tsens_tz_sensor6:51000 mC
06-20 12:29:36.200 I/ThermalEngine(  290): Sensor:tsens_tz_sensor5:50000 mC
06-20 12:29:36.200 I/ThermalEngine(  290): Sensor:tsens_tz_sensor4:46000 mC
06-20 12:29:36.200 I/ThermalEngine(  290): Sensor:tsens_tz_sensor3:42000 mC
06-20 12:29:36.200 I/ThermalEngine(  290): Sensor:tsens_tz_sensor2:41000 mC
06-20 12:29:36.200 I/ThermalEngine(  290): Sensor:tsens_tz_sensor1:44000 mC
06-20 12:29:36.200 I/ThermalEngine(  290): Sensor:tsens_tz_sensor0:46000 mC
06-20 12:29:36.200 I/ThermalEngine(  290): vdd_restrict_qmi_request: MODEM req level(0) is recorded and waiting for completing QMI registration
06-20 12:29:36.200 I/ThermalEngine(  290): vdd_restrict_qmi_request: ADSP req level(0) is recorded and waiting for completing QMI registration
06-20 12:29:36.200 I/ThermalEngine(  290): hotplug_ktm_disable_cb: write out 0
06-20 12:29:36.220 I/SurfaceFlinger(  267): SurfaceFlinger is starting
06-20 12:29:36.220 I/SurfaceFlinger(  267): SurfaceFlinger's main thread ready to run. Initializing graphics H/W...
06-20 12:29:36.230 I/keystore(  275): started...
06-20 12:29:36.230 I/keystore(  275): data mounted...
06-20 12:29:36.230 W/linker  (  276): libgnustl_shared.so has text relocations. This is wasting memory and is a security risk. Please fix.
06-20 12:29:36.280 D/libEGL  (  267): loaded /vendor/lib/egl/libEGL_adreno.so
06-20 12:29:36.300 D/libEGL  (  267): loaded /vendor/lib/egl/libGLESv1_CM_adreno.so
06-20 12:29:36.350 D/libEGL  (  267): loaded /vendor/lib/egl/libGLESv2_adreno.so
06-20 12:29:36.400 I/Adreno-EGL(  267): <qeglDrvAPI_eglInitialize:410>: EGL 1.4 QUALCOMM build:  ()
06-20 12:29:36.400 I/Adreno-EGL(  267): OpenGL ES Shader Compiler Version: E031.24.00.07
06-20 12:29:36.400 I/Adreno-EGL(  267): Build Date: 01/22/14 Wed
06-20 12:29:36.400 I/Adreno-EGL(  267): Local Branch: base_au149_adreno_au169_patches
06-20 12:29:36.400 I/Adreno-EGL(  267): Remote Branch: 
06-20 12:29:36.400 I/Adreno-EGL(  267): Local Patches: 
06-20 12:29:36.400 I/Adreno-EGL(  267): Reconstruct Branch: 
06-20 12:29:36.410 I/SecExternalDisplay(  292): SecExternalDisplayService Service start!
06-20 12:29:36.420 E/Diag_Lib(  296): [IMS_QMID] |imsqmiserver.c | 510 | QMID#$$#0#QMI DAEMON PROPERTY SET SUCCESS
06-20 12:29:36.420 E/Diag_Lib(  296): [IMS_QMID] |imsqmiserver.c | 521 | QMID#$$#0#QMID STARTED HEAR BEAT
06-20 12:29:36.420 E/Diag_Lib(  296): [IMS_QMID] |imsqmiserver.c | 534 | QMID#$$#0#QMID STARTED RECOVERY SIGNAL HANDLERS
06-20 12:29:36.420 E/Diag_Lib(  296): [IMS_QMID] |imsqmiserver.c | 555 | ims-qmi-daemon blocking on select max_fd:9
06-20 12:29:36.420 I/JAM     (  272): JackService is created
06-20 12:29:36.420 I/main_jackservice(  272): JackService is starting now
06-20 12:29:36.430 D/QSEECOMD: (  331): QSEECOM DAEMON RUNNING 
06-20 12:29:36.450 I/main_androidshmservice(  417): AndroidShmService is starting now
06-20 12:29:36.460 I/main_APAservice(  271): APA Service is starting now
06-20 12:29:36.470 W/linker  (  270): libarccamera.so has text relocations. This is wasting memory and is a security risk. Please fix.
06-20 12:29:36.490 I/keystore(  275): MDPP ready...
06-20 12:29:36.610 W/linker  (  270): libdmcFaceEngine.so has text relocations. This is wasting memory and is a security risk. Please fix.
06-20 12:29:36.660 W/linker  (  270): libarcsoft_panorama_burstcapture.so has text relocations. This is wasting memory and is a security risk. Please fix.
06-20 12:29:36.670 W/linker  (  270): libsupershot.so has text relocations. This is wasting memory and is a security risk. Please fix.
06-20 12:29:36.680 W/linker  (  270): libarcsoft_skin_soften.so has text relocations. This is wasting memory and is a security risk. Please fix.
06-20 12:29:36.700 I/NPS_MOBEX(  277): task Start
06-20 12:29:36.700 I/NPS_MOBEX(  277): wscMessageGet msgid:4097
06-20 12:29:36.700 I/NPS_MOBEX(  277): wscSerialOverMTPServiceStartThread
06-20 12:29:36.700 I/NPS_MOBEX(  277): wscSerialOverMTPServiceThread
06-20 12:29:36.700 I/NPS_MOBEX(  277): wscSerialOverMTPServiceStart
06-20 12:29:36.700 I/NPS_MOBEX(  277): wifi_wscDataServiceStart
06-20 12:29:36.700 I/NPS_MOBEX(  277): wscSerialOverMTPServiceConnect
06-20 12:29:36.700 I/NPS_MOBEX(  277): wifi Create server_sockid: 9
06-20 12:29:36.700 I/NPS_MOBEX(  277): wscSerialOverMTPServiceConnect START
06-20 12:29:36.700 I/NPS_MOBEX(  277): wscSerialOverMTPServiceConnect accept
06-20 12:29:36.700 I/NPS_MOBEX(  277): wifi_wscDataServiceConnect
06-20 12:29:36.700 I/NPS_MOBEX(  277): wifi_wscDataServiceConnect START
06-20 12:29:36.700 D/WVMDrmPlugIn(  269): WVMDrmPlugin::onGetSupportInfo : 0
06-20 12:29:36.770 E/mm-camera(  285): server_process_module_init:59, int mods
06-20 12:29:36.770 E/mm-camera-sensor(  285): module_sensor_init:4449 Enter
06-20 12:29:36.770 E/mm-camera-sensor(  285): sensor_init_probe:300 Done enumerating media entities
06-20 12:29:36.770 E/mm-camera-sensor(  285): sensor_init_probe:277 Done enumerating media devices
06-20 12:29:36.780 E/mm-camera-sensor(  285): [mm]read_EEPROM_header_version:469 EEPROM HEADER: core_version(0x44) resolution(0x31 0x33) isp(0x51) sensor_maker(0x53)
06-20 12:29:36.780 E/mm-camera-sensor(  285): [mm]read_EEPROM_header_version:471 EEPROM HEADER: year(0x47) month(0x46) iter(0x30 0x31)
06-20 12:29:36.780 E/mm-camera-sensor(  285): [mm]read_EEPROM_header_version:477 [FW_DBG] EEPROM HEADER: D 13 Q S G F 01 O A
06-20 12:29:36.780 E/mm-camera-sensor(  285): read_eeprom:117 eeprom header version : sensor maker : 0x53
06-20 12:29:36.780 E/mm-camera-sensor(  285): read_eeprom:130 firmware sensor name imx135
06-20 12:29:36.780 E/mm-camera-sensor(  285): read_eeprom:143 version_xml_name D13QS_imx135
06-20 12:29:36.780 E/mm-camera-sensor(  285): [mm]check_version:626 firmware version file system/etc/D13QS_imx135_module_info.xml
06-20 12:29:36.780 E/mm-camera-sensor(  285): parse_module_xml:148 freeing doc
06-20 12:29:36.780 E/mm-camera-sensor(  285): [mm]check_version:649 FIRMWARE: core_version(0x44) resolution(0x31 0x33) isp(0x51) sensor_maker(0x53)
06-20 12:29:36.780 E/mm-camera-sensor(  285): [mm]check_version:652 EEPROM:   core_version(0x44) resolution(0x31 0x33) isp(0x51) sensor_maker(0x53)
06-20 12:29:36.780 E/mm-camera-sensor(  285): [mm]check_version:658 [FW_DBG] FIRMWARE: D 13 Q S G I 01 O A
06-20 12:29:36.780 E/mm-camera-sensor(  285): [mm]check_version:663 [FW_DBG] EEPROM:   D 13 Q S G F 01 O A
06-20 12:29:36.780 E/mm-camera-sensor(  285): [mm]check_version:674 EEPROM has the same sensor module with firmware
06-20 12:29:36.780 E/mm-camera-sensor(  285): [mm]check_version:678 FIRMWARE: year(0x47) month(0x49) iter(0x30 0x31)
06-20 12:29:36.780 E/mm-camera-sensor(  285): [mm]check_version:680 EEPROM:   year(0x47) month(0x46) iter(0x30 0x31)
06-20 12:29:36.780 E/mm-camera-sensor(  285): [mm]read_eeprom_sensor_lib_info:763 firmware version file system/etc/D13QS_imx135_module_info.xml
06-20 12:29:36.780 E/mm-camera-sensor(  285): parse_module_xml:148 freeing doc
06-20 12:29:36.780 E/mm-camera-sensor(  285): [mm]read_eeprom_sensor_lib_info:778 [FW_DBG] PHONE cl_number : 1643175
06-20 12:29:36.780 E/mm-camera-sensor(  285): [mm]write_sysfs_firmware_version:725 [FW_DBG][/sys/class/camera/rear/rear_camfw] D13QSGF01OA D13QSGI01OA
06-20 12:29:36.780 E/mm-camera-sensor(  285): 
06-20 12:29:36.790 E/mm-camera-sensor(  285): [mm]read_eeprom_sensor_lib_info:804 check F/W header size : -1
06-20 12:29:36.790 E/mm-camera-sensor(  285): [mm]read_eeprom_sensor_lib_info:806 check F/W header size : -1 is not matched!
06-20 12:29:36.790 E/mm-camera-sensor(  285): sensor_init_probe:394 Load the sensor module from file system = 0, imx135
06-20 12:29:36.790 E/mm-camera-sensor(  285): sensor_probe:171 LOAD from Phone
06-20 12:29:36.790 E/mm-camera-sensor(  285): sensor_load_library:75 imx135 : load from phone
06-20 12:29:36.790 E/mm-camera-sensor(  285): sensor_probe:201 subdev name v4l-subdev16
06-20 12:29:36.790 E/mm-camera-sensor(  285): sensor_probe:203 
06-20 12:29:36.790 E/mm-camera-sensor(  285): sensor_probe:205 
06-20 12:29:36.790 E/mm-camera-sensor(  285): sensor_probe:208 
06-20 12:29:36.790 E/mm-camera-sensor(  285): sensor_probe:215 
06-20 12:29:36.790 E/mm-camera-sensor(  285): sensor_probe:217 sensor_lib_params.sensor_lib_ptr->eeprom_name fidelix
06-20 12:29:36.790 E/mm-camera-sensor(  285): sensor_init_probe:407 , hw version info D13QS
06-20 12:29:36.790 E/mm-camera-sensor(  285): sensor_init_probe:421 subdev name fidelix
06-20 12:29:36.790 E/mm-camera-sensor(  285): module_sensor_create_sbundle:4025 sensor_bundle->eeprom_lib_name fidelix
06-20 12:29:36.790 E/mm-camera-sensor(  285): [mm]get_load_firmware_version:737 [FW_DBG] loading from phone: D13QSGI01OA
06-20 12:29:36.790 E/mm-camera-sensor(  285): [mm]write_sysfs_firmware_version:725 [FW_DBG][/sys/class/camera/rear/rear_camfw_load] D13QSGI01OA
06-20 12:29:36.790 E/mm-camera-sensor(  285): sensor_init_probe:394 Load the sensor module from file system = 1, s5k6b2yx
06-20 12:29:36.790 E/mm-camera-sensor(  285): sensor_probe:171 LOAD from Phone
06-20 12:29:36.790 E/mm-camera-sensor(  285): sensor_load_library:75 s5k6b2yx : load from phone
06-20 12:29:36.790 E/mm-camera-sensor(  285): sensor_probe:201 subdev name v4l-subdev17
06-20 12:29:36.790 E/mm-camera-sensor(  285): sensor_probe:203 
06-20 12:29:36.790 E/mm-camera-sensor(  285): sensor_probe:205 
06-20 12:29:36.790 E/mm-camera-sensor(  285): sensor_probe:208 
06-20 12:29:36.790 E/mm-camera-sensor(  285): sensor_probe:215 
06-20 12:29:36.790 E/mm-camera-sensor(  285): sensor_probe:217 sensor_lib_params.sensor_lib_ptr->eeprom_name (null)
06-20 12:29:36.790 E/mm-camera-sensor(  285): sensor_init_probe:421 subdev name 
06-20 12:29:36.790 E/mm-camera-sensor(  285): module_sensor_create_sbundle:4025 sensor_bundle->eeprom_lib_name 
06-20 12:29:36.790 E/mm-camera-sensor(  285): sensor_util_match_eeprom_lib_name:372 s_bundle->eeprom_lib_name fidelix eeprom_name fidelix
06-20 12:29:36.790 E/mm-camera-sensor(  285): sensor_util_match_eeprom_lib_name:378 match
06-20 12:29:36.790 E/mm-camera-sensor(  285): module_sensor_find_other_subdev:4316 eeprom lib name fidelix
06-20 12:29:36.790 E/mm-camera-sensor(  285): sensor_load_library:75 imx135 : load from phone
06-20 12:29:36.800 E/mm-camera-sensor(  285): sensor_load_library:75 s5k6b2yx : load from phone
06-20 12:29:36.800 E/mm-camera(  285): isp_util_gen_hws_caps: integrating kernel vfe is pending
06-20 12:29:36.810 E/mm-camera(  285): isp_resource_mgr_init: IN num_isps = 2
06-20 12:29:36.810 E/mm-camera(  285): isp_set_info: num_isps = 2 
06-20 12:29:36.810 E/mm-camera(  285): cpp_module_init:49 name=cpp
06-20 12:29:36.820 E/mm-camera(  285): cpp_hardware_load_firmware:359, cpphw->hwinfo.version = 0x10010000
06-20 12:29:36.890 W/linker  (  270): lib_SoundAlive_ver118n.so has text relocations. This is wasting memory and is a security risk. Please fix.
06-20 12:29:36.900 W/linker  (  270): lib_SoundAlive_SpectrumView.so has text relocations. This is wasting memory and is a security risk. Please fix.
06-20 12:29:36.900 W/linker  (  270): lib_Samsung_Resampler.so has text relocations. This is wasting memory and is a security risk. Please fix.
06-20 12:29:36.930 D/AndroidRuntime(  268): 
06-20 12:29:36.930 D/AndroidRuntime(  268): >>>>>> AndroidRuntime START com.android.internal.os.ZygoteInit <<<<<<
06-20 12:29:36.930 D/AndroidRuntime(  268): CheckJNI is OFF
06-20 12:29:36.980 I/mediaserver(  270): ServiceManager: 0xb78c45f0
06-20 12:29:36.980 I/AudioFlinger(  270): Using default 3000 mSec as standby time.
06-20 12:29:36.980 V/MediaPlayerService(  270): MediaPlayerService created
06-20 12:29:36.980 E/MediaPlayerFactory(  270): calling dlopen on FACTORY_LIB
06-20 12:29:36.990 E/MediaPlayerFactory(  270): calling dlsym on pFactoryLib for FACTORY_CREATE_FN 
06-20 12:29:36.990 E/MediaPlayerFactory(  270): registering DASH Player factory...
06-20 12:29:37.020 E/mm-camera(  285): cpp_module_init:90: info: CPP module_init successful
06-20 12:29:37.020 E/mm-camera(  285): c2d_module_init:28 name=c2d
06-20 12:29:37.020 E/mm-camera(  285): c2d_port_create:17: Enter: name=c2d-src, dir=1
06-20 12:29:37.020 E/mm-camera(  285): c2d_port_create:17: Enter: name=c2d-src, dir=1
06-20 12:29:37.020 E/mm-camera(  285): c2d_port_create:17: Enter: name=c2d-sink, dir=2
06-20 12:29:37.020 E/mm-camera(  285): c2d_port_create:17: Enter: name=c2d-sink, dir=2
06-20 12:29:37.020 E/mm-camera(  285): c2d_module_init:61: info: C2D module_init successful
06-20 12:29:37.020 E/mm-camera(  285): module_cac_init:974] 
06-20 12:29:37.020 E/mm-camera(  285): module_cac_init:994] 
06-20 12:29:37.020 E/mm-camera-img(  285): img_core_get_comp:37] role 3 name qcom.cac
06-20 12:29:37.020 E/mm-camera-img(  285): img_core_get_comp:42] comp_index[0] role 1 name qcom.hdr
06-20 12:29:37.020 E/mm-camera-img(  285): img_core_get_comp:42] comp_index[1] role 2 name qcom.faceproc
06-20 12:29:37.020 E/mm-camera-img(  285): img_core_get_comp:42] comp_index[2] role 3 name qcom.cac
06-20 12:29:37.020 E/mm-camera-img(  285): img_core_get_comp:47] find component role 3 name qcom.cac
06-20 12:29:37.160 E/mm-camera-img(  285): cac_comp_load:695] CAC library loaded successfully
06-20 12:29:37.160 E/mm-camera(  285): module_cac_init:1010] 
06-20 12:29:37.160 E/mm-camera(  285): module_cac_create_port:771 portname cac_d2_i0
06-20 12:29:37.160 E/mm-camera(  285): module_cac_create_port:797 
06-20 12:29:37.160 E/mm-camera(  285): module_cac_create_port:771 portname cac_d1_i0
06-20 12:29:37.160 E/mm-camera(  285): module_cac_create_port:797 
06-20 12:29:37.160 E/mm-camera(  285): module_cac_create_port:771 portname cac_d2_i2
06-20 12:29:37.160 E/mm-camera(  285): module_cac_create_port:797 
06-20 12:29:37.160 E/mm-camera(  285): module_cac_create_port:771 portname cac_d1_i2
06-20 12:29:37.160 E/mm-camera(  285): module_cac_create_port:797 
06-20 12:29:37.160 E/mm-camera(  285): module_cac_create_port:771 portname cac_d2_i4
06-20 12:29:37.160 E/mm-camera(  285): module_cac_create_port:797 
06-20 12:29:37.160 E/mm-camera(  285): module_cac_create_port:771 portname cac_d1_i4
06-20 12:29:37.160 E/mm-camera(  285): module_cac_create_port:797 
06-20 12:29:37.160 E/mm-camera(  285): module_cac_create_port:771 portname cac_d2_i6
06-20 12:29:37.160 E/mm-camera(  285): module_cac_create_port:797 
06-20 12:29:37.160 E/mm-camera(  285): module_cac_create_port:771 portname cac_d1_i6
06-20 12:29:37.160 E/mm-camera(  285): module_cac_create_port:797 
06-20 12:29:37.160 E/mm-camera(  285): module_cac_create_port:771 portname cac_d2_i8
06-20 12:29:37.160 E/mm-camera(  285): module_cac_create_port:797 
06-20 12:29:37.160 E/mm-camera(  285): module_cac_create_port:771 portname cac_d1_i8
06-20 12:29:37.160 E/mm-camera(  285): module_cac_create_port:797 
06-20 12:29:37.160 E/mm-camera(  285): module_cac_init:1027] 0xb7f65878
06-20 12:29:37.160 E/mm-camera(  285): module_faceproc_init:1536] 
06-20 12:29:37.160 E/mm-camera(  285): module_faceproc_init:1555] 
06-20 12:29:37.160 E/mm-camera-img(  285): img_core_get_comp:37] role 2 name qcom.faceproc
06-20 12:29:37.160 E/mm-camera-img(  285): img_core_get_comp:42] comp_index[0] role 1 name qcom.hdr
06-20 12:29:37.160 E/mm-camera-img(  285): img_core_get_comp:42] comp_index[1] role 2 name qcom.faceproc
06-20 12:29:37.160 E/mm-camera-img(  285): img_core_get_comp:47] find component role 2 name qcom.faceproc
06-20 12:29:37.160 W/linker  (  285): libmmcamera_faceproc.so has text relocations. This is wasting memory and is a security risk. Please fix.
06-20 12:29:37.160 E/mm-camera(  285): module_faceproc_init:1571] 
06-20 12:29:37.160 E/mm-camera(  285): module_faceproc_create_port:1424 portname faceproc_d2_i0
06-20 12:29:37.160 E/mm-camera(  285): module_faceproc_create_port:1452 
06-20 12:29:37.160 E/mm-camera(  285): module_faceproc_init:1590] 
06-20 12:29:37.260 W/qdcopybit(  267): open_copybit i = 0 surface_id=-1202409084
06-20 12:29:37.260 W/qdcopybit(  267): open_copybit i = 1 surface_id=-1202408792
06-20 12:29:37.260 W/qdcopybit(  267): open_copybit i = 2 surface_id=-1202408500
06-20 12:29:37.260 W/qdcopybit(  267): open_copybit i = 3 surface_id=-1202408208
06-20 12:29:37.260 W/qdcopybit(  267): open_copybit i = 4 surface_id=-1202407916
06-20 12:29:37.260 W/qdcopybit(  267): open_copybit i = 5 surface_id=-1202407624
06-20 12:29:37.260 W/qdcopybit(  267): open_copybit i = 6 surface_id=-1202407332
06-20 12:29:37.260 W/qdcopybit(  267): open_copybit i = 7 surface_id=-1202407040
06-20 12:29:37.260 W/qdcopybit(  267): open_copybit i = 8 surface_id=-1202406748
06-20 12:29:37.260 W/qdcopybit(  267): open_copybit i = 9 surface_id=-1202406456
06-20 12:29:37.260 W/qdcopybit(  267): open_copybit i = 10 surface_id=-1202406164
06-20 12:29:37.260 W/qdcopybit(  267): open_copybit i = 11 surface_id=-1202405872
06-20 12:29:37.260 W/qdcopybit(  267): open_copybit i = 12 surface_id=-1202405580
06-20 12:29:37.260 W/qdcopybit(  267): open_copybit i = 13 surface_id=-1202405288
06-20 12:29:37.260 W/qdcopybit(  267): open_copybit i = 14 surface_id=-1202404996
06-20 12:29:37.260 W/qdcopybit(  267): open_copybit i = 15 surface_id=-1202404704
06-20 12:29:37.260 W/qdcopybit(  267): open_copybit i = 16 surface_id=-1202404412
06-20 12:29:37.260 W/qdcopybit(  267): open_copybit i = 17 surface_id=-1202404120
06-20 12:29:37.260 W/qdcopybit(  267): open_copybit i = 18 surface_id=-1202403828
06-20 12:29:37.260 W/qdcopybit(  267): open_copybit i = 19 surface_id=-1202403328
06-20 12:29:37.260 W/qdcopybit(  267): open_copybit i = 20 surface_id=-1202403032
06-20 12:29:37.260 W/qdcopybit(  267): open_copybit i = 21 surface_id=-1202402736
06-20 12:29:37.260 W/qdcopybit(  267): open_copybit i = 22 surface_id=-1202402440
06-20 12:29:37.260 W/qdcopybit(  267): open_copybit i = 23 surface_id=-1202402144
06-20 12:29:37.260 W/qdcopybit(  267): open_copybit i = 24 surface_id=-1202401848
06-20 12:29:37.260 W/qdcopybit(  267): open_copybit i = 25 surface_id=-1202401552
06-20 12:29:37.260 W/qdcopybit(  267): open_copybit i = 26 surface_id=-1202401256
06-20 12:29:37.260 W/qdcopybit(  267): open_copybit i = 27 surface_id=-1202400960
06-20 12:29:37.260 W/qdcopybit(  267): open_copybit i = 28 surface_id=-1202400664
06-20 12:29:37.260 W/qdcopybit(  267): open_copybit i = 29 surface_id=-1202400368
06-20 12:29:37.260 W/qdcopybit(  267): open_copybit i = 30 surface_id=-1202400072
06-20 12:29:37.260 W/qdcopybit(  267): open_copybit i = 31 surface_id=-1202399776
06-20 12:29:37.260 W/qdcopybit(  267): open_copybit: 2 Plane YUV i=0 surface_id=-1202399184
06-20 12:29:37.260 W/qdcopybit(  267): open_copybit: 2 Plane YUV i=1 surface_id=-1202398888
06-20 12:29:37.260 W/qdcopybit(  267): open_copybit: 2 Plane YUV i=2 surface_id=-1202398592
06-20 12:29:37.260 W/qdcopybit(  267): open_copybit: 2 Plane YUV i=3 surface_id=-1202398296
06-20 12:29:37.260 W/qdcopybit(  267): open_copybit: 3 Plane YUV i=0 surface_id=-1202397704
06-20 12:29:37.260 I/qdhwcomposer(  267): Initializing Qualcomm Hardware Composer
06-20 12:29:37.260 I/qdhwcomposer(  267): MDP version: 500
